Component: ARM Compiler 5.06 update 5 (build 528) Tool: armlink [4d35e2]

==============================================================================

Section Cross References

    startup_stm32h750xx.o(RESET) refers to startup_stm32h750xx.o(STACK) for __initial_sp
    startup_stm32h750xx.o(RESET) refers to startup_stm32h750xx.o(.text) for Reset_Handler
    startup_stm32h750xx.o(RESET) refers to stm32h7xx_it.o(i.NMI_Handler) for NMI_Handler
    startup_stm32h750xx.o(RESET) refers to stm32h7xx_it.o(i.HardFault_Handler) for HardFault_Handler
    startup_stm32h750xx.o(RESET) refers to stm32h7xx_it.o(i.MemManage_Handler) for MemManage_Handler
    startup_stm32h750xx.o(RESET) refers to stm32h7xx_it.o(i.BusFault_Handler) for BusFault_Handler
    startup_stm32h750xx.o(RESET) refers to stm32h7xx_it.o(i.UsageFault_Handler) for UsageFault_Handler
    startup_stm32h750xx.o(RESET) refers to port.o(.emb_text) for SVC_Handler
    startup_stm32h750xx.o(RESET) refers to stm32h7xx_it.o(i.DebugMon_Handler) for DebugMon_Handler
    startup_stm32h750xx.o(RESET) refers to port.o(i.SysTick_Handler) for SysTick_Handler
    startup_stm32h750xx.o(RESET) refers to stm32h7xx_it.o(i.DMA1_Stream0_IRQHandler) for DMA1_Stream0_IRQHandler
    startup_stm32h750xx.o(RESET) refers to stm32h7xx_it.o(i.TIM2_IRQHandler) for TIM2_IRQHandler
    startup_stm32h750xx.o(RESET) refers to stm32h7xx_it.o(i.OTG_FS_IRQHandler) for OTG_FS_IRQHandler
    startup_stm32h750xx.o(.text) refers to system_stm32h7xx.o(i.SystemInit) for SystemInit
    startup_stm32h750xx.o(.text) refers to entry.o(.ARM.Collect$$$$00000000) for __main
    main.o(i.HAL_TIM_PeriodElapsedCallback) refers to stm32h7xx_hal.o(i.HAL_IncTick) for HAL_IncTick
    main.o(i.SystemClock_Config) refers to memseta.o(.text) for __aeabi_memclr4
    main.o(i.SystemClock_Config) refers to stm32h7xx_hal_pwr_ex.o(i.HAL_PWREx_ConfigSupply) for HAL_PWREx_ConfigSupply
    main.o(i.SystemClock_Config) refers to stm32h7xx_hal_rcc.o(i.HAL_RCC_OscConfig) for HAL_RCC_OscConfig
    main.o(i.SystemClock_Config) refers to stm32h7xx_hal_rcc.o(i.HAL_RCC_ClockConfig) for HAL_RCC_ClockConfig
    main.o(i.main) refers to stm32h7xx_hal.o(i.HAL_Init) for HAL_Init
    main.o(i.main) refers to main.o(i.SystemClock_Config) for SystemClock_Config
    main.o(i.main) refers to gpio.o(i.MX_GPIO_Init) for MX_GPIO_Init
    main.o(i.main) refers to dma.o(i.MX_DMA_Init) for MX_DMA_Init
    main.o(i.main) refers to fdcan.o(i.MX_FDCAN1_Init) for MX_FDCAN1_Init
    main.o(i.main) refers to hrtim.o(i.MX_HRTIM_Init) for MX_HRTIM_Init
    main.o(i.main) refers to i2c.o(i.MX_I2C1_Init) for MX_I2C1_Init
    main.o(i.main) refers to tim.o(i.MX_TIM1_Init) for MX_TIM1_Init
    main.o(i.main) refers to usart.o(i.MX_USART1_UART_Init) for MX_USART1_UART_Init
    main.o(i.main) refers to adc.o(i.MX_ADC1_Init) for MX_ADC1_Init
    main.o(i.main) refers to i2c.o(i.MX_I2C4_Init) for MX_I2C4_Init
    main.o(i.main) refers to freertos.o(i.MX_FREERTOS_Init) for MX_FREERTOS_Init
    main.o(i.main) refers to cmsis_os.o(i.osKernelStart) for osKernelStart
    freertos.o(i.MX_FREERTOS_Init) refers to cmsis_os.o(i.osThreadCreate) for osThreadCreate
    freertos.o(i.MX_FREERTOS_Init) refers to freertos.o(.constdata) for .constdata
    freertos.o(i.MX_FREERTOS_Init) refers to freertos.o(.data) for .data
    freertos.o(i.StartDefaultTask) refers to usb_device.o(i.MX_USB_DEVICE_Init) for MX_USB_DEVICE_Init
    freertos.o(i.StartDefaultTask) refers to cmsis_os.o(i.osDelay) for osDelay
    freertos.o(i.vApplicationGetIdleTaskMemory) refers to freertos.o(.bss) for .bss
    freertos.o(.constdata) refers to freertos.o(.conststring) for .conststring
    freertos.o(.constdata) refers to freertos.o(i.StartDefaultTask) for StartDefaultTask
    adc.o(i.HAL_ADC_MspDeInit) refers to stm32h7xx_hal_gpio.o(i.HAL_GPIO_DeInit) for HAL_GPIO_DeInit
    adc.o(i.HAL_ADC_MspDeInit) refers to stm32h7xx_hal_dma.o(i.HAL_DMA_DeInit) for HAL_DMA_DeInit
    adc.o(i.HAL_ADC_MspInit) refers to memseta.o(.text) for __aeabi_memclr4
    adc.o(i.HAL_ADC_MspInit) refers to stm32h7xx_hal_rcc_ex.o(i.HAL_RCCEx_PeriphCLKConfig) for HAL_RCCEx_PeriphCLKConfig
    adc.o(i.HAL_ADC_MspInit) refers to main.o(i.Error_Handler) for Error_Handler
    adc.o(i.HAL_ADC_MspInit) refers to stm32h7xx_hal_gpio.o(i.HAL_GPIO_Init) for HAL_GPIO_Init
    adc.o(i.HAL_ADC_MspInit) refers to stm32h7xx_hal_dma.o(i.HAL_DMA_Init) for HAL_DMA_Init
    adc.o(i.HAL_ADC_MspInit) refers to adc.o(.bss) for .bss
    adc.o(i.MX_ADC1_Init) refers to stm32h7xx_hal_adc.o(i.HAL_ADC_Init) for HAL_ADC_Init
    adc.o(i.MX_ADC1_Init) refers to main.o(i.Error_Handler) for Error_Handler
    adc.o(i.MX_ADC1_Init) refers to stm32h7xx_hal_adc_ex.o(i.HAL_ADCEx_MultiModeConfigChannel) for HAL_ADCEx_MultiModeConfigChannel
    adc.o(i.MX_ADC1_Init) refers to stm32h7xx_hal_adc.o(i.HAL_ADC_ConfigChannel) for HAL_ADC_ConfigChannel
    adc.o(i.MX_ADC1_Init) refers to adc.o(.bss) for .bss
[...]
    _printf_charcount                        0x00000000   Number         0  stubs.o ABSOLUTE
    _printf_d                                0x00000000   Number         0  stubs.o ABSOLUTE
    _printf_e                                0x00000000   Number         0  stubs.o ABSOLUTE
    _printf_f                                0x00000000   Number         0  stubs.o ABSOLUTE
    _printf_flags                            0x00000000   Number         0  stubs.o ABSOLUTE
    _printf_fp_dec                           0x00000000   Number         0  stubs.o ABSOLUTE
    _printf_fp_hex                           0x00000000   Number         0  stubs.o ABSOLUTE
    _printf_g                                0x00000000   Number         0  stubs.o ABSOLUTE
    _printf_i                                0x00000000   Number         0  stubs.o ABSOLUTE
    _printf_int_dec                          0x00000000   Number         0  stubs.o ABSOLUTE
    _printf_l                                0x00000000   Number         0  stubs.o ABSOLUTE
    _printf_lc                               0x00000000   Number         0  stubs.o ABSOLUTE
    _printf_ll                               0x00000000   Number         0  stubs.o ABSOLUTE
    _printf_lld                              0x00000000   Number         0  stubs.o ABSOLUTE
    _printf_lli                              0x00000000   Number         0  stubs.o ABSOLUTE
    _printf_llo                              0x00000000   Number         0  stubs.o ABSOLUTE
    _printf_llu                              0x00000000   Number         0  stubs.o ABSOLUTE
    _printf_llx                              0x00000000   Number         0  stubs.o ABSOLUTE
    _printf_longlong_dec                     0x00000000   Number         0  stubs.o ABSOLUTE
    _printf_longlong_hex                     0x00000000   Number         0  stubs.o ABSOLUTE
    _printf_longlong_oct                     0x00000000   Number         0  stubs.o ABSOLUTE
    _printf_ls                               0x00000000   Number         0  stubs.o ABSOLUTE
    _printf_mbtowc                           0x00000000   Number         0  stubs.o ABSOLUTE
    _printf_n                                0x00000000   Number         0  stubs.o ABSOLUTE
    _printf_o                                0x00000000   Number         0  stubs.o ABSOLUTE
    _printf_p                                0x00000000   Number         0  stubs.o ABSOLUTE
    _printf_percent                          0x00000000   Number         0  stubs.o ABSOLUTE
    _printf_pre_padding                      0x00000000   Number         0  stubs.o ABSOLUTE
    _printf_return_value                     0x00000000   Number         0  stubs.o ABSOLUTE
    _printf_s                                0x00000000   Number         0  stubs.o ABSOLUTE
    _printf_sizespec                         0x00000000   Number         0  stubs.o ABSOLUTE
    _printf_str                              0x00000000   Number         0  stubs.o ABSOLUTE
    _printf_truncate_signed                  0x00000000   Number         0  stubs.o ABSOLUTE
    _printf_truncate_unsigned                0x00000000   Number         0  stubs.o ABSOLUTE
    _printf_u                                0x00000000   Number         0  stubs.o ABSOLUTE
    _printf_wc                               0x00000000   Number         0  stubs.o ABSOLUTE
    _printf_wctomb                           0x00000000   Number         0  stubs.o ABSOLUTE
    _printf_widthprec                        0x00000000   Number         0  stubs.o ABSOLUTE
    _printf_x                                0x00000000   Number         0  stubs.o ABSOLUTE
    __cpp_initialize__aeabi_                  - Undefined Weak Reference
    __cxa_finalize                            - Undefined Weak Reference
    _clock_init                               - Undefined Weak Reference
    _microlib_exit                            - Undefined Weak Reference
    __Vectors_Size                           0x00000298   Number         0  startup_stm32h750xx.o ABSOLUTE
    __Vectors                                0x08000000   Data           4  startup_stm32h750xx.o(RESET)
    __Vectors_End                            0x08000298   Data           0  startup_stm32h750xx.o(RESET)
    __main                                   0x08000299   Thumb Code     0  entry.o(.ARM.Collect$$$$00000000)
    _main_stk                                0x08000299   Thumb Code     0  entry2.o(.ARM.Collect$$$$00000001)
    _main_scatterload                        0x0800029d   Thumb Code     0  entry5.o(.ARM.Collect$$$$00000004)
    __main_after_scatterload                 0x080002a1   Thumb Code     0  entry5.o(.ARM.Collect$$$$00000004)
    _main_clock                              0x080002a1   Thumb Code     0  entry7b.o(.ARM.Collect$$$$00000008)
    _main_cpp_init                           0x080002a1   Thumb Code     0  entry8b.o(.ARM.Collect$$$$0000000A)
    _main_init                               0x080002a1   Thumb Code     0  entry9a.o(.ARM.Collect$$$$0000000B)
    __rt_final_cpp                           0x080002a9   Thumb Code     0  entry10a.o(.ARM.Collect$$$$0000000D)
    __rt_final_exit                          0x080002a9   Thumb Code     0  entry11a.o(.ARM.Collect$$$$0000000F)
    SVC_Handler                              0x080002ad   Thumb Code    28  port.o(.emb_text)
    __asm___6_port_c_39a90d8d__prvStartFirstTask 0x080002cd   Thumb Code    36  port.o(.emb_text)
    __asm___6_port_c_39a90d8d__prvEnableVFP  0x080002f5   Thumb Code    16  port.o(.emb_text)
    PendSV_Handler                           0x08000309   Thumb Code    88  port.o(.emb_text)
    vPortGetIPSR                             0x08000365   Thumb Code     6  port.o(.emb_text)
    Reset_Handler                            0x0800036d   Thumb Code     8  startup_stm32h750xx.o(.text)
    ADC3_IRQHandler                          0x08000387   Thumb Code     0  startup_stm32h750xx.o(.text)
    ADC_IRQHandler                           0x08000387   Thumb Code     0  startup_stm32h750xx.o(.text)
    BDMA_Channel0_IRQHandler                 0x08000387   Thumb Code     0  startup_stm32h750xx.o(.text)
    BDMA_Channel1_IRQHandler                 0x08000387   Thumb Code     0  startup_stm32h750xx.o(.text)
    BDMA_Channel2_IRQHandler                 0x08000387   Thumb Code     0  startup_stm32h750xx.o(.text)
    BDMA_Channel3_IRQHandler                 0x08000387   Thumb Code     0  startup_stm32h750xx.o(.text)
    BDMA_Channel4_IRQHandler                 0x08000387   Thumb Code     0  startup_stm32h750xx.o(.text)
    BDMA_Channel5_IRQHandler                 0x08000387   Thumb Code     0  startup_stm32h750xx.o(.text)
    BDMA_Channel6_IRQHandler                 0x08000387   Thumb Code     0  startup_stm32h750xx.o(.text)
    BDMA_Channel7_IRQHandler                 0x08000387   Thumb Code     0  startup_stm32h750xx.o(.text)
    CEC_IRQHandler                           0x08000387   Thumb Code     0  startup_stm32h750xx.o(.text)
    COMP1_IRQHandler                         0x08000387   Thumb Code     0  startup_stm32h750xx.o(.text)
    CRS_IRQHandler                           0x08000387   Thumb Code     0  startup_stm32h750xx.o(.text)
    CRYP_IRQHandler                          0x08000387   Thumb Code     0  startup_stm32h750xx.o(.text)
    DCMI_IRQHandler                          0x08000387   Thumb Code     0  startup_stm32h750xx.o(.text)
    DFSDM1_FLT0_IRQHandler                   0x08000387   Thumb Code     0  startup_stm32h750xx.o(.text)
    DFSDM1_FLT1_IRQHandler                   0x08000387   Thumb Code     0  startup_stm32h750xx.o(.text)
    DFSDM1_FLT2_IRQHandler                   0x08000387   Thumb Code     0  startup_stm32h750xx.o(.text)
    DFSDM1_FLT3_IRQHandler                   0x08000387   Thumb Code     0  startup_stm32h750xx.o(.text)
    DMA1_Stream1_IRQHandler                  0x08000387   Thumb Code     0  startup_stm32h750xx.o(.text)
    DMA1_Stream2_IRQHandler                  0x08000387   Thumb Code     0  startup_stm32h750xx.o(.text)
    DMA1_Stream3_IRQHandler                  0x08000387   Thumb Code     0  startup_stm32h750xx.o(.text)
    DMA1_Stream4_IRQHandler                  0x08000387   Thumb Code     0  startup_stm32h750xx.o(.text)
    DMA1_Stream5_IRQHandler                  0x08000387   Thumb Code     0  startup_stm32h750xx.o(.text)
    DMA1_Stream6_IRQHandler                  0x08000387   Thumb Code     0  startup_stm32h750xx.o(.text)
    DMA1_Stream7_IRQHandler                  0x08000387   Thumb Code     0  startup_stm32h750xx.o(.text)
    DMA2D_IRQHandler                         0x08000387   Thumb Code     0  startup_stm32h750xx.o(.text)
    DMA2_Stream0_IRQHandler                  0x08000387   Thumb Code     0  startup_stm32h750xx.o(.text)
    DMA2_Stream1_IRQHandler                  0x08000387   Thumb Code     0  startup_stm32h750xx.o(.text)
    DMA2_Stream2_IRQHandler                  0x08000387   Thumb Code     0  startup_stm32h750xx.o(.text)
    DMA2_Stream3_IRQHandler                  0x08000387   Thumb Code     0  startup_stm32h750xx.o(.text)
    DMA2_Stream4_IRQHandler                  0x08000387   Thumb Code     0  startup_stm32h750xx.o(.text)
    DMA2_Stream5_IRQHandler                  0x08000387   Thumb Code     0  startup_stm32h750xx.o(.text)
    DMA2_Stream6_IRQHandler                  0x08000387   Thumb Code     0  startup_stm32h750xx.o(.text)
    DMA2_Stream7_IRQHandler                  0x08000387   Thumb Code     0  startup_stm32h750xx.o(.text)
    DMAMUX1_OVR_IRQHandler                   0x08000387   Thumb Code     0  startup_stm32h750xx.o(.text)
    DMAMUX2_OVR_IRQHandler                   0x08000387   Thumb Code     0  startup_stm32h750xx.o(.text)
    ECC_IRQHandler                           0x08000387   Thumb Code     0  startup_stm32h750xx.o(.text)
    ETH_IRQHandler                           0x08000387   Thumb Code     0  startup_stm32h750xx.o(.text)
    ETH_WKUP_IRQHandler                      0x08000387   Thumb Code     0  startup_stm32h750xx.o(.text)
    EXTI0_IRQHandler                         0x08000387   Thumb Code     0  startup_stm32h750xx.o(.text)
    EXTI15_10_IRQHandler                     0x08000387   Thumb Code     0  startup_stm32h750xx.o(.text)
    EXTI1_IRQHandler                         0x08000387   Thumb Code     0  startup_stm32h750xx.o(.text)
    EXTI2_IRQHandler                         0x08000387   Thumb Code     0  startup_stm32h750xx.o(.text)
    EXTI3_IRQHandler                         0x08000387   Thumb Code     0  startup_stm32h750xx.o(.text)
    EXTI4_IRQHandler                         0x08000387   Thumb Code     0  startup_stm32h750xx.o(.text)
    EXTI9_5_IRQHandler                       0x08000387   Thumb Code     0  startup_stm32h750xx.o(.text)
    FDCAN1_IT0_IRQHandler                    0x08000387   Thumb Code     0  startup_stm32h750xx.o(.text)
    FDCAN1_IT1_IRQHandler                    0x08000387   Thumb Code     0  startup_stm32h750xx.o(.text)
    FDCAN2_IT0_IRQHandler                    0x08000387   Thumb Code     0  startup_stm32h750xx.o(.text)
    FDCAN2_IT1_IRQHandler                    0x08000387   Thumb Code     0  startup_stm32h750xx.o(.text)
    FDCAN_CAL_IRQHandler                     0x08000387   Thumb Code     0  startup_stm32h750xx.o(.text)
    FLASH_IRQHandler                         0x08000387   Thumb Code     0  startup_stm32h750xx.o(.text)
    FMC_IRQHandler                           0x08000387   Thumb Code     0  startup_stm32h750xx.o(.text)
    FPU_IRQHandler                           0x08000387   Thumb Code     0  startup_stm32h750xx.o(.text)
    HASH_RNG_IRQHandler                      0x08000387   Thumb Code     0  startup_stm32h750xx.o(.text)
    HRTIM1_FLT_IRQHandler                    0x08000387   Thumb Code     0  startup_stm32h750xx.o(.text)
    HRTIM1_Master_IRQHandler                 0x08000387   Thumb Code     0  startup_stm32h750xx.o(.text)
    HRTIM1_TIMA_IRQHandler                   0x08000387   Thumb Code     0  startup_stm32h750xx.o(.text)
    HRTIM1_TIMB_IRQHandler                   0x08000387   Thumb Code     0  startup_stm32h750xx.o(.text)
    HRTIM1_TIMC_IRQHandler                   0x08000387   Thumb Code     0  startup_stm32h750xx.o(.text)
    HRTIM1_TIMD_IRQHandler                   0x08000387   Thumb Code     0  startup_stm32h750xx.o(.text)
    HRTIM1_TIME_IRQHandler                   0x08000387   Thumb Code     0  startup_stm32h750xx.o(.text)
    HSEM1_IRQHandler                         0x08000387   Thumb Code     0  startup_stm32h750xx.o(.text)
    I2C1_ER_IRQHandler                       0x08000387   Thumb Code     0  startup_stm32h750xx.o(.text)
    I2C1_EV_IRQHandler                       0x08000387   Thumb Code     0  startup_stm32h750xx.o(.text)
    I2C2_ER_IRQHandler                       0x08000387   Thumb Code     0  startup_stm32h750xx.o(.text)
    I2C2_EV_IRQHandler                       0x08000387   Thumb Code     0  startup_stm32h750xx.o(.text)
    I2C3_ER_IRQHandler                       0x08000387   Thumb Code     0  startup_stm32h750xx.o(.text)
    I2C3_EV_IRQHandler                       0x08000387   Thumb Code     0  startup_stm32h750xx.o(.text)
    I2C4_ER_IRQHandler                       0x08000387   Thumb Code     0  startup_stm32h750xx.o(.text)
    I2C4_EV_IRQHandler                       0x08000387   Thumb Code     0  startup_stm32h750xx.o(.text)
    JPEG_IRQHandler                          0x08000387   Thumb Code     0  startup_stm32h750xx.o(.text)
    LPTIM1_IRQHandler                        0x08000387   Thumb Code     0  startup_stm32h750xx.o(.text)
    LPTIM2_IRQHandler                        0x08000387   Thumb Code     0  startup_stm32h750xx.o(.text)
    LPTIM3_IRQHandler                        0x08000387   Thumb Code     0  startup_stm32h750xx.o(.text)
    LPTIM4_IRQHandler                        0x08000387   Thumb Code     0  startup_stm32h750xx.o(.text)
    LPTIM5_IRQHandler                        0x08000387   Thumb Code     0  startup_stm32h750xx.o(.text)
    LPUART1_IRQHandler                       0x08000387   Thumb Code     0  startup_stm32h750xx.o(.text)
    LTDC_ER_IRQHandler                       0x08000387   Thumb Code     0  startup_stm32h750xx.o(.text)
    LTDC_IRQHandler                          0x08000387   Thumb Code     0  startup_stm32h750xx.o(.text)
    MDIOS_IRQHandler                         0x08000387   Thumb Code     0  startup_stm32h750xx.o(.text)
    MDIOS_WKUP_IRQHandler                    0x08000387   Thumb Code     0  startup_stm32h750xx.o(.text)
    MDMA_IRQHandler                          0x08000387   Thumb Code     0  startup_stm32h750xx.o(.text)
    OTG_FS_EP1_IN_IRQHandler                 0x08000387   Thumb Code     0  startup_stm32h750xx.o(.text)
    OTG_FS_EP1_OUT_IRQHandler                0x08000387   Thumb Code     0  startup_stm32h750xx.o(.text)
    OTG_FS_WKUP_IRQHandler                   0x08000387   Thumb Code     0  startup_stm32h750xx.o(.text)
    OTG_HS_EP1_IN_IRQHandler                 0x08000387   Thumb Code     0  startup_stm32h750xx.o(.text)
    OTG_HS_EP1_OUT_IRQHandler                0x08000387   Thumb Code     0  startup_stm32h750xx.o(.text)
    OTG_HS_IRQHandler                        0x08000387   Thumb Code     0  startup_stm32h750xx.o(.text)
    OTG_HS_WKUP_IRQHandler                   0x08000387   Thumb Code     0  startup_stm32h750xx.o(.text)
    PVD_AVD_IRQHandler                       0x08000387   Thumb Code     0  startup_stm32h750xx.o(.text)
    QUADSPI_IRQHandler                       0x08000387   Thumb Code     0  startup_stm32h750xx.o(.text)
    RCC_IRQHandler                           0x08000387   Thumb Code     0  startup_stm32h750xx.o(.text)
    RTC_Alarm_IRQHandler                     0x08000387   Thumb Code     0  startup_stm32h750xx.o(.text)
    RTC_WKUP_IRQHandler                      0x08000387   Thumb Code     0  startup_stm32h750xx.o(.text)
    SAI1_IRQHandler                          0x08000387   Thumb Code     0  startup_stm32h750xx.o(.text)
    SAI2_IRQHandler                          0x08000387   Thumb Code     0  startup_stm32h750xx.o(.text)
    SAI3_IRQHandler                          0x08000387   Thumb Code     0  startup_stm32h750xx.o(.text)
    SAI4_IRQHandler                          0x08000387   Thumb Code     0  startup_stm32h750xx.o(.text)
    SDMMC1_IRQHandler                        0x08000387   Thumb Code     0  startup_stm32h750xx.o(.text)
    SDMMC2_IRQHandler                        0x08000387   Thumb Code     0  startup_stm32h750xx.o(.text)
    SPDIF_RX_IRQHandler                      0x08000387   Thumb Code     0  startup_stm32h750xx.o(.text)
    SPI1_IRQHandler                          0x08000387   Thumb Code     0  startup_stm32h750xx.o(.text)
    SPI2_IRQHandler                          0x08000387   Thumb Code     0  startup_stm32h750xx.o(.text)
    SPI3_IRQHandler                          0x08000387   Thumb Code     0  startup_stm32h750xx.o(.text)
    SPI4_IRQHandler                          0x08000387   Thumb Code     0  startup_stm32h750xx.o(.text)
    SPI5_IRQHandler                          0x08000387   Thumb Code     0  startup_stm32h750xx.o(.text)
    SPI6_IRQHandler                          0x08000387   Thumb Code     0  startup_stm32h750xx.o(.text)
    SWPMI1_IRQHandler                        0x08000387   Thumb Code     0  startup_stm32h750xx.o(.text)
    TAMP_STAMP_IRQHandler                    0x08000387   Thumb Code     0  startup_stm32h750xx.o(.text)
    TIM15_IRQHandler                         0x08000387   Thumb Code     0  startup_stm32h750xx.o(.text)
    TIM16_IRQHandler                         0x08000387   Thumb Code     0  startup_stm32h750xx.o(.text)
    TIM17_IRQHandler                         0x08000387   Thumb Code     0  startup_stm32h750xx.o(.text)
    TIM1_BRK_IRQHandler                      0x08000387   Thumb Code     0  startup_stm32h750xx.o(.text)
    TIM1_CC_IRQHandler                       0x08000387   Thumb Code     0  startup_stm32h750xx.o(.text)
    TIM1_TRG_COM_IRQHandler                  0x08000387   Thumb Code     0  startup_stm32h750xx.o(.text)
    TIM1_UP_IRQHandler                       0x08000387   Thumb Code     0  startup_stm32h750xx.o(.text)
    TIM3_IRQHandler                          0x08000387   Thumb Code     0  startup_stm32h750xx.o(.text)
    TIM4_IRQHandler                          0x08000387   Thumb Code     0  startup_stm32h750xx.o(.text)
    TIM5_IRQHandler                          0x08000387   Thumb Code     0  startup_stm32h750xx.o(.text)
    TIM6_DAC_IRQHandler                      0x08000387   Thumb Code     0  startup_stm32h750xx.o(.text)
    TIM7_IRQHandler                          0x08000387   Thumb Code     0  startup_stm32h750xx.o(.text)
    TIM8_BRK_TIM12_IRQHandler                0x08000387   Thumb Code     0  startup_stm32h750xx.o(.text)
    TIM8_CC_IRQHandler                       0x08000387   Thumb Code     0  startup_stm32h750xx.o(.text)
    TIM8_TRG_COM_TIM14_IRQHandler            0x08000387   Thumb Code     0  startup_stm32h750xx.o(.text)
    TIM8_UP_TIM13_IRQHandler                 0x08000387   Thumb Code     0  startup_stm32h750xx.o(.text)
    UART4_IRQHandler                         0x08000387   Thumb Code     0  startup_stm32h750xx.o(.text)
    UART5_IRQHandler                         0x08000387   Thumb Code     0  startup_stm32h750xx.o(.text)
    UART7_IRQHandler                         0x08000387   Thumb Code     0  startup_stm32h750xx.o(.text)
    UART8_IRQHandler                         0x08000387   Thumb Code     0  startup_stm32h750xx.o(.text)
    USART1_IRQHandler                        0x08000387   Thumb Code     0  startup_stm32h750xx.o(.text)
    USART2_IRQHandler                        0x08000387   Thumb Code     0  startup_stm32h750xx.o(.text)
    USART3_IRQHandler                        0x08000387   Thumb Code     0  startup_stm32h750xx.o(.text)
    USART6_IRQHandler                        0x08000387   Thumb Code     0  startup_stm32h750xx.o(.text)
    WAKEUP_PIN_IRQHandler                    0x08000387   Thumb Code     0  startup_stm32h750xx.o(.text)
    WWDG_IRQHandler                          0x08000387   Thumb Code     0  startup_stm32h750xx.o(.text)
    __aeabi_uldivmod                         0x08000391   Thumb Code    98  uldiv.o(.text)
    __aeabi_memcpy                           0x080003f3   Thumb Code    36  memcpya.o(.text)
    __aeabi_memcpy4                          0x080003f3   Thumb Code     0  memcpya.o(.text)
    __aeabi_memcpy8                          0x080003f3   Thumb Code     0  memcpya.o(.text)
    __aeabi_memset                           0x08000417   Thumb Code    14  memseta.o(.text)
    __aeabi_memset4                          0x08000417   Thumb Code     0  memseta.o(.text)
    __aeabi_memset8                          0x08000417   Thumb Code     0  memseta.o(.text)
    __aeabi_memclr                           0x08000425   Thumb Code     4  memseta.o(.text)
    __aeabi_memclr4                          0x08000425   Thumb Code     0  memseta.o(.text)
    __aeabi_memclr8                          0x08000425   Thumb Code     0  memseta.o(.text)
    memset                                   0x08000429   Thumb Code    18  memseta.o(.text)
    __aeabi_llsl                             0x0800043b   Thumb Code    30  llshl.o(.text)
    _ll_shift_l                              0x0800043b   Thumb Code     0  llshl.o(.text)
    __aeabi_llsr                             0x08000459   Thumb Code    32  llushr.o(.text)
    _ll_ushift_r                             0x08000459   Thumb Code     0  llushr.o(.text)
    __scatterload                            0x08000479   Thumb Code    28  init.o(.text)
    __scatterload_rt2                        0x08000479   Thumb Code     0  init.o(.text)
    __decompress                             0x0800049d   Thumb Code     0  __dczerorl2.o(.text)
    __decompress1                            0x0800049d   Thumb Code    86  __dczerorl2.o(.text)
    ADC_ConfigureBoostMode                   0x080004f5   Thumb Code   240  stm32h7xx_hal_adc.o(i.ADC_ConfigureBoostMode)
    BusFault_Handler                         0x08000601   Thumb Code     2  stm32h7xx_it.o(i.BusFault_Handler)
    DMA1_Stream0_IRQHandler                  0x0800064d   Thumb Code     6  stm32h7xx_it.o(i.DMA1_Stream0_IRQHandler)
    DebugMon_Handler                         0x08000735   Thumb Code     2  stm32h7xx_it.o(i.DebugMon_Handler)
    Error_Handler                            0x08000737   Thumb Code     4  main.o(i.Error_Handler)
    HAL_ADCEx_MultiModeConfigChannel         0x0800073d   Thumb Code   250  stm32h7xx_hal_adc_ex.o(i.HAL_ADCEx_MultiModeConfigChannel)
    HAL_ADC_ConfigChannel                    0x08000849   Thumb Code  1136  stm32h7xx_hal_adc.o(i.HAL_ADC_ConfigChannel)
    HAL_ADC_Init                             0x08000ce1   Thumb Code   594  stm32h7xx_hal_adc.o(i.HAL_ADC_Init)
    HAL_ADC_MspInit                          0x08000f5d   Thumb Code   208  adc.o(i.HAL_ADC_MspInit)
    HAL_DMA_IRQHandler                       0x08001041   Thumb Code  1782  stm32h7xx_hal_dma.o(i.HAL_DMA_IRQHandler)
    HAL_DMA_Init                             0x0800178d   Thumb Code  1302  stm32h7xx_hal_dma.o(i.HAL_DMA_Init)
    HAL_Delay                                0x08001cc5   Thumb Code    34  stm32h7xx_hal.o(i.HAL_Delay)
    HAL_FDCAN_Init                           0x08001ced   Thumb Code  1122  stm32h7xx_hal_fdcan.o(i.HAL_FDCAN_Init)
    HAL_FDCAN_MspInit                        0x08002151   Thumb Code   134  fdcan.o(i.HAL_FDCAN_MspInit)
    HAL_GPIO_Init                            0x080021e5   Thumb Code   554  stm32h7xx_hal_gpio.o(i.HAL_GPIO_Init)
    HAL_GetREVID                             0x08002419   Thumb Code     8  stm32h7xx_hal.o(i.HAL_GetREVID)
    HAL_GetTick                              0x08002425   Thumb Code     6  stm32h7xx_hal.o(i.HAL_GetTick)
    HAL_HRTIM_Init                           0x08002431   Thumb Code   190  stm32h7xx_hal_hrtim.o(i.HAL_HRTIM_Init)
    HAL_HRTIM_MspInit                        0x080024f5   Thumb Code    80  hrtim.o(i.HAL_HRTIM_MspInit)
    HAL_HRTIM_TimeBaseConfig                 0x08002549   Thumb Code   138  stm32h7xx_hal_hrtim.o(i.HAL_HRTIM_TimeBaseConfig)
    HAL_HRTIM_WaveformTimerConfig            0x080025d3   Thumb Code   670  stm32h7xx_hal_hrtim.o(i.HAL_HRTIM_WaveformTimerConfig)
    HAL_I2CEx_ConfigAnalogFilter             0x08002871   Thumb Code   100  stm32h7xx_hal_i2c_ex.o(i.HAL_I2CEx_ConfigAnalogFilter)
    HAL_I2CEx_ConfigDigitalFilter            0x080028d5   Thumb Code    96  stm32h7xx_hal_i2c_ex.o(i.HAL_I2CEx_ConfigDigitalFilter)
    HAL_I2C_Init                             0x08002935   Thumb Code   180  stm32h7xx_hal_i2c.o(i.HAL_I2C_Init)
    HAL_I2C_MspInit                          0x080029e9   Thumb Code   220  i2c.o(i.HAL_I2C_MspInit)
    HAL_IncTick                              0x08002ad9   Thumb Code    12  stm32h7xx_hal.o(i.HAL_IncTick)
    HAL_Init                                 0x08002ae9   Thumb Code    76  stm32h7xx_hal.o(i.HAL_Init)
    HAL_InitTick                             0x08002b45   Thumb Code   126  stm32h7xx_hal_timebase_tim.o(i.HAL_InitTick)
    HAL_MspInit                              0x08002bd5   Thumb Code    32  stm32h7xx_hal_msp.o(i.HAL_MspInit)
    HAL_NVIC_EnableIRQ                       0x08002bf9   Thumb Code    30  stm32h7xx_hal_cortex.o(i.HAL_NVIC_EnableIRQ)
    HAL_NVIC_SetPriority                     0x08002c19   Thumb Code    92  stm32h7xx_hal_cortex.o(i.HAL_NVIC_SetPriority)
    HAL_NVIC_SetPriorityGrouping             0x08002c79   Thumb Code    30  stm32h7xx_hal_cortex.o(i.HAL_NVIC_SetPriorityGrouping)
    HAL_PCDEx_ActivateLPM                    0x08002c9d   Thumb Code    38  stm32h7xx_hal_pcd_ex.o(i.HAL_PCDEx_ActivateLPM)
    HAL_PCDEx_LPM_Callback                   0x08002cc3   Thumb Code     2  stm32h7xx_hal_pcd_ex.o(i.HAL_PCDEx_LPM_Callback)
    HAL_PCDEx_SetRxFiFo                      0x08002cc5   Thumb Code     8  stm32h7xx_hal_pcd_ex.o(i.HAL_PCDEx_SetRxFiFo)
    HAL_PCDEx_SetTxFiFo                      0x08002ccd   Thumb Code    88  stm32h7xx_hal_pcd_ex.o(i.HAL_PCDEx_SetTxFiFo)
    HAL_PCD_ConnectCallback                  0x08002d25   Thumb Code     8  usbd_conf.o(i.HAL_PCD_ConnectCallback)
    HAL_PCD_DataInStageCallback              0x08002d2d   Thumb Code    18  usbd_conf.o(i.HAL_PCD_DataInStageCallback)
    HAL_PCD_DataOutStageCallback             0x08002d3f   Thumb Code    20  usbd_conf.o(i.HAL_PCD_DataOutStageCallback)
    HAL_PCD_DisconnectCallback               0x08002d53   Thumb Code     8  usbd_conf.o(i.HAL_PCD_DisconnectCallback)
    HAL_PCD_EP_Close                         0x08002d5b   Thumb Code    78  stm32h7xx_hal_pcd.o(i.HAL_PCD_EP_Close)
    HAL_PCD_EP_ClrStall                      0x08002da9   Thumb Code    94  stm32h7xx_hal_pcd.o(i.HAL_PCD_EP_ClrStall)
    HAL_PCD_EP_GetRxCount                    0x08002e07   Thumb Code    18  stm32h7xx_hal_pcd.o(i.HAL_PCD_EP_GetRxCount)
    HAL_PCD_EP_Open                          0x08002e19   Thumb Code    94  stm32h7xx_hal_pcd.o(i.HAL_PCD_EP_Open)
    HAL_PCD_EP_Receive                       0x08002e77   Thumb Code    58  stm32h7xx_hal_pcd.o(i.HAL_PCD_EP_Receive)
    HAL_PCD_EP_SetStall                      0x08002eb1   Thumb Code   114  stm32h7xx_hal_pcd.o(i.HAL_PCD_EP_SetStall)
    HAL_PCD_EP_Transmit                      0x08002f23   Thumb Code    52  stm32h7xx_hal_pcd.o(i.HAL_PCD_EP_Transmit)
    HAL_PCD_IRQHandler                       0x08002f59   Thumb Code  1980  stm32h7xx_hal_pcd.o(i.HAL_PCD_IRQHandler)
    HAL_PCD_ISOINIncompleteCallback          0x0800371d   Thumb Code     8  usbd_conf.o(i.HAL_PCD_ISOINIncompleteCallback)
    HAL_PCD_ISOOUTIncompleteCallback         0x08003725   Thumb Code     8  usbd_conf.o(i.HAL_PCD_ISOOUTIncompleteCallback)
    HAL_PCD_Init                             0x0800372d   Thumb Code   292  stm32h7xx_hal_pcd.o(i.HAL_PCD_Init)
    HAL_PCD_MspInit                          0x08003851   Thumb Code   156  usbd_conf.o(i.HAL_PCD_MspInit)
    HAL_PCD_ResetCallback                    0x080038f9   Thumb Code    46  usbd_conf.o(i.HAL_PCD_ResetCallback)
    HAL_PCD_ResumeCallback                   0x08003927   Thumb Code     8  usbd_conf.o(i.HAL_PCD_ResumeCallback)
    HAL_PCD_SOFCallback                      0x0800392f   Thumb Code     8  usbd_conf.o(i.HAL_PCD_SOFCallback)
    HAL_PCD_SetAddress                       0x08003937   Thumb Code    40  stm32h7xx_hal_pcd.o(i.HAL_PCD_SetAddress)
    HAL_PCD_SetupStageCallback               0x0800395f   Thumb Code    14  usbd_conf.o(i.HAL_PCD_SetupStageCallback)
    HAL_PCD_Start                            0x0800396d   Thumb Code    68  stm32h7xx_hal_pcd.o(i.HAL_PCD_Start)
    HAL_PCD_SuspendCallback                  0x080039b1   Thumb Code    46  usbd_conf.o(i.HAL_PCD_SuspendCallback)
    HAL_PWREx_ConfigSupply                   0x080039e5   Thumb Code    84  stm32h7xx_hal_pwr_ex.o(i.HAL_PWREx_ConfigSupply)
    HAL_PWREx_EnableUSBVoltageDetector       0x08003a41   Thumb Code    12  stm32h7xx_hal_pwr_ex.o(i.HAL_PWREx_EnableUSBVoltageDetector)
    HAL_RCCEx_GetD3PCLK1Freq                 0x08003a51   Thumb Code    26  stm32h7xx_hal_rcc_ex.o(i.HAL_RCCEx_GetD3PCLK1Freq)
    HAL_RCCEx_GetPLL1ClockFreq               0x08003a75   Thumb Code   394  stm32h7xx_hal_rcc_ex.o(i.HAL_RCCEx_GetPLL1ClockFreq)
    HAL_RCCEx_GetPLL2ClockFreq               0x08003c25   Thumb Code   392  stm32h7xx_hal_rcc_ex.o(i.HAL_RCCEx_GetPLL2ClockFreq)
    HAL_RCCEx_GetPLL3ClockFreq               0x08003dd1   Thumb Code   392  stm32h7xx_hal_rcc_ex.o(i.HAL_RCCEx_GetPLL3ClockFreq)
    HAL_RCCEx_GetPeriphCLKFreq               0x08003f7d   Thumb Code  1308  stm32h7xx_hal_rcc_ex.o(i.HAL_RCCEx_GetPeriphCLKFreq)
    HAL_RCCEx_PeriphCLKConfig                0x080044a1   Thumb Code  2764  stm32h7xx_hal_rcc_ex.o(i.HAL_RCCEx_PeriphCLKConfig)
    HAL_RCC_ClockConfig                      0x08004f75   Thumb Code   618  stm32h7xx_hal_rcc.o(i.HAL_RCC_ClockConfig)
    HAL_RCC_GetClockConfig                   0x08005209   Thumb Code    94  stm32h7xx_hal_rcc.o(i.HAL_RCC_GetClockConfig)
    HAL_RCC_GetHCLKFreq                      0x08005275   Thumb Code    56  stm32h7xx_hal_rcc.o(i.HAL_RCC_GetHCLKFreq)
    HAL_RCC_GetPCLK1Freq                     0x080052bd   Thumb Code    72  stm32h7xx_hal_rcc.o(i.HAL_RCC_GetPCLK1Freq)
    HAL_RCC_GetPCLK2Freq                     0x08005319   Thumb Code    72  stm32h7xx_hal_rcc.o(i.HAL_RCC_GetPCLK2Freq)
    HAL_RCC_GetSysClockFreq                  0x08005375   Thumb Code   378  stm32h7xx_hal_rcc.o(i.HAL_RCC_GetSysClockFreq)
    HAL_RCC_OscConfig                        0x0800551d   Thumb Code  1668  stm32h7xx_hal_rcc.o(i.HAL_RCC_OscConfig)
    HAL_TIMEx_Break2Callback                 0x08005ba5   Thumb Code     2  stm32h7xx_hal_tim_ex.o(i.HAL_TIMEx_Break2Callback)
    HAL_TIMEx_BreakCallback                  0x08005ba7   Thumb Code     2  stm32h7xx_hal_tim_ex.o(i.HAL_TIMEx_BreakCallback)
    HAL_TIMEx_CommutCallback                 0x08005ba9   Thumb Code     2  stm32h7xx_hal_tim_ex.o(i.HAL_TIMEx_CommutCallback)
    HAL_TIMEx_ConfigBreakDeadTime            0x08005bab   Thumb Code   156  stm32h7xx_hal_tim_ex.o(i.HAL_TIMEx_ConfigBreakDeadTime)
    HAL_TIMEx_MasterConfigSynchronization    0x08005c49   Thumb Code   160  stm32h7xx_hal_tim_ex.o(i.HAL_TIMEx_MasterConfigSynchronization)
    HAL_TIM_Base_Init                        0x08005cf1   Thumb Code    98  stm32h7xx_hal_tim.o(i.HAL_TIM_Base_Init)
    HAL_TIM_Base_MspInit                     0x08005d53   Thumb Code     2  stm32h7xx_hal_tim.o(i.HAL_TIM_Base_MspInit)
    HAL_TIM_Base_Start_IT                    0x08005d55   Thumb Code   136  stm32h7xx_hal_tim.o(i.HAL_TIM_Base_Start_IT)
    HAL_TIM_IC_CaptureCallback               0x08005de1   Thumb Code     2  stm32h7xx_hal_tim.o(i.HAL_TIM_IC_CaptureCallback)
    HAL_TIM_IRQHandler                       0x08005de3   Thumb Code   392  stm32h7xx_hal_tim.o(i.HAL_TIM_IRQHandler)
    HAL_TIM_OC_DelayElapsedCallback          0x08005f6b   Thumb Code     2  stm32h7xx_hal_tim.o(i.HAL_TIM_OC_DelayElapsedCallback)
    HAL_TIM_PWM_ConfigChannel                0x08005f6d   Thumb Code   810  stm32h7xx_hal_tim.o(i.HAL_TIM_PWM_ConfigChannel)
    HAL_TIM_PWM_Init                         0x080062ad   Thumb Code    98  stm32h7xx_hal_tim.o(i.HAL_TIM_PWM_Init)
    HAL_TIM_PWM_MspInit                      0x08006311   Thumb Code    40  tim.o(i.HAL_TIM_PWM_MspInit)
    HAL_TIM_PWM_PulseFinishedCallback        0x0800633d   Thumb Code     2  stm32h7xx_hal_tim.o(i.HAL_TIM_PWM_PulseFinishedCallback)
    HAL_TIM_PeriodElapsedCallback            0x0800633f   Thumb Code    14  main.o(i.HAL_TIM_PeriodElapsedCallback)
    HAL_TIM_TriggerCallback                  0x0800634d   Thumb Code     2  stm32h7xx_hal_tim.o(i.HAL_TIM_TriggerCallback)
    HAL_UARTEx_DisableFifoMode               0x0800634f   Thumb Code    72  stm32h7xx_hal_uart_ex.o(i.HAL_UARTEx_DisableFifoMode)
    HAL_UARTEx_SetRxFifoThreshold            0x08006399   Thumb Code   134  stm32h7xx_hal_uart_ex.o(i.HAL_UARTEx_SetRxFifoThreshold)
    HAL_UARTEx_SetTxFifoThreshold            0x08006425   Thumb Code   134  stm32h7xx_hal_uart_ex.o(i.HAL_UARTEx_SetTxFifoThreshold)
    HAL_UART_Init                            0x080064b1   Thumb Code   110  stm32h7xx_hal_uart.o(i.HAL_UART_Init)
    HAL_UART_MspInit                         0x08006521   Thumb Code   132  usart.o(i.HAL_UART_MspInit)
    HardFault_Handler                        0x080065b1   Thumb Code     2  stm32h7xx_it.o(i.HardFault_Handler)
    MX_ADC1_Init                             0x080065b5   Thumb Code   140  adc.o(i.MX_ADC1_Init)
    MX_DMA_Init                              0x0800664d   Thumb Code    40  dma.o(i.MX_DMA_Init)
    MX_FDCAN1_Init                           0x08006679   Thumb Code    92  fdcan.o(i.MX_FDCAN1_Init)
    MX_FREERTOS_Init                         0x080066dd   Thumb Code    30  freertos.o(i.MX_FREERTOS_Init)
    MX_GPIO_Init                             0x08006705   Thumb Code   104  gpio.o(i.MX_GPIO_Init)
    MX_HRTIM_Init                            0x08006771   Thumb Code   126  hrtim.o(i.MX_HRTIM_Init)
    MX_I2C1_Init                             0x080067f9   Thumb Code    82  i2c.o(i.MX_I2C1_Init)
    MX_I2C4_Init                             0x08006859   Thumb Code    82  i2c.o(i.MX_I2C4_Init)
    MX_TIM1_Init                             0x080068b9   Thumb Code   284  tim.o(i.MX_TIM1_Init)
    MX_USART1_UART_Init                      0x080069e5   Thumb Code   104  usart.o(i.MX_USART1_UART_Init)
    MX_USB_DEVICE_Init                       0x08006a55   Thumb Code    74  usb_device.o(i.MX_USB_DEVICE_Init)
    MemManage_Handler                        0x08006ab1   Thumb Code     2  stm32h7xx_it.o(i.MemManage_Handler)
    NMI_Handler                              0x08006ab3   Thumb Code     2  stm32h7xx_it.o(i.NMI_Handler)
    OTG_FS_IRQHandler                        0x08006ab5   Thumb Code     6  stm32h7xx_it.o(i.OTG_FS_IRQHandler)
    StartDefaultTask                         0x08006d49   Thumb Code    12  freertos.o(i.StartDefaultTask)
    SysTick_Handler                          0x08006d55   Thumb Code    38  port.o(i.SysTick_Handler)
    SystemClock_Config                       0x08006d81   Thumb Code   226  main.o(i.SystemClock_Config)
    SystemInit                               0x08006e71   Thumb Code   202  system_stm32h7xx.o(i.SystemInit)
    TIM2_IRQHandler                          0x08006f75   Thumb Code     6  stm32h7xx_it.o(i.TIM2_IRQHandler)
    TIM_Base_SetConfig                       0x08006f81   Thumb Code   164  stm32h7xx_hal_tim.o(i.TIM_Base_SetConfig)
    TIM_OC2_SetConfig                        0x08007045   Thumb Code   134  stm32h7xx_hal_tim.o(i.TIM_OC2_SetConfig)
    UART_AdvFeatureConfig                    0x080070d5   Thumb Code   218  stm32h7xx_hal_uart.o(i.UART_AdvFeatureConfig)
    UART_CheckIdleState                      0x080071af   Thumb Code   186  stm32h7xx_hal_uart.o(i.UART_CheckIdleState)
    UART_SetConfig                           0x08007269   Thumb Code   930  stm32h7xx_hal_uart.o(i.UART_SetConfig)
    UART_WaitOnFlagUntilTimeout              0x08007629   Thumb Code   314  stm32h7xx_hal_uart.o(i.UART_WaitOnFlagUntilTimeout)
    USBD_CDC_GetDeviceQualifierDescriptor    0x080078e5   Thumb Code     8  usbd_cdc.o(i.USBD_CDC_GetDeviceQualifierDescriptor)
    USBD_CDC_ReceivePacket                   0x08007b19   Thumb Code    64  usbd_cdc.o(i.USBD_CDC_ReceivePacket)
    USBD_CDC_RegisterInterface               0x08007b5d   Thumb Code    24  usbd_cdc.o(i.USBD_CDC_RegisterInterface)
    USBD_CDC_SetRxBuffer                     0x08007b75   Thumb Code    26  usbd_cdc.o(i.USBD_CDC_SetRxBuffer)
    USBD_CDC_SetTxBuffer                     0x08007b8f   Thumb Code    30  usbd_cdc.o(i.USBD_CDC_SetTxBuffer)
    USBD_ClrClassConfig                      0x08007c8b   Thumb Code    22  usbd_core.o(i.USBD_ClrClassConfig)
    USBD_CoreFindEP                          0x08007ca1   Thumb Code     4  usbd_core.o(i.USBD_CoreFindEP)
    USBD_CoreFindIF                          0x08007ca5   Thumb Code     4  usbd_core.o(i.USBD_CoreFindIF)
    USBD_CtlContinueRx                       0x08007ca9   Thumb Code    16  usbd_ioreq.o(i.USBD_CtlContinueRx)
    USBD_CtlContinueSendData                 0x08007cb9   Thumb Code    16  usbd_ioreq.o(i.USBD_CtlContinueSendData)
    USBD_CtlError                            0x08007cc9   Thumb Code    22  usbd_ctlreq.o(i.USBD_CtlError)
    USBD_CtlPrepareRx                        0x08007cdf   Thumb Code    30  usbd_ioreq.o(i.USBD_CtlPrepareRx)
    USBD_CtlReceiveStatus                    0x08007cfd   Thumb Code    22  usbd_ioreq.o(i.USBD_CtlReceiveStatus)
    USBD_CtlSendData                         0x08007d13   Thumb Code    26  usbd_ioreq.o(i.USBD_CtlSendData)
    USBD_CtlSendStatus                       0x08007d2d   Thumb Code    22  usbd_ioreq.o(i.USBD_CtlSendStatus)
    USBD_FS_ConfigStrDescriptor              0x08007d45   Thumb Code    16  usbd_desc.o(i.USBD_FS_ConfigStrDescriptor)
    USBD_FS_DeviceDescriptor                 0x08007d65   Thumb Code     8  usbd_desc.o(i.USBD_FS_DeviceDescriptor)
    USBD_FS_InterfaceStrDescriptor           0x08007d71   Thumb Code    16  usbd_desc.o(i.USBD_FS_InterfaceStrDescriptor)
    USBD_FS_LangIDStrDescriptor              0x08007d95   Thumb Code     8  usbd_desc.o(i.USBD_FS_LangIDStrDescriptor)
    USBD_FS_ManufacturerStrDescriptor        0x08007da1   Thumb Code    16  usbd_desc.o(i.USBD_FS_ManufacturerStrDescriptor)
    USBD_FS_ProductStrDescriptor             0x08007dc9   Thumb Code    16  usbd_desc.o(i.USBD_FS_ProductStrDescriptor)
    USBD_FS_SerialStrDescriptor              0x08007df5   Thumb Code   116  usbd_desc.o(i.USBD_FS_SerialStrDescriptor)
    USBD_GetEpDesc                           0x08007e75   Thumb Code    54  usbd_core.o(i.USBD_GetEpDesc)
    USBD_GetString                           0x08007eab   Thumb Code   108  usbd_ctlreq.o(i.USBD_GetString)
    USBD_Init                                0x08007f17   Thumb Code    42  usbd_core.o(i.USBD_Init)
    USBD_LL_ClearStallEP                     0x08007f41   Thumb Code    36  usbd_conf.o(i.USBD_LL_ClearStallEP)
    USBD_LL_CloseEP                          0x08007f65   Thumb Code    36  usbd_conf.o(i.USBD_LL_CloseEP)
    USBD_LL_DataInStage                      0x08007f89   Thumb Code   196  usbd_core.o(i.USBD_LL_DataInStage)
    USBD_LL_DataOutStage                     0x0800804d   Thumb Code   148  usbd_core.o(i.USBD_LL_DataOutStage)
    USBD_LL_DevConnected                     0x080080e1   Thumb Code     4  usbd_core.o(i.USBD_LL_DevConnected)
    USBD_LL_DevDisconnected                  0x080080e5   Thumb Code    34  usbd_core.o(i.USBD_LL_DevDisconnected)
    USBD_LL_GetRxDataSize                    0x08008107   Thumb Code     8  usbd_conf.o(i.USBD_LL_GetRxDataSize)
    USBD_LL_Init                             0x08008111   Thumb Code    94  usbd_conf.o(i.USBD_LL_Init)
    USBD_LL_IsStallEP                        0x08008179   Thumb Code    32  usbd_conf.o(i.USBD_LL_IsStallEP)
    USBD_LL_IsoINIncomplete                  0x08008199   Thumb Code    42  usbd_core.o(i.USBD_LL_IsoINIncomplete)
    USBD_LL_IsoOUTIncomplete                 0x080081c3   Thumb Code    42  usbd_core.o(i.USBD_LL_IsoOUTIncomplete)
    USBD_LL_OpenEP                           0x080081ed   Thumb Code    42  usbd_conf.o(i.USBD_LL_OpenEP)
    USBD_LL_PrepareReceive                   0x08008217   Thumb Code    36  usbd_conf.o(i.USBD_LL_PrepareReceive)
    USBD_LL_Reset                            0x0800823b   Thumb Code   102  usbd_core.o(i.USBD_LL_Reset)
    USBD_LL_Resume                           0x080082a1   Thumb Code    20  usbd_core.o(i.USBD_LL_Resume)
    USBD_LL_SOF                              0x080082b5   Thumb Code    30  usbd_core.o(i.USBD_LL_SOF)
    USBD_LL_SetSpeed                         0x080082d3   Thumb Code     6  usbd_core.o(i.USBD_LL_SetSpeed)
    USBD_LL_SetUSBAddress                    0x080082d9   Thumb Code    36  usbd_conf.o(i.USBD_LL_SetUSBAddress)
    USBD_LL_SetupStage                       0x080082fd   Thumb Code   100  usbd_core.o(i.USBD_LL_SetupStage)
    USBD_LL_StallEP                          0x08008361   Thumb Code    36  usbd_conf.o(i.USBD_LL_StallEP)
    USBD_LL_Start                            0x08008385   Thumb Code    36  usbd_conf.o(i.USBD_LL_Start)
    USBD_LL_Suspend                          0x080083a9   Thumb Code    26  usbd_core.o(i.USBD_LL_Suspend)
    USBD_LL_Transmit                         0x080083c3   Thumb Code    36  usbd_conf.o(i.USBD_LL_Transmit)
    USBD_ParseSetupRequest                   0x080083e7   Thumb Code    40  usbd_ctlreq.o(i.USBD_ParseSetupRequest)
    USBD_RegisterClass                       0x0800840f   Thumb Code    60  usbd_core.o(i.USBD_RegisterClass)
    USBD_SetClassConfig                      0x0800844b   Thumb Code    20  usbd_core.o(i.USBD_SetClassConfig)
    USBD_Start                               0x0800845f   Thumb Code     4  usbd_core.o(i.USBD_Start)
    USBD_StdDevReq                           0x08008465   Thumb Code   814  usbd_ctlreq.o(i.USBD_StdDevReq)
    USBD_StdEPReq                            0x08008799   Thumb Code   432  usbd_ctlreq.o(i.USBD_StdEPReq)
    USBD_StdItfReq                           0x08008949   Thumb Code   120  usbd_ctlreq.o(i.USBD_StdItfReq)
    USBD_static_free                         0x080089c1   Thumb Code     2  usbd_conf.o(i.USBD_static_free)
    USBD_static_malloc                       0x080089c5   Thumb Code     4  usbd_conf.o(i.USBD_static_malloc)
    USB_ActivateEndpoint                     0x080089cd   Thumb Code   150  stm32h7xx_ll_usb.o(i.USB_ActivateEndpoint)
    USB_ActivateSetup                        0x08008a69   Thumb Code    28  stm32h7xx_ll_usb.o(i.USB_ActivateSetup)
    USB_CoreInit                             0x08008a85   Thumb Code   294  stm32h7xx_ll_usb.o(i.USB_CoreInit)
    USB_DeactivateEndpoint                   0x08008bb1   Thumb Code   216  stm32h7xx_ll_usb.o(i.USB_DeactivateEndpoint)
    USB_DevConnect                           0x08008c91   Thumb Code    28  stm32h7xx_ll_usb.o(i.USB_DevConnect)
    USB_DevDisconnect                        0x08008cad   Thumb Code    28  stm32h7xx_ll_usb.o(i.USB_DevDisconnect)
    USB_DevInit                              0x08008cc9   Thumb Code   410  stm32h7xx_ll_usb.o(i.USB_DevInit)
    USB_DisableGlobalInt                     0x08008e69   Thumb Code    12  stm32h7xx_ll_usb.o(i.USB_DisableGlobalInt)
    USB_EP0_OutStart                         0x08008e75   Thumb Code    86  stm32h7xx_ll_usb.o(i.USB_EP0_OutStart)
    USB_EPClearStall                         0x08008ed1   Thumb Code    90  stm32h7xx_ll_usb.o(i.USB_EPClearStall)
    USB_EPSetStall                           0x08008f2b   Thumb Code    94  stm32h7xx_ll_usb.o(i.USB_EPSetStall)
    USB_EPStartXfer                          0x08008f89   Thumb Code   658  stm32h7xx_ll_usb.o(i.USB_EPStartXfer)
    USB_EPStopXfer                           0x0800921b   Thumb Code   172  stm32h7xx_ll_usb.o(i.USB_EPStopXfer)
    USB_EnableGlobalInt                      0x080092c7   Thumb Code    12  stm32h7xx_ll_usb.o(i.USB_EnableGlobalInt)
    USB_FlushRxFifo                          0x080092d5   Thumb Code    62  stm32h7xx_ll_usb.o(i.USB_FlushRxFifo)
    USB_FlushTxFifo                          0x08009319   Thumb Code    72  stm32h7xx_ll_usb.o(i.USB_FlushTxFifo)
    USB_GetDevSpeed                          0x08009365   Thumb Code    24  stm32h7xx_ll_usb.o(i.USB_GetDevSpeed)
    USB_GetMode                              0x0800937d   Thumb Code     8  stm32h7xx_ll_usb.o(i.USB_GetMode)
    USB_ReadDevAllInEpInterrupt              0x08009385   Thumb Code    14  stm32h7xx_ll_usb.o(i.USB_ReadDevAllInEpInterrupt)
    USB_ReadDevAllOutEpInterrupt             0x08009393   Thumb Code    14  stm32h7xx_ll_usb.o(i.USB_ReadDevAllOutEpInterrupt)
    USB_ReadDevInEPInterrupt                 0x080093a1   Thumb Code    34  stm32h7xx_ll_usb.o(i.USB_ReadDevInEPInterrupt)
    USB_ReadDevOutEPInterrupt                0x080093c3   Thumb Code    16  stm32h7xx_ll_usb.o(i.USB_ReadDevOutEPInterrupt)
    USB_ReadInterrupts                       0x080093d3   Thumb Code     8  stm32h7xx_ll_usb.o(i.USB_ReadInterrupts)
    USB_ReadPacket                           0x080093db   Thumb Code   108  stm32h7xx_ll_usb.o(i.USB_ReadPacket)
    USB_SetCurrentMode                       0x08009447   Thumb Code    94  stm32h7xx_ll_usb.o(i.USB_SetCurrentMode)
    USB_SetDevAddress                        0x080094a5   Thumb Code    34  stm32h7xx_ll_usb.o(i.USB_SetDevAddress)
    USB_SetTurnaroundTime                    0x080094c9   Thumb Code   168  stm32h7xx_ll_usb.o(i.USB_SetTurnaroundTime)
    USB_WritePacket                          0x080095ad   Thumb Code    54  stm32h7xx_ll_usb.o(i.USB_WritePacket)
    UsageFault_Handler                       0x080095e3   Thumb Code     2  stm32h7xx_it.o(i.UsageFault_Handler)
    __scatterload_copy                       0x080095e5   Thumb Code    14  handlers.o(i.__scatterload_copy)
    __scatterload_null                       0x080095f3   Thumb Code     2  handlers.o(i.__scatterload_null)
    __scatterload_zeroinit                   0x080095f5   Thumb Code    14  handlers.o(i.__scatterload_zeroinit)
    main                                     0x08009603   Thumb Code    54  main.o(i.main)
    osDelay                                  0x08009639   Thumb Code    16  cmsis_os.o(i.osDelay)
    osKernelStart                            0x08009649   Thumb Code    10  cmsis_os.o(i.osKernelStart)
    osThreadCreate                           0x08009653   Thumb Code   108  cmsis_os.o(i.osThreadCreate)
    pvPortMalloc                             0x080098d1   Thumb Code   394  heap_4.o(i.pvPortMalloc)
    pxPortInitialiseStack                    0x08009a69   Thumb Code    42  port.o(i.pxPortInitialiseStack)
    uxListRemove                             0x08009a99   Thumb Code    38  list.o(i.uxListRemove)
    vApplicationGetIdleTaskMemory            0x08009ac1   Thumb Code    20  freertos.o(i.vApplicationGetIdleTaskMemory)
    vListInitialise                          0x08009ad9   Thumb Code    22  list.o(i.vListInitialise)
    vListInitialiseItem                      0x08009aef   Thumb Code     6  list.o(i.vListInitialiseItem)
    vListInsert                              0x08009af5   Thumb Code    60  list.o(i.vListInsert)
    vListInsertEnd                           0x08009b31   Thumb Code    24  list.o(i.vListInsertEnd)
    vPortEnterCritical                       0x08009b49   Thumb Code    56  port.o(i.vPortEnterCritical)
    vPortExitCritical                        0x08009b89   Thumb Code    38  port.o(i.vPortExitCritical)
    vPortFree                                0x08009bb5   Thumb Code   160  heap_4.o(i.vPortFree)
    vPortSetupTimerInterrupt                 0x08009c5d   Thumb Code    32  port.o(i.vPortSetupTimerInterrupt)
    vTaskDelay                               0x08009c81   Thumb Code    66  tasks.o(i.vTaskDelay)
    vTaskStartScheduler                      0x08009ccd   Thumb Code    90  tasks.o(i.vTaskStartScheduler)
    vTaskSuspendAll                          0x08009d39   Thumb Code    10  tasks.o(i.vTaskSuspendAll)
    vTaskSwitchContext                       0x08009d49   Thumb Code    84  tasks.o(i.vTaskSwitchContext)
    xPortStartScheduler                      0x08009da5   Thumb Code   232  port.o(i.xPortStartScheduler)
    xTaskCreate                              0x08009ea9   Thumb Code   182  tasks.o(i.xTaskCreate)
    xTaskCreateStatic                        0x08009f5f   Thumb Code   206  tasks.o(i.xTaskCreateStatic)
    xTaskIncrementTick                       0x0800a02d   Thumb Code   226  tasks.o(i.xTaskIncrementTick)
    xTaskResumeAll                           0x0800a119   Thumb Code   426  tasks.o(i.xTaskResumeAll)
    UARTPrescTable                           0x0800a350   Data          24  stm32h7xx_hal_uart.o(.constdata)
    D1CorePrescTable                         0x0800a378   Data          16  system_stm32h7xx.o(.constdata)
    Region$$Table$$Base                      0x0800a394   Number         0  anon$$obj.o(Region$$Table)
    Region$$Table$$Limit                     0x0800a3b4   Number         0  anon$$obj.o(Region$$Table)
    defaultTaskHandle                        0x24000000   Data           4  freertos.o(.data)
    uwTickFreq                               0x24000004   Data           1  stm32h7xx_hal.o(.data)
    uwTickPrio                               0x24000008   Data           4  stm32h7xx_hal.o(.data)
    uwTick                                   0x2400000c   Data           4  stm32h7xx_hal.o(.data)
    SystemCoreClock                          0x24000010   Data           4  system_stm32h7xx.o(.data)
    SystemD2Clock                            0x24000014   Data           4  system_stm32h7xx.o(.data)
    FS_Desc                                  0x24000018   Data          32  usbd_desc.o(.data)
    USBD_LangIDDesc                          0x24000038   Data           4  usbd_desc.o(.data)
    USBD_FS_DeviceDesc                       0x2400003c   Data          18  usbd_desc.o(.data)
    USBD_StringSerial                        0x24000050   Data          26  usbd_desc.o(.data)
    USBD_Interface_fops_FS                   0x2400006c   Data          20  usbd_cdc_if.o(.data)
    pxCurrentTCB                             0x24000080   Data           4  tasks.o(.data)
    USBD_CDC                                 0x24000140   Data          56  usbd_cdc.o(.data)
    hadc1                                    0x240003cc   Data         100  adc.o(.bss)
    hdma_adc1                                0x24000430   Data         120  adc.o(.bss)
    hfdcan1                                  0x240004a8   Data         160  fdcan.o(.bss)
    hhrtim                                   0x24000548   Data         220  hrtim.o(.bss)
    hi2c1                                    0x24000624   Data          84  i2c.o(.bss)
    hi2c4                                    0x24000678   Data          84  i2c.o(.bss)
    htim1                                    0x240006cc   Data          76  tim.o(.bss)
    huart1                                   0x24000718   Data         148  usart.o(.bss)
    htim2                                    0x240007ac   Data          76  stm32h7xx_hal_timebase_tim.o(.bss)
    hUsbDeviceFS                             0x240007f8   Data         732  usb_device.o(.bss)
    USBD_StrDesc                             0x24000ad4   Data         512  usbd_desc.o(.bss)
    UserRxBufferFS                           0x24000cd4   Data        2048  usbd_cdc_if.o(.bss)
    UserTxBufferFS                           0x240014d4   Data        2048  usbd_cdc_if.o(.bss)
    hpcd_USB_OTG_FS                          0x24001ef4   Data        1292  usbd_conf.o(.bss)
    __initial_sp                             0x240064f0   Data           0  startup_stm32h750xx.o(STACK)



==============================================================================

Memory Map of the image

  Image Entry point : 0x08000299

  Load Region LR_IROM1 (Base: 0x08000000, Size: 0x0000a52c, Max: 0x00020000, ABSOLUTE, COMPRESSED[0x0000a470])

    Execution Region ER_IROM1 (Exec base: 0x08000000, Load base: 0x08000000, Size: 0x0000a3b4, Max: 0x00020000, ABSOLUTE)

    Exec Addr    Load Addr    Size         Type   Attr      Idx    E Section Name        Object

    0x08000000   0x08000000   0x00000298   Data   RO            3    RESET               startup_stm32h750xx.o
    0x08000298   0x08000298   0x00000000   Code   RO        13401  * .ARM.Collect$$$$00000000  mc_w.l(entry.o)
    0x08000298   0x08000298   0x00000004   Code   RO        13707    .ARM.Collect$$$$00000001  mc_w.l(entry2.o)
    0x0800029c   0x0800029c   0x00000004   Code   RO        13710    .ARM.Collect$$$$00000004  mc_w.l(entry5.o)
    0x080002a0   0x080002a0   0x00000000   Code   RO        13712    .ARM.Collect$$$$00000008  mc_w.l(entry7b.o)
    0x080002a0   0x080002a0   0x00000000   Code   RO        13714    .ARM.Collect$$$$0000000A  mc_w.l(entry8b.o)
    0x080002a0   0x080002a0   0x00000008   Code   RO        13715    .ARM.Collect$$$$0000000B  mc_w.l(entry9a.o)
    0x080002a8   0x080002a8   0x00000000   Code   RO        13717    .ARM.Collect$$$$0000000D  mc_w.l(entry10a.o)
    0x080002a8   0x080002a8   0x00000000   Code   RO        13719    .ARM.Collect$$$$0000000F  mc_w.l(entry11a.o)
    0x080002a8   0x080002a8   0x00000004   Code   RO        13708    .ARM.Collect$$$$00002712  mc_w.l(entry2.o)
    0x080002ac   0x080002ac   0x000000be   Code   RO         8359    .emb_text           port.o
    0x0800036a   0x0800036a   0x00000002   PAD
    0x0800036c   0x0800036c   0x00000024   Code   RO            4    .text               startup_stm32h750xx.o
    0x08000390   0x08000390   0x00000062   Code   RO        13404    .text               mc_w.l(uldiv.o)
    0x080003f2   0x080003f2   0x00000024   Code   RO        13406    .text               mc_w.l(memcpya.o)
    0x08000416   0x08000416   0x00000024   Code   RO        13410    .text               mc_w.l(memseta.o)
    0x0800043a   0x0800043a   0x0000001e   Code   RO        13726    .text               mc_w.l(llshl.o)
    0x08000458   0x08000458   0x00000020   Code   RO        13728    .text               mc_w.l(llushr.o)
    0x08000478   0x08000478   0x00000024   Code   RO        13743    .text               mc_w.l(init.o)
    0x0800049c   0x0800049c   0x00000056   Code   RO        13757    .text               mc_w.l(__dczerorl2.o)
    0x080004f2   0x080004f2   0x00000002   PAD
    0x080004f4   0x080004f4   0x0000010c   Code   RO         3663    i.ADC_ConfigureBoostMode  stm32h7xx_hal_adc.o
    0x08000600   0x08000600   0x00000002   Code   RO          646    i.BusFault_Handler  stm32h7xx_it.o
    0x08000602   0x08000602   0x00000004   Code   RO         6983    i.CDC_Control_FS    usbd_cdc_if.o
    0x08000606   0x08000606   0x00000004   Code   RO         6984    i.CDC_DeInit_FS     usbd_cdc_if.o
    0x0800060a   0x0800060a   0x00000002   PAD
    0x0800060c   0x0800060c   0x00000024   Code   RO         6985    i.CDC_Init_FS       usbd_cdc_if.o
    0x08000630   0x08000630   0x00000018   Code   RO         6986    i.CDC_Receive_FS    usbd_cdc_if.o
    0x08000648   0x08000648   0x00000004   Code   RO         6987    i.CDC_TransmitCplt_FS  usbd_cdc_if.o
    0x0800064c   0x0800064c   0x0000000c   Code   RO          647    i.DMA1_Stream0_IRQHandler  stm32h7xx_it.o
    0x08000658   0x08000658   0x000000dc   Code   RO         1985    i.DMA_CalcBaseAndBitshift  stm32h7xx_hal_dma.o
    0x08000734   0x08000734   0x00000002   Code   RO          648    i.DebugMon_Handler  stm32h7xx_it.o
    0x08000736   0x08000736   0x00000004   Code   RO           13    i.Error_Handler     main.o
    0x0800073a   0x0800073a   0x00000002   PAD
    0x0800073c   0x0800073c   0x0000010c   Code   RO         3880    i.HAL_ADCEx_MultiModeConfigChannel  stm32h7xx_hal_adc_ex.o
    0x08000848   0x08000848   0x00000498   Code   RO         3671    i.HAL_ADC_ConfigChannel  stm32h7xx_hal_adc.o
    0x08000ce0   0x08000ce0   0x0000027c   Code   RO         3680    i.HAL_ADC_Init      stm32h7xx_hal_adc.o
    0x08000f5c   0x08000f5c   0x000000e4   Code   RO          359    i.HAL_ADC_MspInit   adc.o
    0x08001040   0x08001040   0x0000074c   Code   RO         1992    i.HAL_DMA_IRQHandler  stm32h7xx_hal_dma.o
    0x0800178c   0x0800178c   0x00000538   Code   RO         1993    i.HAL_DMA_Init      stm32h7xx_hal_dma.o
    0x08001cc4   0x08001cc4   0x00000028   Code   RO         2810    i.HAL_Delay         stm32h7xx_hal.o
    0x08001cec   0x08001cec   0x00000462   Code   RO         4109    i.HAL_FDCAN_Init    stm32h7xx_hal_fdcan.o
    0x0800214e   0x0800214e   0x00000002   PAD
    0x08002150   0x08002150   0x00000094   Code   RO          425    i.HAL_FDCAN_MspInit  fdcan.o
    0x080021e4   0x080021e4   0x00000234   Code   RO         1838    i.HAL_GPIO_Init     stm32h7xx_hal_gpio.o
    0x08002418   0x08002418   0x0000000c   Code   RO         2821    i.HAL_GetREVID      stm32h7xx_hal.o
    0x08002424   0x08002424   0x0000000c   Code   RO         2822    i.HAL_GetTick       stm32h7xx_hal.o
    0x08002430   0x08002430   0x000000c4   Code   RO         4704    i.HAL_HRTIM_Init    stm32h7xx_hal_hrtim.o
    0x080024f4   0x080024f4   0x00000054   Code   RO          467    i.HAL_HRTIM_MspInit  hrtim.o
    0x08002548   0x08002548   0x0000008a   Code   RO         4750    i.HAL_HRTIM_TimeBaseConfig  stm32h7xx_hal_hrtim.o
    0x080025d2   0x080025d2   0x0000029e   Code   RO         4768    i.HAL_HRTIM_WaveformTimerConfig  stm32h7xx_hal_hrtim.o
    0x08002870   0x08002870   0x00000064   Code   RO         3537    i.HAL_I2CEx_ConfigAnalogFilter  stm32h7xx_hal_i2c_ex.o
    0x080028d4   0x080028d4   0x00000060   Code   RO         3538    i.HAL_I2CEx_ConfigDigitalFilter  stm32h7xx_hal_i2c_ex.o
    0x08002934   0x08002934   0x000000b4   Code   RO         3126    i.HAL_I2C_Init      stm32h7xx_hal_i2c.o
    0x080029e8   0x080029e8   0x000000f0   Code   RO          509    i.HAL_I2C_MspInit   i2c.o
    0x08002ad8   0x08002ad8   0x00000010   Code   RO         2828    i.HAL_IncTick       stm32h7xx_hal.o
    0x08002ae8   0x08002ae8   0x0000005c   Code   RO         2829    i.HAL_Init          stm32h7xx_hal.o
    0x08002b44   0x08002b44   0x00000090   Code   RO          746    i.HAL_InitTick      stm32h7xx_hal_timebase_tim.o
    0x08002bd4   0x08002bd4   0x00000024   Code   RO          722    i.HAL_MspInit       stm32h7xx_hal_msp.o
    0x08002bf8   0x08002bf8   0x0000001e   Code   RO         2673    i.HAL_NVIC_EnableIRQ  stm32h7xx_hal_cortex.o
    0x08002c16   0x08002c16   0x00000002   PAD
    0x08002c18   0x08002c18   0x00000060   Code   RO         2679    i.HAL_NVIC_SetPriority  stm32h7xx_hal_cortex.o
    0x08002c78   0x08002c78   0x00000024   Code   RO         2680    i.HAL_NVIC_SetPriorityGrouping  stm32h7xx_hal_cortex.o
    0x08002c9c   0x08002c9c   0x00000026   Code   RO         1008    i.HAL_PCDEx_ActivateLPM  stm32h7xx_hal_pcd_ex.o
    0x08002cc2   0x08002cc2   0x00000002   Code   RO         1013    i.HAL_PCDEx_LPM_Callback  stm32h7xx_hal_pcd_ex.o
    0x08002cc4   0x08002cc4   0x00000008   Code   RO         1014    i.HAL_PCDEx_SetRxFiFo  stm32h7xx_hal_pcd_ex.o
    0x08002ccc   0x08002ccc   0x00000058   Code   RO         1015    i.HAL_PCDEx_SetTxFiFo  stm32h7xx_hal_pcd_ex.o
    0x08002d24   0x08002d24   0x00000008   Code   RO         7040    i.HAL_PCD_ConnectCallback  usbd_conf.o
    0x08002d2c   0x08002d2c   0x00000012   Code   RO         7041    i.HAL_PCD_DataInStageCallback  usbd_conf.o
    0x08002d3e   0x08002d3e   0x00000014   Code   RO         7042    i.HAL_PCD_DataOutStageCallback  usbd_conf.o
    0x08002d52   0x08002d52   0x00000008   Code   RO         7043    i.HAL_PCD_DisconnectCallback  usbd_conf.o
    0x08002d5a   0x08002d5a   0x0000004e   Code   RO          795    i.HAL_PCD_EP_Close  stm32h7xx_hal_pcd.o
    0x08002da8   0x08002da8   0x0000005e   Code   RO          796    i.HAL_PCD_EP_ClrStall  stm32h7xx_hal_pcd.o
    0x08002e06   0x08002e06   0x00000012   Code   RO          798    i.HAL_PCD_EP_GetRxCount  stm32h7xx_hal_pcd.o
    0x08002e18   0x08002e18   0x0000005e   Code   RO          799    i.HAL_PCD_EP_Open   stm32h7xx_hal_pcd.o
    0x08002e76   0x08002e76   0x0000003a   Code   RO          800    i.HAL_PCD_EP_Receive  stm32h7xx_hal_pcd.o
    0x08002eb0   0x08002eb0   0x00000072   Code   RO          801    i.HAL_PCD_EP_SetStall  stm32h7xx_hal_pcd.o
    0x08002f22   0x08002f22   0x00000034   Code   RO          802    i.HAL_PCD_EP_Transmit  stm32h7xx_hal_pcd.o
    0x08002f56   0x08002f56   0x00000002   PAD
    0x08002f58   0x08002f58   0x000007c4   Code   RO          804    i.HAL_PCD_IRQHandler  stm32h7xx_hal_pcd.o
    0x0800371c   0x0800371c   0x00000008   Code   RO         7044    i.HAL_PCD_ISOINIncompleteCallback  usbd_conf.o
    0x08003724   0x08003724   0x00000008   Code   RO         7045    i.HAL_PCD_ISOOUTIncompleteCallback  usbd_conf.o
    0x0800372c   0x0800372c   0x00000124   Code   RO          807    i.HAL_PCD_Init      stm32h7xx_hal_pcd.o
    0x08003850   0x08003850   0x000000a8   Code   RO         7047    i.HAL_PCD_MspInit   usbd_conf.o
    0x080038f8   0x080038f8   0x0000002e   Code   RO         7048    i.HAL_PCD_ResetCallback  usbd_conf.o
    0x08003926   0x08003926   0x00000008   Code   RO         7049    i.HAL_PCD_ResumeCallback  usbd_conf.o
    0x0800392e   0x0800392e   0x00000008   Code   RO         7050    i.HAL_PCD_SOFCallback  usbd_conf.o
    0x08003936   0x08003936   0x00000028   Code   RO          813    i.HAL_PCD_SetAddress  stm32h7xx_hal_pcd.o
    0x0800395e   0x0800395e   0x0000000e   Code   RO         7051    i.HAL_PCD_SetupStageCallback  usbd_conf.o
    0x0800396c   0x0800396c   0x00000044   Code   RO          816    i.HAL_PCD_Start     stm32h7xx_hal_pcd.o
    0x080039b0   0x080039b0   0x00000034   Code   RO         7052    i.HAL_PCD_SuspendCallback  usbd_conf.o
    0x080039e4   0x080039e4   0x0000005c   Code   RO         2414    i.HAL_PWREx_ConfigSupply  stm32h7xx_hal_pwr_ex.o
    0x08003a40   0x08003a40   0x00000010   Code   RO         2431    i.HAL_PWREx_EnableUSBVoltageDetector  stm32h7xx_hal_pwr_ex.o
    0x08003a50   0x08003a50   0x00000024   Code   RO         1493    i.HAL_RCCEx_GetD3PCLK1Freq  stm32h7xx_hal_rcc_ex.o
    0x08003a74   0x08003a74   0x000001b0   Code   RO         1494    i.HAL_RCCEx_GetPLL1ClockFreq  stm32h7xx_hal_rcc_ex.o
    0x08003c24   0x08003c24   0x000001ac   Code   RO         1495    i.HAL_RCCEx_GetPLL2ClockFreq  stm32h7xx_hal_rcc_ex.o
    0x08003dd0   0x08003dd0   0x000001ac   Code   RO         1496    i.HAL_RCCEx_GetPLL3ClockFreq  stm32h7xx_hal_rcc_ex.o
    0x08003f7c   0x08003f7c   0x00000524   Code   RO         1498    i.HAL_RCCEx_GetPeriphCLKFreq  stm32h7xx_hal_rcc_ex.o
    0x080044a0   0x080044a0   0x00000ad4   Code   RO         1502    i.HAL_RCCEx_PeriphCLKConfig  stm32h7xx_hal_rcc_ex.o
    0x08004f74   0x08004f74   0x00000294   Code   RO         1378    i.HAL_RCC_ClockConfig  stm32h7xx_hal_rcc.o
    0x08005208   0x08005208   0x0000006c   Code   RO         1382    i.HAL_RCC_GetClockConfig  stm32h7xx_hal_rcc.o
    0x08005274   0x08005274   0x00000048   Code   RO         1383    i.HAL_RCC_GetHCLKFreq  stm32h7xx_hal_rcc.o
    0x080052bc   0x080052bc   0x0000005c   Code   RO         1385    i.HAL_RCC_GetPCLK1Freq  stm32h7xx_hal_rcc.o
    0x08005318   0x08005318   0x0000005c   Code   RO         1386    i.HAL_RCC_GetPCLK2Freq  stm32h7xx_hal_rcc.o
    0x08005374   0x08005374   0x000001a8   Code   RO         1387    i.HAL_RCC_GetSysClockFreq  stm32h7xx_hal_rcc.o
    0x0800551c   0x0800551c   0x00000688   Code   RO         1390    i.HAL_RCC_OscConfig  stm32h7xx_hal_rcc.o
    0x08005ba4   0x08005ba4   0x00000002   Code   RO         6003    i.HAL_TIMEx_Break2Callback  stm32h7xx_hal_tim_ex.o
    0x08005ba6   0x08005ba6   0x00000002   Code   RO         6004    i.HAL_TIMEx_BreakCallback  stm32h7xx_hal_tim_ex.o
    0x08005ba8   0x08005ba8   0x00000002   Code   RO         6005    i.HAL_TIMEx_CommutCallback  stm32h7xx_hal_tim_ex.o
    0x08005baa   0x08005baa   0x0000009c   Code   RO         6007    i.HAL_TIMEx_ConfigBreakDeadTime  stm32h7xx_hal_tim_ex.o
    0x08005c46   0x08005c46   0x00000002   PAD
    0x08005c48   0x08005c48   0x000000a8   Code   RO         6025    i.HAL_TIMEx_MasterConfigSynchronization  stm32h7xx_hal_tim_ex.o
    0x08005cf0   0x08005cf0   0x00000062   Code   RO         5336    i.HAL_TIM_Base_Init  stm32h7xx_hal_tim.o
    0x08005d52   0x08005d52   0x00000002   Code   RO         5338    i.HAL_TIM_Base_MspInit  stm32h7xx_hal_tim.o
    0x08005d54   0x08005d54   0x0000008c   Code   RO         5341    i.HAL_TIM_Base_Start_IT  stm32h7xx_hal_tim.o
    0x08005de0   0x08005de0   0x00000002   Code   RO         5370    i.HAL_TIM_IC_CaptureCallback  stm32h7xx_hal_tim.o
    0x08005de2   0x08005de2   0x00000188   Code   RO         5384    i.HAL_TIM_IRQHandler  stm32h7xx_hal_tim.o
    0x08005f6a   0x08005f6a   0x00000002   Code   RO         5387    i.HAL_TIM_OC_DelayElapsedCallback  stm32h7xx_hal_tim.o
    0x08005f6c   0x08005f6c   0x00000340   Code   RO         5408    i.HAL_TIM_PWM_ConfigChannel  stm32h7xx_hal_tim.o
    0x080062ac   0x080062ac   0x00000062   Code   RO         5411    i.HAL_TIM_PWM_Init  stm32h7xx_hal_tim.o
    0x0800630e   0x0800630e   0x00000002   PAD
    0x08006310   0x08006310   0x0000002c   Code   RO          558    i.HAL_TIM_PWM_MspInit  tim.o
    0x0800633c   0x0800633c   0x00000002   Code   RO         5414    i.HAL_TIM_PWM_PulseFinishedCallback  stm32h7xx_hal_tim.o
    0x0800633e   0x0800633e   0x0000000e   Code   RO           14    i.HAL_TIM_PeriodElapsedCallback  main.o
    0x0800634c   0x0800634c   0x00000002   Code   RO         5427    i.HAL_TIM_TriggerCallback  stm32h7xx_hal_tim.o
    0x0800634e   0x0800634e   0x00000048   Code   RO         6703    i.HAL_UARTEx_DisableFifoMode  stm32h7xx_hal_uart_ex.o
    0x08006396   0x08006396   0x00000002   PAD
    0x08006398   0x08006398   0x0000008c   Code   RO         6712    i.HAL_UARTEx_SetRxFifoThreshold  stm32h7xx_hal_uart_ex.o
    0x08006424   0x08006424   0x0000008c   Code   RO         6713    i.HAL_UARTEx_SetTxFifoThreshold  stm32h7xx_hal_uart_ex.o
    0x080064b0   0x080064b0   0x0000006e   Code   RO         6318    i.HAL_UART_Init     stm32h7xx_hal_uart.o
    0x0800651e   0x0800651e   0x00000002   PAD
    0x08006520   0x08006520   0x00000090   Code   RO          605    i.HAL_UART_MspInit  usart.o
    0x080065b0   0x080065b0   0x00000002   Code   RO          649    i.HardFault_Handler  stm32h7xx_it.o
    0x080065b2   0x080065b2   0x00000002   PAD
    0x080065b4   0x080065b4   0x00000098   Code   RO          360    i.MX_ADC1_Init      adc.o
    0x0800664c   0x0800664c   0x0000002c   Code   RO          400    i.MX_DMA_Init       dma.o
    0x08006678   0x08006678   0x00000064   Code   RO          426    i.MX_FDCAN1_Init    fdcan.o
    0x080066dc   0x080066dc   0x00000028   Code   RO          308    i.MX_FREERTOS_Init  freertos.o
    0x08006704   0x08006704   0x0000006c   Code   RO          284    i.MX_GPIO_Init      gpio.o
    0x08006770   0x08006770   0x00000088   Code   RO          468    i.MX_HRTIM_Init     hrtim.o
    0x080067f8   0x080067f8   0x00000060   Code   RO          510    i.MX_I2C1_Init      i2c.o
    0x08006858   0x08006858   0x00000060   Code   RO          511    i.MX_I2C4_Init      i2c.o
    0x080068b8   0x080068b8   0x0000012c   Code   RO          559    i.MX_TIM1_Init      tim.o
    0x080069e4   0x080069e4   0x00000070   Code   RO          606    i.MX_USART1_UART_Init  usart.o
    0x08006a54   0x08006a54   0x0000005c   Code   RO         6853    i.MX_USB_DEVICE_Init  usb_device.o
    0x08006ab0   0x08006ab0   0x00000002   Code   RO          650    i.MemManage_Handler  stm32h7xx_it.o
    0x08006ab2   0x08006ab2   0x00000002   Code   RO          651    i.NMI_Handler       stm32h7xx_it.o
    0x08006ab4   0x08006ab4   0x0000000c   Code   RO          652    i.OTG_FS_IRQHandler  stm32h7xx_it.o
    0x08006ac0   0x08006ac0   0x00000144   Code   RO         1505    i.RCCEx_PLL2_Config  stm32h7xx_hal_rcc_ex.o
    0x08006c04   0x08006c04   0x00000144   Code   RO         1506    i.RCCEx_PLL3_Config  stm32h7xx_hal_rcc_ex.o
    0x08006d48   0x08006d48   0x0000000c   Code   RO          309    i.StartDefaultTask  freertos.o
    0x08006d54   0x08006d54   0x0000002c   Code   RO         8360    i.SysTick_Handler   port.o
    0x08006d80   0x08006d80   0x000000f0   Code   RO           15    i.SystemClock_Config  main.o
    0x08006e70   0x08006e70   0x00000104   Code   RO         6817    i.SystemInit        system_stm32h7xx.o
    0x08006f74   0x08006f74   0x0000000c   Code   RO          653    i.TIM2_IRQHandler   stm32h7xx_it.o
    0x08006f80   0x08006f80   0x000000c4   Code   RO         5429    i.TIM_Base_SetConfig  stm32h7xx_hal_tim.o
    0x08007044   0x08007044   0x00000090   Code   RO         5441    i.TIM_OC2_SetConfig  stm32h7xx_hal_tim.o
    0x080070d4   0x080070d4   0x000000da   Code   RO         6332    i.UART_AdvFeatureConfig  stm32h7xx_hal_uart.o
    0x080071ae   0x080071ae   0x000000ba   Code   RO         6333    i.UART_CheckIdleState  stm32h7xx_hal_uart.o
    0x08007268   0x08007268   0x000003c0   Code   RO         6349    i.UART_SetConfig    stm32h7xx_hal_uart.o
    0x08007628   0x08007628   0x0000013a   Code   RO         6356    i.UART_WaitOnFlagUntilTimeout  stm32h7xx_hal_uart.o
    0x08007762   0x08007762   0x00000076   Code   RO         8716    i.USBD_CDC_DataIn   usbd_cdc.o
    0x080077d8   0x080077d8   0x0000003e   Code   RO         8717    i.USBD_CDC_DataOut  usbd_cdc.o
    0x08007816   0x08007816   0x00000002   PAD
    0x08007818   0x08007818   0x00000090   Code   RO         8718    i.USBD_CDC_DeInit   usbd_cdc.o
    0x080078a8   0x080078a8   0x0000003a   Code   RO         8719    i.USBD_CDC_EP0_RxReady  usbd_cdc.o
    0x080078e2   0x080078e2   0x00000002   PAD
    0x080078e4   0x080078e4   0x0000000c   Code   RO         8720    i.USBD_CDC_GetDeviceQualifierDescriptor  usbd_cdc.o
    0x080078f0   0x080078f0   0x00000044   Code   RO         8721    i.USBD_CDC_GetFSCfgDesc  usbd_cdc.o
    0x08007934   0x08007934   0x00000044   Code   RO         8722    i.USBD_CDC_GetHSCfgDesc  usbd_cdc.o
    0x08007978   0x08007978   0x00000044   Code   RO         8723    i.USBD_CDC_GetOtherSpeedCfgDesc  usbd_cdc.o
    0x080079bc   0x080079bc   0x0000015c   Code   RO         8724    i.USBD_CDC_Init     usbd_cdc.o
    0x08007b18   0x08007b18   0x00000044   Code   RO         8725    i.USBD_CDC_ReceivePacket  usbd_cdc.o
    0x08007b5c   0x08007b5c   0x00000018   Code   RO         8726    i.USBD_CDC_RegisterInterface  usbd_cdc.o
    0x08007b74   0x08007b74   0x0000001a   Code   RO         8727    i.USBD_CDC_SetRxBuffer  usbd_cdc.o
    0x08007b8e   0x08007b8e   0x0000001e   Code   RO         8728    i.USBD_CDC_SetTxBuffer  usbd_cdc.o
    0x08007bac   0x08007bac   0x000000de   Code   RO         8729    i.USBD_CDC_Setup    usbd_cdc.o
    0x08007c8a   0x08007c8a   0x00000016   Code   RO         8439    i.USBD_ClrClassConfig  usbd_core.o
    0x08007ca0   0x08007ca0   0x00000004   Code   RO         8440    i.USBD_CoreFindEP   usbd_core.o
    0x08007ca4   0x08007ca4   0x00000004   Code   RO         8441    i.USBD_CoreFindIF   usbd_core.o
    0x08007ca8   0x08007ca8   0x00000010   Code   RO         8656    i.USBD_CtlContinueRx  usbd_ioreq.o
    0x08007cb8   0x08007cb8   0x00000010   Code   RO         8657    i.USBD_CtlContinueSendData  usbd_ioreq.o
    0x08007cc8   0x08007cc8   0x00000016   Code   RO         8598    i.USBD_CtlError     usbd_ctlreq.o
    0x08007cde   0x08007cde   0x0000001e   Code   RO         8658    i.USBD_CtlPrepareRx  usbd_ioreq.o
    0x08007cfc   0x08007cfc   0x00000016   Code   RO         8659    i.USBD_CtlReceiveStatus  usbd_ioreq.o
    0x08007d12   0x08007d12   0x0000001a   Code   RO         8660    i.USBD_CtlSendData  usbd_ioreq.o
    0x08007d2c   0x08007d2c   0x00000016   Code   RO         8661    i.USBD_CtlSendStatus  usbd_ioreq.o
    0x08007d42   0x08007d42   0x00000002   PAD
    0x08007d44   0x08007d44   0x00000020   Code   RO         6901    i.USBD_FS_ConfigStrDescriptor  usbd_desc.o
    0x08007d64   0x08007d64   0x0000000c   Code   RO         6902    i.USBD_FS_DeviceDescriptor  usbd_desc.o
    0x08007d70   0x08007d70   0x00000024   Code   RO         6903    i.USBD_FS_InterfaceStrDescriptor  usbd_desc.o
    0x08007d94   0x08007d94   0x0000000c   Code   RO         6904    i.USBD_FS_LangIDStrDescriptor  usbd_desc.o
    0x08007da0   0x08007da0   0x00000028   Code   RO         6905    i.USBD_FS_ManufacturerStrDescriptor  usbd_desc.o
    0x08007dc8   0x08007dc8   0x0000002c   Code   RO         6906    i.USBD_FS_ProductStrDescriptor  usbd_desc.o
    0x08007df4   0x08007df4   0x00000080   Code   RO         6907    i.USBD_FS_SerialStrDescriptor  usbd_desc.o
    0x08007e74   0x08007e74   0x00000036   Code   RO         8443    i.USBD_GetEpDesc    usbd_core.o
    0x08007eaa   0x08007eaa   0x0000006c   Code   RO         8599    i.USBD_GetString    usbd_ctlreq.o
    0x08007f16   0x08007f16   0x0000002a   Code   RO         8445    i.USBD_Init         usbd_core.o
    0x08007f40   0x08007f40   0x00000024   Code   RO         7054    i.USBD_LL_ClearStallEP  usbd_conf.o
    0x08007f64   0x08007f64   0x00000024   Code   RO         7055    i.USBD_LL_CloseEP   usbd_conf.o
    0x08007f88   0x08007f88   0x000000c4   Code   RO         8446    i.USBD_LL_DataInStage  usbd_core.o
    0x0800804c   0x0800804c   0x00000094   Code   RO         8447    i.USBD_LL_DataOutStage  usbd_core.o
    0x080080e0   0x080080e0   0x00000004   Code   RO         8448    i.USBD_LL_DevConnected  usbd_core.o
    0x080080e4   0x080080e4   0x00000022   Code   RO         8449    i.USBD_LL_DevDisconnected  usbd_core.o
    0x08008106   0x08008106   0x00000008   Code   RO         7059    i.USBD_LL_GetRxDataSize  usbd_conf.o
    0x0800810e   0x0800810e   0x00000002   PAD
    0x08008110   0x08008110   0x00000068   Code   RO         7060    i.USBD_LL_Init      usbd_conf.o
    0x08008178   0x08008178   0x00000020   Code   RO         7061    i.USBD_LL_IsStallEP  usbd_conf.o
    0x08008198   0x08008198   0x0000002a   Code   RO         8450    i.USBD_LL_IsoINIncomplete  usbd_core.o
    0x080081c2   0x080081c2   0x0000002a   Code   RO         8451    i.USBD_LL_IsoOUTIncomplete  usbd_core.o
    0x080081ec   0x080081ec   0x0000002a   Code   RO         7062    i.USBD_LL_OpenEP    usbd_conf.o
    0x08008216   0x08008216   0x00000024   Code   RO         7063    i.USBD_LL_PrepareReceive  usbd_conf.o
    0x0800823a   0x0800823a   0x00000066   Code   RO         8452    i.USBD_LL_Reset     usbd_core.o
    0x080082a0   0x080082a0   0x00000014   Code   RO         8453    i.USBD_LL_Resume    usbd_core.o
    0x080082b4   0x080082b4   0x0000001e   Code   RO         8454    i.USBD_LL_SOF       usbd_core.o
    0x080082d2   0x080082d2   0x00000006   Code   RO         8455    i.USBD_LL_SetSpeed  usbd_core.o
    0x080082d8   0x080082d8   0x00000024   Code   RO         7064    i.USBD_LL_SetUSBAddress  usbd_conf.o
    0x080082fc   0x080082fc   0x00000064   Code   RO         8456    i.USBD_LL_SetupStage  usbd_core.o
    0x08008360   0x08008360   0x00000024   Code   RO         7065    i.USBD_LL_StallEP   usbd_conf.o
    0x08008384   0x08008384   0x00000024   Code   RO         7066    i.USBD_LL_Start     usbd_conf.o
    0x080083a8   0x080083a8   0x0000001a   Code   RO         8457    i.USBD_LL_Suspend   usbd_core.o
    0x080083c2   0x080083c2   0x00000024   Code   RO         7068    i.USBD_LL_Transmit  usbd_conf.o
    0x080083e6   0x080083e6   0x00000028   Code   RO         8600    i.USBD_ParseSetupRequest  usbd_ctlreq.o
    0x0800840e   0x0800840e   0x0000003c   Code   RO         8458    i.USBD_RegisterClass  usbd_core.o
    0x0800844a   0x0800844a   0x00000014   Code   RO         8460    i.USBD_SetClassConfig  usbd_core.o
    0x0800845e   0x0800845e   0x00000004   Code   RO         8461    i.USBD_Start        usbd_core.o
    0x08008462   0x08008462   0x00000002   PAD
    0x08008464   0x08008464   0x00000334   Code   RO         8601    i.USBD_StdDevReq    usbd_ctlreq.o
    0x08008798   0x08008798   0x000001b0   Code   RO         8602    i.USBD_StdEPReq     usbd_ctlreq.o
    0x08008948   0x08008948   0x00000078   Code   RO         8603    i.USBD_StdItfReq    usbd_ctlreq.o
    0x080089c0   0x080089c0   0x00000002   Code   RO         7069    i.USBD_static_free  usbd_conf.o
    0x080089c2   0x080089c2   0x00000002   PAD
    0x080089c4   0x080089c4   0x00000008   Code   RO         7070    i.USBD_static_malloc  usbd_conf.o
    0x080089cc   0x080089cc   0x0000009c   Code   RO         1080    i.USB_ActivateEndpoint  stm32h7xx_ll_usb.o
    0x08008a68   0x08008a68   0x0000001c   Code   RO         1082    i.USB_ActivateSetup  stm32h7xx_ll_usb.o
    0x08008a84   0x08008a84   0x0000012c   Code   RO         1084    i.USB_CoreInit      stm32h7xx_ll_usb.o
    0x08008bb0   0x08008bb0   0x000000e0   Code   RO         1087    i.USB_DeactivateEndpoint  stm32h7xx_ll_usb.o
    0x08008c90   0x08008c90   0x0000001c   Code   RO         1088    i.USB_DevConnect    stm32h7xx_ll_usb.o
    0x08008cac   0x08008cac   0x0000001c   Code   RO         1089    i.USB_DevDisconnect  stm32h7xx_ll_usb.o
    0x08008cc8   0x08008cc8   0x000001a0   Code   RO         1090    i.USB_DevInit       stm32h7xx_ll_usb.o
    0x08008e68   0x08008e68   0x0000000c   Code   RO         1091    i.USB_DisableGlobalInt  stm32h7xx_ll_usb.o
    0x08008e74   0x08008e74   0x0000005c   Code   RO         1094    i.USB_EP0_OutStart  stm32h7xx_ll_usb.o
    0x08008ed0   0x08008ed0   0x0000005a   Code   RO         1095    i.USB_EPClearStall  stm32h7xx_ll_usb.o
    0x08008f2a   0x08008f2a   0x0000005e   Code   RO         1096    i.USB_EPSetStall    stm32h7xx_ll_usb.o
    0x08008f88   0x08008f88   0x00000292   Code   RO         1097    i.USB_EPStartXfer   stm32h7xx_ll_usb.o
    0x0800921a   0x0800921a   0x000000ac   Code   RO         1098    i.USB_EPStopXfer    stm32h7xx_ll_usb.o
    0x080092c6   0x080092c6   0x0000000c   Code   RO         1099    i.USB_EnableGlobalInt  stm32h7xx_ll_usb.o
    0x080092d2   0x080092d2   0x00000002   PAD
    0x080092d4   0x080092d4   0x00000044   Code   RO         1100    i.USB_FlushRxFifo   stm32h7xx_ll_usb.o
    0x08009318   0x08009318   0x0000004c   Code   RO         1101    i.USB_FlushTxFifo   stm32h7xx_ll_usb.o
    0x08009364   0x08009364   0x00000018   Code   RO         1103    i.USB_GetDevSpeed   stm32h7xx_ll_usb.o
    0x0800937c   0x0800937c   0x00000008   Code   RO         1105    i.USB_GetMode       stm32h7xx_ll_usb.o
    0x08009384   0x08009384   0x0000000e   Code   RO         1113    i.USB_ReadDevAllInEpInterrupt  stm32h7xx_ll_usb.o
    0x08009392   0x08009392   0x0000000e   Code   RO         1114    i.USB_ReadDevAllOutEpInterrupt  stm32h7xx_ll_usb.o
    0x080093a0   0x080093a0   0x00000022   Code   RO         1115    i.USB_ReadDevInEPInterrupt  stm32h7xx_ll_usb.o
    0x080093c2   0x080093c2   0x00000010   Code   RO         1116    i.USB_ReadDevOutEPInterrupt  stm32h7xx_ll_usb.o
    0x080093d2   0x080093d2   0x00000008   Code   RO         1117    i.USB_ReadInterrupts  stm32h7xx_ll_usb.o
    0x080093da   0x080093da   0x0000006c   Code   RO         1118    i.USB_ReadPacket    stm32h7xx_ll_usb.o
    0x08009446   0x08009446   0x0000005e   Code   RO         1120    i.USB_SetCurrentMode  stm32h7xx_ll_usb.o
    0x080094a4   0x080094a4   0x00000022   Code   RO         1121    i.USB_SetDevAddress  stm32h7xx_ll_usb.o
    0x080094c6   0x080094c6   0x00000002   PAD
    0x080094c8   0x080094c8   0x000000e4   Code   RO         1123    i.USB_SetTurnaroundTime  stm32h7xx_ll_usb.o
    0x080095ac   0x080095ac   0x00000036   Code   RO         1126    i.USB_WritePacket   stm32h7xx_ll_usb.o
    0x080095e2   0x080095e2   0x00000002   Code   RO          654    i.UsageFault_Handler  stm32h7xx_it.o
    0x080095e4   0x080095e4   0x0000000e   Code   RO        13751    i.__scatterload_copy  mc_w.l(handlers.o)
    0x080095f2   0x080095f2   0x00000002   Code   RO        13752    i.__scatterload_null  mc_w.l(handlers.o)
    0x080095f4   0x080095f4   0x0000000e   Code   RO        13753    i.__scatterload_zeroinit  mc_w.l(handlers.o)
    0x08009602   0x08009602   0x00000036   Code   RO           16    i.main              main.o
    0x08009638   0x08009638   0x00000010   Code   RO         7952    i.osDelay           cmsis_os.o
    0x08009648   0x08009648   0x0000000a   Code   RO         7955    i.osKernelStart     cmsis_os.o
    0x08009652   0x08009652   0x0000006c   Code   RO         7989    i.osThreadCreate    cmsis_os.o
    0x080096be   0x080096be   0x00000002   PAD
    0x080096c0   0x080096c0   0x00000074   Code   RO         7658    i.prvAddCurrentTaskToDelayedList  tasks.o
    0x08009734   0x08009734   0x000000e4   Code   RO         7659    i.prvAddNewTaskToReadyList  tasks.o
    0x08009818   0x08009818   0x0000008c   Code   RO         7660    i.prvIdleTask       tasks.o
    0x080098a4   0x080098a4   0x0000002c   Code   RO         8361    i.prvTaskExitError  port.o
    0x080098d0   0x080098d0   0x00000198   Code   RO         8302    i.pvPortMalloc      heap_4.o
    0x08009a68   0x08009a68   0x00000030   Code   RO         8362    i.pxPortInitialiseStack  port.o
    0x08009a98   0x08009a98   0x00000026   Code   RO         7342    i.uxListRemove      list.o
    0x08009abe   0x08009abe   0x00000002   PAD
    0x08009ac0   0x08009ac0   0x00000018   Code   RO          310    i.vApplicationGetIdleTaskMemory  freertos.o
    0x08009ad8   0x08009ad8   0x00000016   Code   RO         7343    i.vListInitialise   list.o
    0x08009aee   0x08009aee   0x00000006   Code   RO         7344    i.vListInitialiseItem  list.o
    0x08009af4   0x08009af4   0x0000003c   Code   RO         7345    i.vListInsert       list.o
    0x08009b30   0x08009b30   0x00000018   Code   RO         7346    i.vListInsertEnd    list.o
    0x08009b48   0x08009b48   0x00000040   Code   RO         8364    i.vPortEnterCritical  port.o
    0x08009b88   0x08009b88   0x0000002c   Code   RO         8365    i.vPortExitCritical  port.o
    0x08009bb4   0x08009bb4   0x000000a8   Code   RO         8303    i.vPortFree         heap_4.o
    0x08009c5c   0x08009c5c   0x00000024   Code   RO         8366    i.vPortSetupTimerInterrupt  port.o
    0x08009c80   0x08009c80   0x0000004c   Code   RO         7668    i.vTaskDelay        tasks.o
    0x08009ccc   0x08009ccc   0x0000006c   Code   RO         7681    i.vTaskStartScheduler  tasks.o
    0x08009d38   0x08009d38   0x00000010   Code   RO         7683    i.vTaskSuspendAll   tasks.o
    0x08009d48   0x08009d48   0x0000005c   Code   RO         7684    i.vTaskSwitchContext  tasks.o
    0x08009da4   0x08009da4   0x00000104   Code   RO         8368    i.xPortStartScheduler  port.o
    0x08009ea8   0x08009ea8   0x000000b6   Code   RO         7687    i.xTaskCreate       tasks.o
    0x08009f5e   0x08009f5e   0x000000ce   Code   RO         7688    i.xTaskCreateStatic  tasks.o
    0x0800a02c   0x0800a02c   0x000000ec   Code   RO         7695    i.xTaskIncrementTick  tasks.o
    0x0800a118   0x0800a118   0x000001b8   Code   RO         7701    i.xTaskResumeAll    tasks.o
    0x0800a2d0   0x0800a2d0   0x0000001c   Data   RO          312    .constdata          freertos.o
    0x0800a2ec   0x0800a2ec   0x00000008   Data   RO         1999    .constdata          stm32h7xx_hal_dma.o
    0x0800a2f4   0x0800a2f4   0x0000005c   Data   RO         4157    .constdata          stm32h7xx_hal_fdcan.o
    0x0800a350   0x0800a350   0x00000018   Data   RO         6357    .constdata          stm32h7xx_hal_uart.o
    0x0800a368   0x0800a368   0x00000010   Data   RO         6717    .constdata          stm32h7xx_hal_uart_ex.o
    0x0800a378   0x0800a378   0x00000010   Data   RO         6818    .constdata          system_stm32h7xx.o
    0x0800a388   0x0800a388   0x0000000c   Data   RO          313    .conststring        freertos.o
    0x0800a394   0x0800a394   0x00000020   Data   RO        13749    Region$$Table       anon$$obj.o


    Execution Region RW_IRAM1 (Exec base: 0x20000000, Load base: 0x0800a3b4, Size: 0x00000000, Max: 0x00020000, ABSOLUTE)

    **** No section assigned to this execution region ****


    Execution Region RW_IRAM2 (Exec base: 0x24000000, Load base: 0x0800a3b4, Size: 0x000064f0, Max: 0x00080000, ABSOLUTE, COMPRESSED[0x000000bc])

    Exec Addr    Load Addr    Size         Type   Attr      Idx    E Section Name        Object

    0x24000000   COMPRESSED   0x00000004   Data   RW          314    .data               freertos.o
    0x24000004   COMPRESSED   0x0000000c   Data   RW         2851    .data               stm32h7xx_hal.o
    0x24000010   COMPRESSED   0x00000008   Data   RW         6819    .data               system_stm32h7xx.o
    0x24000018   COMPRESSED   0x00000020   Data   RW         6909    .data               usbd_desc.o
    0x24000038   COMPRESSED   0x00000032   Data   RW         6910    .data               usbd_desc.o
    0x2400006a   COMPRESSED   0x00000002   PAD
    0x2400006c   COMPRESSED   0x00000014   Data   RW         6990    .data               usbd_cdc_if.o
    0x24000080   COMPRESSED   0x0000003c   Data   RW         7704    .data               tasks.o
    0x240000bc   COMPRESSED   0x00000020   Data   RW         8309    .data               heap_4.o
    0x240000dc   COMPRESSED   0x0000000c   Data   RW         8369    .data               port.o
    0x240000e8   COMPRESSED   0x00000001   Data   RW         8604    .data               usbd_ctlreq.o
    0x240000e9   COMPRESSED   0x00000003   PAD
    0x240000ec   COMPRESSED   0x00000053   Data   RW         8731    .data               usbd_cdc.o
    0x2400013f   COMPRESSED   0x00000001   PAD
    0x24000140   COMPRESSED   0x00000038   Data   RW         8732    .data               usbd_cdc.o
    0x24000178        -       0x00000254   Zero   RW          311    .bss                freertos.o
    0x240003cc        -       0x000000dc   Zero   RW          361    .bss                adc.o
    0x240004a8        -       0x000000a0   Zero   RW          427    .bss                fdcan.o
    0x24000548        -       0x000000dc   Zero   RW          469    .bss                hrtim.o
    0x24000624        -       0x000000a8   Zero   RW          512    .bss                i2c.o
    0x240006cc        -       0x0000004c   Zero   RW          560    .bss                tim.o
    0x24000718        -       0x00000094   Zero   RW          607    .bss                usart.o
    0x240007ac        -       0x0000004c   Zero   RW          749    .bss                stm32h7xx_hal_timebase_tim.o
    0x240007f8        -       0x000002dc   Zero   RW         6854    .bss                usb_device.o
    0x24000ad4        -       0x00000200   Zero   RW         6908    .bss                usbd_desc.o
    0x24000cd4        -       0x00001000   Zero   RW         6989    .bss                usbd_cdc_if.o
    0x24001cd4        -       0x0000072c   Zero   RW         7071    .bss                usbd_conf.o
    0x24002400        -       0x000000f0   Zero   RW         7703    .bss                tasks.o
    0x240024f0        -       0x00003c00   Zero   RW         8308    .bss                heap_4.o
    0x240060f0        -       0x00000400   Zero   RW            1    STACK               startup_stm32h750xx.o


==============================================================================

Image component sizes


      Code (inc. data)   RO Data    RW Data    ZI Data      Debug   Object Name

       380         32          0          0        220       2035   adc.o
       134          0          0          0          0      23353   cmsis_os.o
        44          4          0          0          0        794   dma.o
         0          0          0          0          0      16956   event_groups.o
       248         22          0          0        160       1847   fdcan.o
        76         14         40          4        596       2518   freertos.o
       108          4          0          0          0        955   gpio.o
       576         22          0         32      15360       6763   heap_4.o
       220         14          0          0        220       1865   hrtim.o
       432         48          0          0        168       2542   i2c.o
       150          0          0          0          0       3658   list.o
       312         14          0          0          0    1505382   main.o
       730         80          0         12          0      11172   port.o
        36          8        664          0       1024        844   startup_stm32h750xx.o
       172         36          0         12          0      22697   stm32h7xx_hal.o
      2080        122          0          0          0      66788   stm32h7xx_hal_adc.o
       268         18          0          0          0       1919   stm32h7xx_hal_adc_ex.o
       162         10          0          0          0      38306   stm32h7xx_hal_cortex.o
      3424        382          8          0          0       6288   stm32h7xx_hal_dma.o
      1122         18         92          0          0       4614   stm32h7xx_hal_fdcan.o
       564         10          0          0          0       1532   stm32h7xx_hal_gpio.o
      1004         18          0          0          0       6412   stm32h7xx_hal_hrtim.o
       180          0          0          0          0       3847   stm32h7xx_hal_i2c.o
       196          0          0          0          0       2099   stm32h7xx_hal_i2c_ex.o
        36          4          0          0          0        846   stm32h7xx_hal_msp.o
      2896          8          0          0          0      12856   stm32h7xx_hal_pcd.o
       136          0          0          0          0       3231   stm32h7xx_hal_pcd_ex.o
       108         12          0          0          0       1386   stm32h7xx_hal_pwr_ex.o
      3120        194          0          0          0       8361   stm32h7xx_hal_rcc.o
      6060        262          0          0          0      11291   stm32h7xx_hal_rcc_ex.o
      1910         68          0          0          0      11987   stm32h7xx_hal_tim.o
       330          8          0          0          0       4048   stm32h7xx_hal_tim_ex.o
       144         18          0          0         76       1535   stm32h7xx_hal_timebase_tim.o
      1788         72         24          0          0      26033   stm32h7xx_hal_uart.o
       352         12         16          0          0       3485   stm32h7xx_hal_uart_ex.o
        48         18          0          0          0       4281   stm32h7xx_it.o
      3090        102          0          0          0      23844   stm32h7xx_ll_usb.o
         0          0          0          0          0        416   stream_buffer.o
       260         58         16          8          0       1430   system_stm32h7xx.o
      1840        124          0         60        240      19512   tasks.o
       344         20          0          0         76       2119   tim.o
       256         20          0          0        148       1870   usart.o
        92         18          0          0        732       2639   usb_device.o
      1316         30          0        139          0      13767   usbd_cdc.o
        72         16          0         20       4096       3302   usbd_cdc_if.o
       814         32          0          0       1836      17460   usbd_conf.o
       960          0          0          0          0      15395   usbd_core.o
      1542         22          0          1          0      14144   usbd_ctlreq.o
       304        108          0         82        512       6261   usbd_desc.o
       132          0          0          0          0       4608   usbd_ioreq.o

    ----------------------------------------------------------------------
     40610       2102        892        376      25464    1951293   Object Totals
         0          0         32          0          0          0   (incl. Generated)
        42          0          0          6          0          0   (incl. Padding)

    ----------------------------------------------------------------------

      Code (inc. data)   RO Data    RW Data    ZI Data      Debug   Library Member Name

        86          0          0          0          0          0   __dczerorl2.o
         0          0          0          0          0          0   entry.o
         0          0          0          0          0          0   entry10a.o
         0          0          0          0          0          0   entry11a.o
         8          4          0          0          0          0   entry2.o
         4          0          0          0          0          0   entry5.o
         0          0          0          0          0          0   entry7b.o
         0          0          0          0          0          0   entry8b.o
         8          4          0          0          0          0   entry9a.o
        30          0          0          0          0          0   handlers.o
        36          8          0          0          0         68   init.o
        30          0          0          0          0         68   llshl.o
        32          0          0          0          0         68   llushr.o
        36          0          0          0          0         68   memcpya.o
        36          0          0          0          0        108   memseta.o
        98          0          0          0          0         92   uldiv.o

    ----------------------------------------------------------------------
       406         16          0          0          0        472   Library Totals
         2          0          0          0          0          0   (incl. Padding)

    ----------------------------------------------------------------------

      Code (inc. data)   RO Data    RW Data    ZI Data      Debug   Library Name

       404         16          0          0          0        472   mc_w.l

    ----------------------------------------------------------------------
       406         16          0          0          0        472   Library Totals

    ----------------------------------------------------------------------

==============================================================================


      Code (inc. data)   RO Data    RW Data    ZI Data      Debug   

     41016       2118        892        376      25464    1927193   Grand Totals
     41016       2118        892        188      25464    1927193   ELF Image Totals (compressed)
     41016       2118        892        188          0          0   ROM Totals

==============================================================================

    Total RO  Size (Code + RO Data)                41908 (  40.93kB)
    Total RW  Size (RW Data + ZI Data)             25840 (  25.23kB)
    Total ROM Size (Code + RO Data + RW Data)      42096 (  41.11kB)

==============================================================================

