<!doctype html public "-//w3c//dtd html 4.0 transitional//en">
<html><head>
<title>Static Call Graph - [DigitalSource\DigitalSource.axf]</title></head>
<body><HR>
<H1>Static Call Graph for image DigitalSource\DigitalSource.axf</H1><HR>
<BR><P>#&#060CALLGRAPH&#062# ARM Linker, 5060528: Last Updated: Sun Feb 18 11:27:56 2024
<BR><P>
<H3>Maximum Stack Usage =        416 bytes + Unknown(Cycles, Untraceable Function Pointers)</H3><H3>
Call chain for Maximum Stack Depth:</H3>
main &rArr; MX_FDCAN1_Init &rArr; HAL_FDCAN_Init &rArr; HAL_FDCAN_MspInit &rArr; HAL_RCCEx_PeriphCLKConfig &rArr; RCCEx_PLL3_Config
<P>
<H3>
Mutually Recursive functions
</H3> <LI><a href="#[82]">ADC3_IRQHandler</a>&nbsp;&nbsp;&nbsp;&rArr;&nbsp;&nbsp;&nbsp;<a href="#[82]">ADC3_IRQHandler</a><BR>
 <LI><a href="#[4]">BusFault_Handler</a>&nbsp;&nbsp;&nbsp;&rArr;&nbsp;&nbsp;&nbsp;<a href="#[4]">BusFault_Handler</a><BR>
 <LI><a href="#[2]">HardFault_Handler</a>&nbsp;&nbsp;&nbsp;&rArr;&nbsp;&nbsp;&nbsp;<a href="#[2]">HardFault_Handler</a><BR>
 <LI><a href="#[3]">MemManage_Handler</a>&nbsp;&nbsp;&nbsp;&rArr;&nbsp;&nbsp;&nbsp;<a href="#[3]">MemManage_Handler</a><BR>
 <LI><a href="#[1]">NMI_Handler</a>&nbsp;&nbsp;&nbsp;&rArr;&nbsp;&nbsp;&nbsp;<a href="#[1]">NMI_Handler</a><BR>
 <LI><a href="#[9b]">StartAdjustTask</a>&nbsp;&nbsp;&nbsp;&rArr;&nbsp;&nbsp;&nbsp;<a href="#[9b]">StartAdjustTask</a><BR>
 <LI><a href="#[9a]">StartDisplayTask</a>&nbsp;&nbsp;&nbsp;&rArr;&nbsp;&nbsp;&nbsp;<a href="#[9a]">StartDisplayTask</a><BR>
 <LI><a href="#[99]">StartStorageTask</a>&nbsp;&nbsp;&nbsp;&rArr;&nbsp;&nbsp;&nbsp;<a href="#[99]">StartStorageTask</a><BR>
 <LI><a href="#[9c]">StartUppercompTask</a>&nbsp;&nbsp;&nbsp;&rArr;&nbsp;&nbsp;&nbsp;<a href="#[9c]">StartUppercompTask</a><BR>
 <LI><a href="#[5]">UsageFault_Handler</a>&nbsp;&nbsp;&nbsp;&rArr;&nbsp;&nbsp;&nbsp;<a href="#[5]">UsageFault_Handler</a><BR>
</UL>
<P>
<H3>
Function Pointers
</H3><UL>
 <LI><a href="#[82]">ADC3_IRQHandler</a> from startup_stm32h750xx.o(.text) referenced from startup_stm32h750xx.o(RESET)
 <LI><a href="#[1c]">ADC_IRQHandler</a> from startup_stm32h750xx.o(.text) referenced from startup_stm32h750xx.o(RESET)
 <LI><a href="#[84]">BDMA_Channel0_IRQHandler</a> from startup_stm32h750xx.o(.text) referenced from startup_stm32h750xx.o(RESET)
 <LI><a href="#[85]">BDMA_Channel1_IRQHandler</a> from startup_stm32h750xx.o(.text) referenced from startup_stm32h750xx.o(RESET)
 <LI><a href="#[86]">BDMA_Channel2_IRQHandler</a> from startup_stm32h750xx.o(.text) referenced from startup_stm32h750xx.o(RESET)
 <LI><a href="#[87]">BDMA_Channel3_IRQHandler</a> from startup_stm32h750xx.o(.text) referenced from startup_stm32h750xx.o(RESET)
 <LI><a href="#[88]">BDMA_Channel4_IRQHandler</a> from startup_stm32h750xx.o(.text) referenced from startup_stm32h750xx.o(RESET)
 <LI><a href="#[89]">BDMA_Channel5_IRQHandler</a> from startup_stm32h750xx.o(.text) referenced from startup_stm32h750xx.o(RESET)
 <LI><a href="#[8a]">BDMA_Channel6_IRQHandler</a> from startup_stm32h750xx.o(.text) referenced from startup_stm32h750xx.o(RESET)
 <LI><a href="#[8b]">BDMA_Channel7_IRQHandler</a> from startup_stm32h750xx.o(.text) referenced from startup_stm32h750xx.o(RESET)
 <LI><a href="#[4]">BusFault_Handler</a> from stm32h7xx_it.o(i.BusFault_Handler) referenced from startup_stm32h750xx.o(RESET)
 <LI><a href="#[63]">CEC_IRQHandler</a> from startup_stm32h750xx.o(.text) referenced from startup_stm32h750xx.o(RESET)
 <LI><a href="#[8c]">COMP1_IRQHandler</a> from startup_stm32h750xx.o(.text) referenced from startup_stm32h750xx.o(RESET)
 <LI><a href="#[92]">CRS_IRQHandler</a> from startup_stm32h750xx.o(.text) referenced from startup_stm32h750xx.o(RESET)
 <LI><a href="#[54]">CRYP_IRQHandler</a> from startup_stm32h750xx.o(.text) referenced from startup_stm32h750xx.o(RESET)
 <LI><a href="#[53]">DCMI_IRQHandler</a> from startup_stm32h750xx.o(.text) referenced from startup_stm32h750xx.o(RESET)
 <LI><a href="#[73]">DFSDM1_FLT0_IRQHandler</a> from startup_stm32h750xx.o(.text) referenced from startup_stm32h750xx.o(RESET)
 <LI><a href="#[74]">DFSDM1_FLT1_IRQHandler</a> from startup_stm32h750xx.o(.text) referenced from startup_stm32h750xx.o(RESET)
 <LI><a href="#[75]">DFSDM1_FLT2_IRQHandler</a> from startup_stm32h750xx.o(.text) referenced from startup_stm32h750xx.o(RESET)
 <LI><a href="#[76]">DFSDM1_FLT3_IRQHandler</a> from startup_stm32h750xx.o(.text) referenced from startup_stm32h750xx.o(RESET)
 <LI><a href="#[15]">DMA1_Stream0_IRQHandler</a> from stm32h7xx_it.o(i.DMA1_Stream0_IRQHandler) referenced from startup_stm32h750xx.o(RESET)
 <LI><a href="#[16]">DMA1_Stream1_IRQHandler</a> from startup_stm32h750xx.o(.text) referenced from startup_stm32h750xx.o(RESET)
 <LI><a href="#[17]">DMA1_Stream2_IRQHandler</a> from startup_stm32h750xx.o(.text) referenced from startup_stm32h750xx.o(RESET)
 <LI><a href="#[18]">DMA1_Stream3_IRQHandler</a> from startup_stm32h750xx.o(.text) referenced from startup_stm32h750xx.o(RESET)
 <LI><a href="#[19]">DMA1_Stream4_IRQHandler</a> from startup_stm32h750xx.o(.text) referenced from startup_stm32h750xx.o(RESET)
 <LI><a href="#[1a]">DMA1_Stream5_IRQHandler</a> from startup_stm32h750xx.o(.text) referenced from startup_stm32h750xx.o(RESET)
 <LI><a href="#[1b]">DMA1_Stream6_IRQHandler</a> from startup_stm32h750xx.o(.text) referenced from startup_stm32h750xx.o(RESET)
 <LI><a href="#[38]">DMA1_Stream7_IRQHandler</a> from startup_stm32h750xx.o(.text) referenced from startup_stm32h750xx.o(RESET)
 <LI><a href="#[5f]">DMA2D_IRQHandler</a> from startup_stm32h750xx.o(.text) referenced from startup_stm32h750xx.o(RESET)
 <LI><a href="#[41]">DMA2_Stream0_IRQHandler</a> from startup_stm32h750xx.o(.text) referenced from startup_stm32h750xx.o(RESET)
 <LI><a href="#[42]">DMA2_Stream1_IRQHandler</a> from startup_stm32h750xx.o(.text) referenced from startup_stm32h750xx.o(RESET)
 <LI><a href="#[43]">DMA2_Stream2_IRQHandler</a> from startup_stm32h750xx.o(.text) referenced from startup_stm32h750xx.o(RESET)
 <LI><a href="#[44]">DMA2_Stream3_IRQHandler</a> from startup_stm32h750xx.o(.text) referenced from startup_stm32h750xx.o(RESET)
 <LI><a href="#[45]">DMA2_Stream4_IRQHandler</a> from startup_stm32h750xx.o(.text) referenced from startup_stm32h750xx.o(RESET)
 <LI><a href="#[49]">DMA2_Stream5_IRQHandler</a> from startup_stm32h750xx.o(.text) referenced from startup_stm32h750xx.o(RESET)
 <LI><a href="#[4a]">DMA2_Stream6_IRQHandler</a> from startup_stm32h750xx.o(.text) referenced from startup_stm32h750xx.o(RESET)
 <LI><a href="#[4b]">DMA2_Stream7_IRQHandler</a> from startup_stm32h750xx.o(.text) referenced from startup_stm32h750xx.o(RESET)
 <LI><a href="#[6b]">DMAMUX1_OVR_IRQHandler</a> from startup_stm32h750xx.o(.text) referenced from startup_stm32h750xx.o(RESET)
 <LI><a href="#[83]">DMAMUX2_OVR_IRQHandler</a> from startup_stm32h750xx.o(.text) referenced from startup_stm32h750xx.o(RESET)
 <LI><a href="#[7]">DebugMon_Handler</a> from stm32h7xx_it.o(i.DebugMon_Handler) referenced from startup_stm32h750xx.o(RESET)
 <LI><a href="#[93]">ECC_IRQHandler</a> from startup_stm32h750xx.o(.text) referenced from startup_stm32h750xx.o(RESET)
 <LI><a href="#[46]">ETH_IRQHandler</a> from startup_stm32h750xx.o(.text) referenced from startup_stm32h750xx.o(RESET)
 <LI><a href="#[47]">ETH_WKUP_IRQHandler</a> from startup_stm32h750xx.o(.text) referenced from startup_stm32h750xx.o(RESET)
 <LI><a href="#[10]">EXTI0_IRQHandler</a> from startup_stm32h750xx.o(.text) referenced from startup_stm32h750xx.o(RESET)
 <LI><a href="#[32]">EXTI15_10_IRQHandler</a> from startup_stm32h750xx.o(.text) referenced from startup_stm32h750xx.o(RESET)
 <LI><a href="#[11]">EXTI1_IRQHandler</a> from startup_stm32h750xx.o(.text) referenced from startup_stm32h750xx.o(RESET)
 <LI><a href="#[12]">EXTI2_IRQHandler</a> from startup_stm32h750xx.o(.text) referenced from startup_stm32h750xx.o(RESET)
 <LI><a href="#[13]">EXTI3_IRQHandler</a> from startup_stm32h750xx.o(.text) referenced from startup_stm32h750xx.o(RESET)
 <LI><a href="#[14]">EXTI4_IRQHandler</a> from startup_stm32h750xx.o(.text) referenced from startup_stm32h750xx.o(RESET)
 <LI><a href="#[21]">EXTI9_5_IRQHandler</a> from startup_stm32h750xx.o(.text) referenced from startup_stm32h750xx.o(RESET)
 <LI><a href="#[1d]">FDCAN1_IT0_IRQHandler</a> from startup_stm32h750xx.o(.text) referenced from startup_stm32h750xx.o(RESET)
 <LI><a href="#[1f]">FDCAN1_IT1_IRQHandler</a> from startup_stm32h750xx.o(.text) referenced from startup_stm32h750xx.o(RESET)
 <LI><a href="#[1e]">FDCAN2_IT0_IRQHandler</a> from startup_stm32h750xx.o(.text) referenced from startup_stm32h750xx.o(RESET)
 <LI><a href="#[20]">FDCAN2_IT1_IRQHandler</a> from startup_stm32h750xx.o(.text) referenced from startup_stm32h750xx.o(RESET)
 <LI><a href="#[48]">FDCAN_CAL_IRQHandler</a> from startup_stm32h750xx.o(.text) referenced from startup_stm32h750xx.o(RESET)
 <LI><a href="#[e]">FLASH_IRQHandler</a> from startup_stm32h750xx.o(.text) referenced from startup_stm32h750xx.o(RESET)
 <LI><a href="#[39]">FMC_IRQHandler</a> from startup_stm32h750xx.o(.text) referenced from startup_stm32h750xx.o(RESET)
 <LI><a href="#[56]">FPU_IRQHandler</a> from startup_stm32h750xx.o(.text) referenced from startup_stm32h750xx.o(RESET)
 <LI><a href="#[55]">HASH_RNG_IRQHandler</a> from startup_stm32h750xx.o(.text) referenced from startup_stm32h750xx.o(RESET)
 <LI><a href="#[72]">HRTIM1_FLT_IRQHandler</a> from startup_stm32h750xx.o(.text) referenced from startup_stm32h750xx.o(RESET)
 <LI><a href="#[6c]">HRTIM1_Master_IRQHandler</a> from startup_stm32h750xx.o(.text) referenced from startup_stm32h750xx.o(RESET)
 <LI><a href="#[6d]">HRTIM1_TIMA_IRQHandler</a> from startup_stm32h750xx.o(.text) referenced from startup_stm32h750xx.o(RESET)
 <LI><a href="#[6e]">HRTIM1_TIMB_IRQHandler</a> from startup_stm32h750xx.o(.text) referenced from startup_stm32h750xx.o(RESET)
 <LI><a href="#[6f]">HRTIM1_TIMC_IRQHandler</a> from startup_stm32h750xx.o(.text) referenced from startup_stm32h750xx.o(RESET)
 <LI><a href="#[70]">HRTIM1_TIMD_IRQHandler</a> from startup_stm32h750xx.o(.text) referenced from startup_stm32h750xx.o(RESET)
 <LI><a href="#[71]">HRTIM1_TIME_IRQHandler</a> from startup_stm32h750xx.o(.text) referenced from startup_stm32h750xx.o(RESET)
 <LI><a href="#[81]">HSEM1_IRQHandler</a> from startup_stm32h750xx.o(.text) referenced from startup_stm32h750xx.o(RESET)
 <LI><a href="#[2]">HardFault_Handler</a> from stm32h7xx_it.o(i.HardFault_Handler) referenced from startup_stm32h750xx.o(RESET)
 <LI><a href="#[2a]">I2C1_ER_IRQHandler</a> from startup_stm32h750xx.o(.text) referenced from startup_stm32h750xx.o(RESET)
 <LI><a href="#[29]">I2C1_EV_IRQHandler</a> from startup_stm32h750xx.o(.text) referenced from startup_stm32h750xx.o(RESET)
 <LI><a href="#[2c]">I2C2_ER_IRQHandler</a> from startup_stm32h750xx.o(.text) referenced from startup_stm32h750xx.o(RESET)
 <LI><a href="#[2b]">I2C2_EV_IRQHandler</a> from startup_stm32h750xx.o(.text) referenced from startup_stm32h750xx.o(RESET)
 <LI><a href="#[4e]">I2C3_ER_IRQHandler</a> from startup_stm32h750xx.o(.text) referenced from startup_stm32h750xx.o(RESET)
 <LI><a href="#[4d]">I2C3_EV_IRQHandler</a> from startup_stm32h750xx.o(.text) referenced from startup_stm32h750xx.o(RESET)
 <LI><a href="#[65]">I2C4_ER_IRQHandler</a> from startup_stm32h750xx.o(.text) referenced from startup_stm32h750xx.o(RESET)
 <LI><a href="#[64]">I2C4_EV_IRQHandler</a> from startup_stm32h750xx.o(.text) referenced from startup_stm32h750xx.o(RESET)
 <LI><a href="#[7e]">JPEG_IRQHandler</a> from startup_stm32h750xx.o(.text) referenced from startup_stm32h750xx.o(RESET)
 <LI><a href="#[62]">LPTIM1_IRQHandler</a> from startup_stm32h750xx.o(.text) referenced from startup_stm32h750xx.o(RESET)
 <LI><a href="#[8d]">LPTIM2_IRQHandler</a> from startup_stm32h750xx.o(.text) referenced from startup_stm32h750xx.o(RESET)
 <LI><a href="#[8e]">LPTIM3_IRQHandler</a> from startup_stm32h750xx.o(.text) referenced from startup_stm32h750xx.o(RESET)
 <LI><a href="#[8f]">LPTIM4_IRQHandler</a> from startup_stm32h750xx.o(.text) referenced from startup_stm32h750xx.o(RESET)
 <LI><a href="#[90]">LPTIM5_IRQHandler</a> from startup_stm32h750xx.o(.text) referenced from startup_stm32h750xx.o(RESET)
 <LI><a href="#[91]">LPUART1_IRQHandler</a> from startup_stm32h750xx.o(.text) referenced from startup_stm32h750xx.o(RESET)
 <LI><a href="#[5e]">LTDC_ER_IRQHandler</a> from startup_stm32h750xx.o(.text) referenced from startup_stm32h750xx.o(RESET)
 <LI><a href="#[5d]">LTDC_IRQHandler</a> from startup_stm32h750xx.o(.text) referenced from startup_stm32h750xx.o(RESET)
 <LI><a href="#[7d]">MDIOS_IRQHandler</a> from startup_stm32h750xx.o(.text) referenced from startup_stm32h750xx.o(RESET)
 <LI><a href="#[7c]">MDIOS_WKUP_IRQHandler</a> from startup_stm32h750xx.o(.text) referenced from startup_stm32h750xx.o(RESET)
 <LI><a href="#[7f]">MDMA_IRQHandler</a> from startup_stm32h750xx.o(.text) referenced from startup_stm32h750xx.o(RESET)
 <LI><a href="#[3]">MemManage_Handler</a> from stm32h7xx_it.o(i.MemManage_Handler) referenced from startup_stm32h750xx.o(RESET)
 <LI><a href="#[1]">NMI_Handler</a> from stm32h7xx_it.o(i.NMI_Handler) referenced from startup_stm32h750xx.o(RESET)
 <LI><a href="#[68]">OTG_FS_EP1_IN_IRQHandler</a> from startup_stm32h750xx.o(.text) referenced from startup_stm32h750xx.o(RESET)
 <LI><a href="#[67]">OTG_FS_EP1_OUT_IRQHandler</a> from startup_stm32h750xx.o(.text) referenced from startup_stm32h750xx.o(RESET)
 <LI><a href="#[6a]">OTG_FS_IRQHandler</a> from startup_stm32h750xx.o(.text) referenced from startup_stm32h750xx.o(RESET)
 <LI><a href="#[69]">OTG_FS_WKUP_IRQHandler</a> from startup_stm32h750xx.o(.text) referenced from startup_stm32h750xx.o(RESET)
 <LI><a href="#[50]">OTG_HS_EP1_IN_IRQHandler</a> from startup_stm32h750xx.o(.text) referenced from startup_stm32h750xx.o(RESET)
 <LI><a href="#[4f]">OTG_HS_EP1_OUT_IRQHandler</a> from startup_stm32h750xx.o(.text) referenced from startup_stm32h750xx.o(RESET)
 <LI><a href="#[52]">OTG_HS_IRQHandler</a> from startup_stm32h750xx.o(.text) referenced from startup_stm32h750xx.o(RESET)
 <LI><a href="#[51]">OTG_HS_WKUP_IRQHandler</a> from startup_stm32h750xx.o(.text) referenced from startup_stm32h750xx.o(RESET)
 <LI><a href="#[b]">PVD_AVD_IRQHandler</a> from startup_stm32h750xx.o(.text) referenced from startup_stm32h750xx.o(RESET)
 <LI><a href="#[8]">PendSV_Handler</a> from port.o(.emb_text) referenced from startup_stm32h750xx.o(RESET)
 <LI><a href="#[61]">QUADSPI_IRQHandler</a> from startup_stm32h750xx.o(.text) referenced from startup_stm32h750xx.o(RESET)
 <LI><a href="#[f]">RCC_IRQHandler</a> from startup_stm32h750xx.o(.text) referenced from startup_stm32h750xx.o(RESET)
 <LI><a href="#[33]">RTC_Alarm_IRQHandler</a> from startup_stm32h750xx.o(.text) referenced from startup_stm32h750xx.o(RESET)
 <LI><a href="#[d]">RTC_WKUP_IRQHandler</a> from startup_stm32h750xx.o(.text) referenced from startup_stm32h750xx.o(RESET)
 <LI><a href="#[0]">Reset_Handler</a> from startup_stm32h750xx.o(.text) referenced from startup_stm32h750xx.o(RESET)
 <LI><a href="#[5c]">SAI1_IRQHandler</a> from startup_stm32h750xx.o(.text) referenced from startup_stm32h750xx.o(RESET)
 <LI><a href="#[60]">SAI2_IRQHandler</a> from startup_stm32h750xx.o(.text) referenced from startup_stm32h750xx.o(RESET)
 <LI><a href="#[77]">SAI3_IRQHandler</a> from startup_stm32h750xx.o(.text) referenced from startup_stm32h750xx.o(RESET)
 <LI><a href="#[94]">SAI4_IRQHandler</a> from startup_stm32h750xx.o(.text) referenced from startup_stm32h750xx.o(RESET)
 <LI><a href="#[3a]">SDMMC1_IRQHandler</a> from startup_stm32h750xx.o(.text) referenced from startup_stm32h750xx.o(RESET)
 <LI><a href="#[80]">SDMMC2_IRQHandler</a> from startup_stm32h750xx.o(.text) referenced from startup_stm32h750xx.o(RESET)
 <LI><a href="#[66]">SPDIF_RX_IRQHandler</a> from startup_stm32h750xx.o(.text) referenced from startup_stm32h750xx.o(RESET)
 <LI><a href="#[2d]">SPI1_IRQHandler</a> from startup_stm32h750xx.o(.text) referenced from startup_stm32h750xx.o(RESET)
 <LI><a href="#[2e]">SPI2_IRQHandler</a> from startup_stm32h750xx.o(.text) referenced from startup_stm32h750xx.o(RESET)
 <LI><a href="#[3c]">SPI3_IRQHandler</a> from startup_stm32h750xx.o(.text) referenced from startup_stm32h750xx.o(RESET)
 <LI><a href="#[59]">SPI4_IRQHandler</a> from startup_stm32h750xx.o(.text) referenced from startup_stm32h750xx.o(RESET)
 <LI><a href="#[5a]">SPI5_IRQHandler</a> from startup_stm32h750xx.o(.text) referenced from startup_stm32h750xx.o(RESET)
 <LI><a href="#[5b]">SPI6_IRQHandler</a> from startup_stm32h750xx.o(.text) referenced from startup_stm32h750xx.o(RESET)
 <LI><a href="#[6]">SVC_Handler</a> from port.o(.emb_text) referenced from startup_stm32h750xx.o(RESET)
 <LI><a href="#[78]">SWPMI1_IRQHandler</a> from startup_stm32h750xx.o(.text) referenced from startup_stm32h750xx.o(RESET)
 <LI><a href="#[9b]">StartAdjustTask</a> from freertos.o(i.StartAdjustTask) referenced from freertos.o(i.MX_FREERTOS_Init)
 <LI><a href="#[9a]">StartDisplayTask</a> from freertos.o(i.StartDisplayTask) referenced from freertos.o(i.MX_FREERTOS_Init)
 <LI><a href="#[99]">StartStorageTask</a> from freertos.o(i.StartStorageTask) referenced from freertos.o(i.MX_FREERTOS_Init)
 <LI><a href="#[9c]">StartUppercompTask</a> from freertos.o(i.StartUppercompTask) referenced from freertos.o(i.MX_FREERTOS_Init)
 <LI><a href="#[9]">SysTick_Handler</a> from cmsis_os2.o(i.SysTick_Handler) referenced from startup_stm32h750xx.o(RESET)
 <LI><a href="#[97]">SystemInit</a> from system_stm32h7xx.o(i.SystemInit) referenced from startup_stm32h750xx.o(.text)
 <LI><a href="#[c]">TAMP_STAMP_IRQHandler</a> from startup_stm32h750xx.o(.text) referenced from startup_stm32h750xx.o(RESET)
 <LI><a href="#[79]">TIM15_IRQHandler</a> from startup_stm32h750xx.o(.text) referenced from startup_stm32h750xx.o(RESET)
 <LI><a href="#[7a]">TIM16_IRQHandler</a> from startup_stm32h750xx.o(.text) referenced from startup_stm32h750xx.o(RESET)
 <LI><a href="#[7b]">TIM17_IRQHandler</a> from startup_stm32h750xx.o(.text) referenced from startup_stm32h750xx.o(RESET)
 <LI><a href="#[22]">TIM1_BRK_IRQHandler</a> from startup_stm32h750xx.o(.text) referenced from startup_stm32h750xx.o(RESET)
 <LI><a href="#[25]">TIM1_CC_IRQHandler</a> from startup_stm32h750xx.o(.text) referenced from startup_stm32h750xx.o(RESET)
 <LI><a href="#[24]">TIM1_TRG_COM_IRQHandler</a> from startup_stm32h750xx.o(.text) referenced from startup_stm32h750xx.o(RESET)
 <LI><a href="#[23]">TIM1_UP_IRQHandler</a> from startup_stm32h750xx.o(.text) referenced from startup_stm32h750xx.o(RESET)
 <LI><a href="#[26]">TIM2_IRQHandler</a> from stm32h7xx_it.o(i.TIM2_IRQHandler) referenced from startup_stm32h750xx.o(RESET)
 <LI><a href="#[27]">TIM3_IRQHandler</a> from startup_stm32h750xx.o(.text) referenced from startup_stm32h750xx.o(RESET)
 <LI><a href="#[28]">TIM4_IRQHandler</a> from startup_stm32h750xx.o(.text) referenced from startup_stm32h750xx.o(RESET)
 <LI><a href="#[3b]">TIM5_IRQHandler</a> from startup_stm32h750xx.o(.text) referenced from startup_stm32h750xx.o(RESET)
 <LI><a href="#[3f]">TIM6_DAC_IRQHandler</a> from startup_stm32h750xx.o(.text) referenced from startup_stm32h750xx.o(RESET)
 <LI><a href="#[40]">TIM7_IRQHandler</a> from startup_stm32h750xx.o(.text) referenced from startup_stm32h750xx.o(RESET)
 <LI><a href="#[34]">TIM8_BRK_TIM12_IRQHandler</a> from startup_stm32h750xx.o(.text) referenced from startup_stm32h750xx.o(RESET)
 <LI><a href="#[37]">TIM8_CC_IRQHandler</a> from startup_stm32h750xx.o(.text) referenced from startup_stm32h750xx.o(RESET)
 <LI><a href="#[36]">TIM8_TRG_COM_TIM14_IRQHandler</a> from startup_stm32h750xx.o(.text) referenced from startup_stm32h750xx.o(RESET)
 <LI><a href="#[35]">TIM8_UP_TIM13_IRQHandler</a> from startup_stm32h750xx.o(.text) referenced from startup_stm32h750xx.o(RESET)
 <LI><a href="#[3d]">UART4_IRQHandler</a> from startup_stm32h750xx.o(.text) referenced from startup_stm32h750xx.o(RESET)
 <LI><a href="#[3e]">UART5_IRQHandler</a> from startup_stm32h750xx.o(.text) referenced from startup_stm32h750xx.o(RESET)
 <LI><a href="#[57]">UART7_IRQHandler</a> from startup_stm32h750xx.o(.text) referenced from startup_stm32h750xx.o(RESET)
 <LI><a href="#[58]">UART8_IRQHandler</a> from startup_stm32h750xx.o(.text) referenced from startup_stm32h750xx.o(RESET)
 <LI><a href="#[2f]">USART1_IRQHandler</a> from startup_stm32h750xx.o(.text) referenced from startup_stm32h750xx.o(RESET)
 <LI><a href="#[30]">USART2_IRQHandler</a> from startup_stm32h750xx.o(.text) referenced from startup_stm32h750xx.o(RESET)
 <LI><a href="#[31]">USART3_IRQHandler</a> from startup_stm32h750xx.o(.text) referenced from startup_stm32h750xx.o(RESET)
 <LI><a href="#[4c]">USART6_IRQHandler</a> from startup_stm32h750xx.o(.text) referenced from startup_stm32h750xx.o(RESET)
 <LI><a href="#[5]">UsageFault_Handler</a> from stm32h7xx_it.o(i.UsageFault_Handler) referenced from startup_stm32h750xx.o(RESET)
 <LI><a href="#[95]">WAKEUP_PIN_IRQHandler</a> from startup_stm32h750xx.o(.text) referenced from startup_stm32h750xx.o(RESET)
 <LI><a href="#[a]">WWDG_IRQHandler</a> from startup_stm32h750xx.o(.text) referenced from startup_stm32h750xx.o(RESET)
 <LI><a href="#[98]">__main</a> from entry.o(.ARM.Collect$$$$00000000) referenced from startup_stm32h750xx.o(.text)
 <LI><a href="#[96]">main</a> from main.o(i.main) referenced from entry9a.o(.ARM.Collect$$$$0000000B)
 <LI><a href="#[9e]">prvIdleTask</a> from tasks.o(i.prvIdleTask) referenced from tasks.o(i.vTaskStartScheduler)
 <LI><a href="#[9d]">prvTaskExitError</a> from port.o(i.prvTaskExitError) referenced from port.o(i.pxPortInitialiseStack)
 <LI><a href="#[9f]">prvTimerTask</a> from timers.o(i.prvTimerTask) referenced from timers.o(i.xTimerCreateTimerTask)
</UL>
<P>
<H3>
Global Symbols
</H3>
<P><STRONG><a name="[98]"></a>__main</STRONG> (Thumb, 0 bytes, Stack size unknown bytes, entry.o(.ARM.Collect$$$$00000000))
<BR>[Address Reference Count : 1]<UL><LI> startup_stm32h750xx.o(.text)
</UL>
<P><STRONG><a name="[135]"></a>_main_stk</STRONG> (Thumb, 0 bytes, Stack size unknown bytes, entry2.o(.ARM.Collect$$$$00000001))

<P><STRONG><a name="[a0]"></a>_main_scatterload</STRONG> (Thumb, 0 bytes, Stack size unknown bytes, entry5.o(.ARM.Collect$$$$00000004))
<BR><BR>[Calls]<UL><LI><a href="#[a1]">&gt;&gt;</a>&nbsp;&nbsp;&nbsp;__scatterload
</UL>

<P><STRONG><a name="[a9]"></a>__main_after_scatterload</STRONG> (Thumb, 0 bytes, Stack size unknown bytes, entry5.o(.ARM.Collect$$$$00000004))
<BR><BR>[Called By]<UL><LI><a href="#[a1]">&gt;&gt;</a>&nbsp;&nbsp;&nbsp;__scatterload
</UL>

<P><STRONG><a name="[136]"></a>_main_clock</STRONG> (Thumb, 0 bytes, Stack size unknown bytes, entry7b.o(.ARM.Collect$$$$00000008))

<P><STRONG><a name="[137]"></a>_main_cpp_init</STRONG> (Thumb, 0 bytes, Stack size unknown bytes, entry8b.o(.ARM.Collect$$$$0000000A))

<P><STRONG><a name="[138]"></a>_main_init</STRONG> (Thumb, 0 bytes, Stack size unknown bytes, entry9a.o(.ARM.Collect$$$$0000000B))

<P><STRONG><a name="[139]"></a>__rt_final_cpp</STRONG> (Thumb, 0 bytes, Stack size unknown bytes, entry10a.o(.ARM.Collect$$$$0000000D))

<P><STRONG><a name="[13a]"></a>__rt_final_exit</STRONG> (Thumb, 0 bytes, Stack size unknown bytes, entry11a.o(.ARM.Collect$$$$0000000F))

<P><STRONG><a name="[6]"></a>SVC_Handler</STRONG> (Thumb, 28 bytes, Stack size 0 bytes, port.o(.emb_text))
<BR>[Address Reference Count : 1]<UL><LI> startup_stm32h750xx.o(RESET)
</UL>
<P><STRONG><a name="[129]"></a>__asm___6_port_c_39a90d8d__prvStartFirstTask</STRONG> (Thumb, 36 bytes, Stack size 0 bytes, port.o(.emb_text))
<BR><BR>[Called By]<UL><LI><a href="#[126]">&gt;&gt;</a>&nbsp;&nbsp;&nbsp;xPortStartScheduler
</UL>

<P><STRONG><a name="[128]"></a>__asm___6_port_c_39a90d8d__prvEnableVFP</STRONG> (Thumb, 16 bytes, Stack size 0 bytes, port.o(.emb_text))
<BR><BR>[Called By]<UL><LI><a href="#[126]">&gt;&gt;</a>&nbsp;&nbsp;&nbsp;xPortStartScheduler
</UL>

<P><STRONG><a name="[8]"></a>PendSV_Handler</STRONG> (Thumb, 88 bytes, Stack size 0 bytes, port.o(.emb_text))
<BR><BR>[Calls]<UL><LI><a href="#[a2]">&gt;&gt;</a>&nbsp;&nbsp;&nbsp;vTaskSwitchContext
</UL>
<BR>[Address Reference Count : 1]<UL><LI> startup_stm32h750xx.o(RESET)
</UL>
<P><STRONG><a name="[121]"></a>vPortGetIPSR</STRONG> (Thumb, 6 bytes, Stack size 0 bytes, port.o(.emb_text))
<BR><BR>[Called By]<UL><LI><a href="#[120]">&gt;&gt;</a>&nbsp;&nbsp;&nbsp;vPortValidateInterruptPriority
</UL>

<P><STRONG><a name="[0]"></a>Reset_Handler</STRONG> (Thumb, 8 bytes, Stack size 0 bytes, startup_stm32h750xx.o(.text))
<BR>[Address Reference Count : 1]<UL><LI> startup_stm32h750xx.o(RESET)
</UL>
<P><STRONG><a name="[82]"></a>ADC3_IRQHandler</STRONG> (Thumb, 0 bytes, Stack size 0 bytes, startup_stm32h750xx.o(.text))
<BR><BR>[Calls]<UL><LI><a href="#[82]">&gt;&gt;</a>&nbsp;&nbsp;&nbsp;ADC3_IRQHandler
</UL>
<BR>[Called By]<UL><LI><a href="#[82]">&gt;&gt;</a>&nbsp;&nbsp;&nbsp;ADC3_IRQHandler
</UL>
<BR>[Address Reference Count : 1]<UL><LI> startup_stm32h750xx.o(RESET)
</UL>
<P><STRONG><a name="[1c]"></a>ADC_IRQHandler</STRONG> (Thumb, 0 bytes, Stack size 0 bytes, startup_stm32h750xx.o(.text))
<BR>[Address Reference Count : 1]<UL><LI> startup_stm32h750xx.o(RESET)
</UL>
<P><STRONG><a name="[84]"></a>BDMA_Channel0_IRQHandler</STRONG> (Thumb, 0 bytes, Stack size 0 bytes, startup_stm32h750xx.o(.text))
<BR>[Address Reference Count : 1]<UL><LI> startup_stm32h750xx.o(RESET)
</UL>
<P><STRONG><a name="[85]"></a>BDMA_Channel1_IRQHandler</STRONG> (Thumb, 0 bytes, Stack size 0 bytes, startup_stm32h750xx.o(.text))
<BR>[Address Reference Count : 1]<UL><LI> startup_stm32h750xx.o(RESET)
</UL>
<P><STRONG><a name="[86]"></a>BDMA_Channel2_IRQHandler</STRONG> (Thumb, 0 bytes, Stack size 0 bytes, startup_stm32h750xx.o(.text))
<BR>[Address Reference Count : 1]<UL><LI> startup_stm32h750xx.o(RESET)
</UL>
<P><STRONG><a name="[87]"></a>BDMA_Channel3_IRQHandler</STRONG> (Thumb, 0 bytes, Stack size 0 bytes, startup_stm32h750xx.o(.text))
<BR>[Address Reference Count : 1]<UL><LI> startup_stm32h750xx.o(RESET)
</UL>
<P><STRONG><a name="[88]"></a>BDMA_Channel4_IRQHandler</STRONG> (Thumb, 0 bytes, Stack size 0 bytes, startup_stm32h750xx.o(.text))
<BR>[Address Reference Count : 1]<UL><LI> startup_stm32h750xx.o(RESET)
</UL>
<P><STRONG><a name="[89]"></a>BDMA_Channel5_IRQHandler</STRONG> (Thumb, 0 bytes, Stack size 0 bytes, startup_stm32h750xx.o(.text))
<BR>[Address Reference Count : 1]<UL><LI> startup_stm32h750xx.o(RESET)
</UL>
<P><STRONG><a name="[8a]"></a>BDMA_Channel6_IRQHandler</STRONG> (Thumb, 0 bytes, Stack size 0 bytes, startup_stm32h750xx.o(.text))
<BR>[Address Reference Count : 1]<UL><LI> startup_stm32h750xx.o(RESET)
</UL>
<P><STRONG><a name="[8b]"></a>BDMA_Channel7_IRQHandler</STRONG> (Thumb, 0 bytes, Stack size 0 bytes, startup_stm32h750xx.o(.text))
<BR>[Address Reference Count : 1]<UL><LI> startup_stm32h750xx.o(RESET)
</UL>
<P><STRONG><a name="[63]"></a>CEC_IRQHandler</STRONG> (Thumb, 0 bytes, Stack size 0 bytes, startup_stm32h750xx.o(.text))
<BR>[Address Reference Count : 1]<UL><LI> startup_stm32h750xx.o(RESET)
</UL>
<P><STRONG><a name="[8c]"></a>COMP1_IRQHandler</STRONG> (Thumb, 0 bytes, Stack size 0 bytes, startup_stm32h750xx.o(.text))
<BR>[Address Reference Count : 1]<UL><LI> startup_stm32h750xx.o(RESET)
</UL>
<P><STRONG><a name="[92]"></a>CRS_IRQHandler</STRONG> (Thumb, 0 bytes, Stack size 0 bytes, startup_stm32h750xx.o(.text))
<BR>[Address Reference Count : 1]<UL><LI> startup_stm32h750xx.o(RESET)
</UL>
<P><STRONG><a name="[54]"></a>CRYP_IRQHandler</STRONG> (Thumb, 0 bytes, Stack size 0 bytes, startup_stm32h750xx.o(.text))
<BR>[Address Reference Count : 1]<UL><LI> startup_stm32h750xx.o(RESET)
</UL>
<P><STRONG><a name="[53]"></a>DCMI_IRQHandler</STRONG> (Thumb, 0 bytes, Stack size 0 bytes, startup_stm32h750xx.o(.text))
<BR>[Address Reference Count : 1]<UL><LI> startup_stm32h750xx.o(RESET)
</UL>
<P><STRONG><a name="[73]"></a>DFSDM1_FLT0_IRQHandler</STRONG> (Thumb, 0 bytes, Stack size 0 bytes, startup_stm32h750xx.o(.text))
<BR>[Address Reference Count : 1]<UL><LI> startup_stm32h750xx.o(RESET)
</UL>
<P><STRONG><a name="[74]"></a>DFSDM1_FLT1_IRQHandler</STRONG> (Thumb, 0 bytes, Stack size 0 bytes, startup_stm32h750xx.o(.text))
<BR>[Address Reference Count : 1]<UL><LI> startup_stm32h750xx.o(RESET)
</UL>
<P><STRONG><a name="[75]"></a>DFSDM1_FLT2_IRQHandler</STRONG> (Thumb, 0 bytes, Stack size 0 bytes, startup_stm32h750xx.o(.text))
<BR>[Address Reference Count : 1]<UL><LI> startup_stm32h750xx.o(RESET)
</UL>
<P><STRONG><a name="[76]"></a>DFSDM1_FLT3_IRQHandler</STRONG> (Thumb, 0 bytes, Stack size 0 bytes, startup_stm32h750xx.o(.text))
<BR>[Address Reference Count : 1]<UL><LI> startup_stm32h750xx.o(RESET)
</UL>
<P><STRONG><a name="[16]"></a>DMA1_Stream1_IRQHandler</STRONG> (Thumb, 0 bytes, Stack size 0 bytes, startup_stm32h750xx.o(.text))
<BR>[Address Reference Count : 1]<UL><LI> startup_stm32h750xx.o(RESET)
</UL>
<P><STRONG><a name="[17]"></a>DMA1_Stream2_IRQHandler</STRONG> (Thumb, 0 bytes, Stack size 0 bytes, startup_stm32h750xx.o(.text))
<BR>[Address Reference Count : 1]<UL><LI> startup_stm32h750xx.o(RESET)
</UL>
<P><STRONG><a name="[18]"></a>DMA1_Stream3_IRQHandler</STRONG> (Thumb, 0 bytes, Stack size 0 bytes, startup_stm32h750xx.o(.text))
<BR>[Address Reference Count : 1]<UL><LI> startup_stm32h750xx.o(RESET)
</UL>
<P><STRONG><a name="[19]"></a>DMA1_Stream4_IRQHandler</STRONG> (Thumb, 0 bytes, Stack size 0 bytes, startup_stm32h750xx.o(.text))
<BR>[Address Reference Count : 1]<UL><LI> startup_stm32h750xx.o(RESET)
</UL>
<P><STRONG><a name="[1a]"></a>DMA1_Stream5_IRQHandler</STRONG> (Thumb, 0 bytes, Stack size 0 bytes, startup_stm32h750xx.o(.text))
<BR>[Address Reference Count : 1]<UL><LI> startup_stm32h750xx.o(RESET)
</UL>
<P><STRONG><a name="[1b]"></a>DMA1_Stream6_IRQHandler</STRONG> (Thumb, 0 bytes, Stack size 0 bytes, startup_stm32h750xx.o(.text))
<BR>[Address Reference Count : 1]<UL><LI> startup_stm32h750xx.o(RESET)
</UL>
<P><STRONG><a name="[38]"></a>DMA1_Stream7_IRQHandler</STRONG> (Thumb, 0 bytes, Stack size 0 bytes, startup_stm32h750xx.o(.text))
<BR>[Address Reference Count : 1]<UL><LI> startup_stm32h750xx.o(RESET)
</UL>
<P><STRONG><a name="[5f]"></a>DMA2D_IRQHandler</STRONG> (Thumb, 0 bytes, Stack size 0 bytes, startup_stm32h750xx.o(.text))
<BR>[Address Reference Count : 1]<UL><LI> startup_stm32h750xx.o(RESET)
</UL>
<P><STRONG><a name="[41]"></a>DMA2_Stream0_IRQHandler</STRONG> (Thumb, 0 bytes, Stack size 0 bytes, startup_stm32h750xx.o(.text))
<BR>[Address Reference Count : 1]<UL><LI> startup_stm32h750xx.o(RESET)
</UL>
<P><STRONG><a name="[42]"></a>DMA2_Stream1_IRQHandler</STRONG> (Thumb, 0 bytes, Stack size 0 bytes, startup_stm32h750xx.o(.text))
<BR>[Address Reference Count : 1]<UL><LI> startup_stm32h750xx.o(RESET)
</UL>
<P><STRONG><a name="[43]"></a>DMA2_Stream2_IRQHandler</STRONG> (Thumb, 0 bytes, Stack size 0 bytes, startup_stm32h750xx.o(.text))
<BR>[Address Reference Count : 1]<UL><LI> startup_stm32h750xx.o(RESET)
</UL>
<P><STRONG><a name="[44]"></a>DMA2_Stream3_IRQHandler</STRONG> (Thumb, 0 bytes, Stack size 0 bytes, startup_stm32h750xx.o(.text))
<BR>[Address Reference Count : 1]<UL><LI> startup_stm32h750xx.o(RESET)
</UL>
<P><STRONG><a name="[45]"></a>DMA2_Stream4_IRQHandler</STRONG> (Thumb, 0 bytes, Stack size 0 bytes, startup_stm32h750xx.o(.text))
<BR>[Address Reference Count : 1]<UL><LI> startup_stm32h750xx.o(RESET)
</UL>
<P><STRONG><a name="[49]"></a>DMA2_Stream5_IRQHandler</STRONG> (Thumb, 0 bytes, Stack size 0 bytes, startup_stm32h750xx.o(.text))
<BR>[Address Reference Count : 1]<UL><LI> startup_stm32h750xx.o(RESET)
</UL>
<P><STRONG><a name="[4a]"></a>DMA2_Stream6_IRQHandler</STRONG> (Thumb, 0 bytes, Stack size 0 bytes, startup_stm32h750xx.o(.text))
<BR>[Address Reference Count : 1]<UL><LI> startup_stm32h750xx.o(RESET)
</UL>
<P><STRONG><a name="[4b]"></a>DMA2_Stream7_IRQHandler</STRONG> (Thumb, 0 bytes, Stack size 0 bytes, startup_stm32h750xx.o(.text))
<BR>[Address Reference Count : 1]<UL><LI> startup_stm32h750xx.o(RESET)
</UL>
<P><STRONG><a name="[6b]"></a>DMAMUX1_OVR_IRQHandler</STRONG> (Thumb, 0 bytes, Stack size 0 bytes, startup_stm32h750xx.o(.text))
<BR>[Address Reference Count : 1]<UL><LI> startup_stm32h750xx.o(RESET)
</UL>
<P><STRONG><a name="[83]"></a>DMAMUX2_OVR_IRQHandler</STRONG> (Thumb, 0 bytes, Stack size 0 bytes, startup_stm32h750xx.o(.text))
<BR>[Address Reference Count : 1]<UL><LI> startup_stm32h750xx.o(RESET)
</UL>
<P><STRONG><a name="[93]"></a>ECC_IRQHandler</STRONG> (Thumb, 0 bytes, Stack size 0 bytes, startup_stm32h750xx.o(.text))
<BR>[Address Reference Count : 1]<UL><LI> startup_stm32h750xx.o(RESET)
</UL>
<P><STRONG><a name="[46]"></a>ETH_IRQHandler</STRONG> (Thumb, 0 bytes, Stack size 0 bytes, startup_stm32h750xx.o(.text))
<BR>[Address Reference Count : 1]<UL><LI> startup_stm32h750xx.o(RESET)
</UL>
<P><STRONG><a name="[47]"></a>ETH_WKUP_IRQHandler</STRONG> (Thumb, 0 bytes, Stack size 0 bytes, startup_stm32h750xx.o(.text))
<BR>[Address Reference Count : 1]<UL><LI> startup_stm32h750xx.o(RESET)
</UL>
<P><STRONG><a name="[10]"></a>EXTI0_IRQHandler</STRONG> (Thumb, 0 bytes, Stack size 0 bytes, startup_stm32h750xx.o(.text))
<BR>[Address Reference Count : 1]<UL><LI> startup_stm32h750xx.o(RESET)
</UL>
<P><STRONG><a name="[32]"></a>EXTI15_10_IRQHandler</STRONG> (Thumb, 0 bytes, Stack size 0 bytes, startup_stm32h750xx.o(.text))
<BR>[Address Reference Count : 1]<UL><LI> startup_stm32h750xx.o(RESET)
</UL>
<P><STRONG><a name="[11]"></a>EXTI1_IRQHandler</STRONG> (Thumb, 0 bytes, Stack size 0 bytes, startup_stm32h750xx.o(.text))
<BR>[Address Reference Count : 1]<UL><LI> startup_stm32h750xx.o(RESET)
</UL>
<P><STRONG><a name="[12]"></a>EXTI2_IRQHandler</STRONG> (Thumb, 0 bytes, Stack size 0 bytes, startup_stm32h750xx.o(.text))
<BR>[Address Reference Count : 1]<UL><LI> startup_stm32h750xx.o(RESET)
</UL>
<P><STRONG><a name="[13]"></a>EXTI3_IRQHandler</STRONG> (Thumb, 0 bytes, Stack size 0 bytes, startup_stm32h750xx.o(.text))
<BR>[Address Reference Count : 1]<UL><LI> startup_stm32h750xx.o(RESET)
</UL>
<P><STRONG><a name="[14]"></a>EXTI4_IRQHandler</STRONG> (Thumb, 0 bytes, Stack size 0 bytes, startup_stm32h750xx.o(.text))
<BR>[Address Reference Count : 1]<UL><LI> startup_stm32h750xx.o(RESET)
</UL>
<P><STRONG><a name="[21]"></a>EXTI9_5_IRQHandler</STRONG> (Thumb, 0 bytes, Stack size 0 bytes, startup_stm32h750xx.o(.text))
<BR>[Address Reference Count : 1]<UL><LI> startup_stm32h750xx.o(RESET)
</UL>
<P><STRONG><a name="[1d]"></a>FDCAN1_IT0_IRQHandler</STRONG> (Thumb, 0 bytes, Stack size 0 bytes, startup_stm32h750xx.o(.text))
<BR>[Address Reference Count : 1]<UL><LI> startup_stm32h750xx.o(RESET)
</UL>
<P><STRONG><a name="[1f]"></a>FDCAN1_IT1_IRQHandler</STRONG> (Thumb, 0 bytes, Stack size 0 bytes, startup_stm32h750xx.o(.text))
<BR>[Address Reference Count : 1]<UL><LI> startup_stm32h750xx.o(RESET)
</UL>
<P><STRONG><a name="[1e]"></a>FDCAN2_IT0_IRQHandler</STRONG> (Thumb, 0 bytes, Stack size 0 bytes, startup_stm32h750xx.o(.text))
<BR>[Address Reference Count : 1]<UL><LI> startup_stm32h750xx.o(RESET)
</UL>
<P><STRONG><a name="[20]"></a>FDCAN2_IT1_IRQHandler</STRONG> (Thumb, 0 bytes, Stack size 0 bytes, startup_stm32h750xx.o(.text))
<BR>[Address Reference Count : 1]<UL><LI> startup_stm32h750xx.o(RESET)
</UL>
<P><STRONG><a name="[48]"></a>FDCAN_CAL_IRQHandler</STRONG> (Thumb, 0 bytes, Stack size 0 bytes, startup_stm32h750xx.o(.text))
<BR>[Address Reference Count : 1]<UL><LI> startup_stm32h750xx.o(RESET)
</UL>
<P><STRONG><a name="[e]"></a>FLASH_IRQHandler</STRONG> (Thumb, 0 bytes, Stack size 0 bytes, startup_stm32h750xx.o(.text))
<BR>[Address Reference Count : 1]<UL><LI> startup_stm32h750xx.o(RESET)
</UL>
<P><STRONG><a name="[39]"></a>FMC_IRQHandler</STRONG> (Thumb, 0 bytes, Stack size 0 bytes, startup_stm32h750xx.o(.text))
<BR>[Address Reference Count : 1]<UL><LI> startup_stm32h750xx.o(RESET)
</UL>
<P><STRONG><a name="[56]"></a>FPU_IRQHandler</STRONG> (Thumb, 0 bytes, Stack size 0 bytes, startup_stm32h750xx.o(.text))
<BR>[Address Reference Count : 1]<UL><LI> startup_stm32h750xx.o(RESET)
</UL>
<P><STRONG><a name="[55]"></a>HASH_RNG_IRQHandler</STRONG> (Thumb, 0 bytes, Stack size 0 bytes, startup_stm32h750xx.o(.text))
<BR>[Address Reference Count : 1]<UL><LI> startup_stm32h750xx.o(RESET)
</UL>
<P><STRONG><a name="[72]"></a>HRTIM1_FLT_IRQHandler</STRONG> (Thumb, 0 bytes, Stack size 0 bytes, startup_stm32h750xx.o(.text))
<BR>[Address Reference Count : 1]<UL><LI> startup_stm32h750xx.o(RESET)
</UL>
<P><STRONG><a name="[6c]"></a>HRTIM1_Master_IRQHandler</STRONG> (Thumb, 0 bytes, Stack size 0 bytes, startup_stm32h750xx.o(.text))
<BR>[Address Reference Count : 1]<UL><LI> startup_stm32h750xx.o(RESET)
</UL>
<P><STRONG><a name="[6d]"></a>HRTIM1_TIMA_IRQHandler</STRONG> (Thumb, 0 bytes, Stack size 0 bytes, startup_stm32h750xx.o(.text))
<BR>[Address Reference Count : 1]<UL><LI> startup_stm32h750xx.o(RESET)
</UL>
<P><STRONG><a name="[6e]"></a>HRTIM1_TIMB_IRQHandler</STRONG> (Thumb, 0 bytes, Stack size 0 bytes, startup_stm32h750xx.o(.text))
<BR>[Address Reference Count : 1]<UL><LI> startup_stm32h750xx.o(RESET)
</UL>
<P><STRONG><a name="[6f]"></a>HRTIM1_TIMC_IRQHandler</STRONG> (Thumb, 0 bytes, Stack size 0 bytes, startup_stm32h750xx.o(.text))
<BR>[Address Reference Count : 1]<UL><LI> startup_stm32h750xx.o(RESET)
</UL>
<P><STRONG><a name="[70]"></a>HRTIM1_TIMD_IRQHandler</STRONG> (Thumb, 0 bytes, Stack size 0 bytes, startup_stm32h750xx.o(.text))
<BR>[Address Reference Count : 1]<UL><LI> startup_stm32h750xx.o(RESET)
</UL>
<P><STRONG><a name="[71]"></a>HRTIM1_TIME_IRQHandler</STRONG> (Thumb, 0 bytes, Stack size 0 bytes, startup_stm32h750xx.o(.text))
<BR>[Address Reference Count : 1]<UL><LI> startup_stm32h750xx.o(RESET)
</UL>
<P><STRONG><a name="[81]"></a>HSEM1_IRQHandler</STRONG> (Thumb, 0 bytes, Stack size 0 bytes, startup_stm32h750xx.o(.text))
<BR>[Address Reference Count : 1]<UL><LI> startup_stm32h750xx.o(RESET)
</UL>
<P><STRONG><a name="[2a]"></a>I2C1_ER_IRQHandler</STRONG> (Thumb, 0 bytes, Stack size 0 bytes, startup_stm32h750xx.o(.text))
<BR>[Address Reference Count : 1]<UL><LI> startup_stm32h750xx.o(RESET)
</UL>
<P><STRONG><a name="[29]"></a>I2C1_EV_IRQHandler</STRONG> (Thumb, 0 bytes, Stack size 0 bytes, startup_stm32h750xx.o(.text))
<BR>[Address Reference Count : 1]<UL><LI> startup_stm32h750xx.o(RESET)
</UL>
<P><STRONG><a name="[2c]"></a>I2C2_ER_IRQHandler</STRONG> (Thumb, 0 bytes, Stack size 0 bytes, startup_stm32h750xx.o(.text))
<BR>[Address Reference Count : 1]<UL><LI> startup_stm32h750xx.o(RESET)
</UL>
<P><STRONG><a name="[2b]"></a>I2C2_EV_IRQHandler</STRONG> (Thumb, 0 bytes, Stack size 0 bytes, startup_stm32h750xx.o(.text))
<BR>[Address Reference Count : 1]<UL><LI> startup_stm32h750xx.o(RESET)
</UL>
<P><STRONG><a name="[4e]"></a>I2C3_ER_IRQHandler</STRONG> (Thumb, 0 bytes, Stack size 0 bytes, startup_stm32h750xx.o(.text))
<BR>[Address Reference Count : 1]<UL><LI> startup_stm32h750xx.o(RESET)
</UL>
<P><STRONG><a name="[4d]"></a>I2C3_EV_IRQHandler</STRONG> (Thumb, 0 bytes, Stack size 0 bytes, startup_stm32h750xx.o(.text))
<BR>[Address Reference Count : 1]<UL><LI> startup_stm32h750xx.o(RESET)
</UL>
<P><STRONG><a name="[65]"></a>I2C4_ER_IRQHandler</STRONG> (Thumb, 0 bytes, Stack size 0 bytes, startup_stm32h750xx.o(.text))
<BR>[Address Reference Count : 1]<UL><LI> startup_stm32h750xx.o(RESET)
</UL>
<P><STRONG><a name="[64]"></a>I2C4_EV_IRQHandler</STRONG> (Thumb, 0 bytes, Stack size 0 bytes, startup_stm32h750xx.o(.text))
<BR>[Address Reference Count : 1]<UL><LI> startup_stm32h750xx.o(RESET)
</UL>
<P><STRONG><a name="[7e]"></a>JPEG_IRQHandler</STRONG> (Thumb, 0 bytes, Stack size 0 bytes, startup_stm32h750xx.o(.text))
<BR>[Address Reference Count : 1]<UL><LI> startup_stm32h750xx.o(RESET)
</UL>
<P><STRONG><a name="[62]"></a>LPTIM1_IRQHandler</STRONG> (Thumb, 0 bytes, Stack size 0 bytes, startup_stm32h750xx.o(.text))
<BR>[Address Reference Count : 1]<UL><LI> startup_stm32h750xx.o(RESET)
</UL>
<P><STRONG><a name="[8d]"></a>LPTIM2_IRQHandler</STRONG> (Thumb, 0 bytes, Stack size 0 bytes, startup_stm32h750xx.o(.text))
<BR>[Address Reference Count : 1]<UL><LI> startup_stm32h750xx.o(RESET)
</UL>
<P><STRONG><a name="[8e]"></a>LPTIM3_IRQHandler</STRONG> (Thumb, 0 bytes, Stack size 0 bytes, startup_stm32h750xx.o(.text))
<BR>[Address Reference Count : 1]<UL><LI> startup_stm32h750xx.o(RESET)
</UL>
<P><STRONG><a name="[8f]"></a>LPTIM4_IRQHandler</STRONG> (Thumb, 0 bytes, Stack size 0 bytes, startup_stm32h750xx.o(.text))
<BR>[Address Reference Count : 1]<UL><LI> startup_stm32h750xx.o(RESET)
</UL>
<P><STRONG><a name="[90]"></a>LPTIM5_IRQHandler</STRONG> (Thumb, 0 bytes, Stack size 0 bytes, startup_stm32h750xx.o(.text))
<BR>[Address Reference Count : 1]<UL><LI> startup_stm32h750xx.o(RESET)
</UL>
<P><STRONG><a name="[91]"></a>LPUART1_IRQHandler</STRONG> (Thumb, 0 bytes, Stack size 0 bytes, startup_stm32h750xx.o(.text))
<BR>[Address Reference Count : 1]<UL><LI> startup_stm32h750xx.o(RESET)
</UL>
<P><STRONG><a name="[5e]"></a>LTDC_ER_IRQHandler</STRONG> (Thumb, 0 bytes, Stack size 0 bytes, startup_stm32h750xx.o(.text))
<BR>[Address Reference Count : 1]<UL><LI> startup_stm32h750xx.o(RESET)
</UL>
<P><STRONG><a name="[5d]"></a>LTDC_IRQHandler</STRONG> (Thumb, 0 bytes, Stack size 0 bytes, startup_stm32h750xx.o(.text))
<BR>[Address Reference Count : 1]<UL><LI> startup_stm32h750xx.o(RESET)
</UL>
<P><STRONG><a name="[7d]"></a>MDIOS_IRQHandler</STRONG> (Thumb, 0 bytes, Stack size 0 bytes, startup_stm32h750xx.o(.text))
<BR>[Address Reference Count : 1]<UL><LI> startup_stm32h750xx.o(RESET)
</UL>
<P><STRONG><a name="[7c]"></a>MDIOS_WKUP_IRQHandler</STRONG> (Thumb, 0 bytes, Stack size 0 bytes, startup_stm32h750xx.o(.text))
<BR>[Address Reference Count : 1]<UL><LI> startup_stm32h750xx.o(RESET)
</UL>
<P><STRONG><a name="[7f]"></a>MDMA_IRQHandler</STRONG> (Thumb, 0 bytes, Stack size 0 bytes, startup_stm32h750xx.o(.text))
<BR>[Address Reference Count : 1]<UL><LI> startup_stm32h750xx.o(RESET)
</UL>
<P><STRONG><a name="[68]"></a>OTG_FS_EP1_IN_IRQHandler</STRONG> (Thumb, 0 bytes, Stack size 0 bytes, startup_stm32h750xx.o(.text))
<BR>[Address Reference Count : 1]<UL><LI> startup_stm32h750xx.o(RESET)
</UL>
<P><STRONG><a name="[67]"></a>OTG_FS_EP1_OUT_IRQHandler</STRONG> (Thumb, 0 bytes, Stack size 0 bytes, startup_stm32h750xx.o(.text))
<BR>[Address Reference Count : 1]<UL><LI> startup_stm32h750xx.o(RESET)
</UL>
<P><STRONG><a name="[6a]"></a>OTG_FS_IRQHandler</STRONG> (Thumb, 0 bytes, Stack size 0 bytes, startup_stm32h750xx.o(.text))
<BR>[Address Reference Count : 1]<UL><LI> startup_stm32h750xx.o(RESET)
</UL>
<P><STRONG><a name="[69]"></a>OTG_FS_WKUP_IRQHandler</STRONG> (Thumb, 0 bytes, Stack size 0 bytes, startup_stm32h750xx.o(.text))
<BR>[Address Reference Count : 1]<UL><LI> startup_stm32h750xx.o(RESET)
</UL>
<P><STRONG><a name="[50]"></a>OTG_HS_EP1_IN_IRQHandler</STRONG> (Thumb, 0 bytes, Stack size 0 bytes, startup_stm32h750xx.o(.text))
<BR>[Address Reference Count : 1]<UL><LI> startup_stm32h750xx.o(RESET)
</UL>
<P><STRONG><a name="[4f]"></a>OTG_HS_EP1_OUT_IRQHandler</STRONG> (Thumb, 0 bytes, Stack size 0 bytes, startup_stm32h750xx.o(.text))
<BR>[Address Reference Count : 1]<UL><LI> startup_stm32h750xx.o(RESET)
</UL>
<P><STRONG><a name="[52]"></a>OTG_HS_IRQHandler</STRONG> (Thumb, 0 bytes, Stack size 0 bytes, startup_stm32h750xx.o(.text))
<BR>[Address Reference Count : 1]<UL><LI> startup_stm32h750xx.o(RESET)
</UL>
<P><STRONG><a name="[51]"></a>OTG_HS_WKUP_IRQHandler</STRONG> (Thumb, 0 bytes, Stack size 0 bytes, startup_stm32h750xx.o(.text))
<BR>[Address Reference Count : 1]<UL><LI> startup_stm32h750xx.o(RESET)
</UL>
<P><STRONG><a name="[b]"></a>PVD_AVD_IRQHandler</STRONG> (Thumb, 0 bytes, Stack size 0 bytes, startup_stm32h750xx.o(.text))
<BR>[Address Reference Count : 1]<UL><LI> startup_stm32h750xx.o(RESET)
</UL>
<P><STRONG><a name="[61]"></a>QUADSPI_IRQHandler</STRONG> (Thumb, 0 bytes, Stack size 0 bytes, startup_stm32h750xx.o(.text))
<BR>[Address Reference Count : 1]<UL><LI> startup_stm32h750xx.o(RESET)
</UL>
<P><STRONG><a name="[f]"></a>RCC_IRQHandler</STRONG> (Thumb, 0 bytes, Stack size 0 bytes, startup_stm32h750xx.o(.text))
<BR>[Address Reference Count : 1]<UL><LI> startup_stm32h750xx.o(RESET)
</UL>
<P><STRONG><a name="[33]"></a>RTC_Alarm_IRQHandler</STRONG> (Thumb, 0 bytes, Stack size 0 bytes, startup_stm32h750xx.o(.text))
<BR>[Address Reference Count : 1]<UL><LI> startup_stm32h750xx.o(RESET)
</UL>
<P><STRONG><a name="[d]"></a>RTC_WKUP_IRQHandler</STRONG> (Thumb, 0 bytes, Stack size 0 bytes, startup_stm32h750xx.o(.text))
<BR>[Address Reference Count : 1]<UL><LI> startup_stm32h750xx.o(RESET)
</UL>
<P><STRONG><a name="[5c]"></a>SAI1_IRQHandler</STRONG> (Thumb, 0 bytes, Stack size 0 bytes, startup_stm32h750xx.o(.text))
<BR>[Address Reference Count : 1]<UL><LI> startup_stm32h750xx.o(RESET)
</UL>
<P><STRONG><a name="[60]"></a>SAI2_IRQHandler</STRONG> (Thumb, 0 bytes, Stack size 0 bytes, startup_stm32h750xx.o(.text))
<BR>[Address Reference Count : 1]<UL><LI> startup_stm32h750xx.o(RESET)
</UL>
<P><STRONG><a name="[77]"></a>SAI3_IRQHandler</STRONG> (Thumb, 0 bytes, Stack size 0 bytes, startup_stm32h750xx.o(.text))
<BR>[Address Reference Count : 1]<UL><LI> startup_stm32h750xx.o(RESET)
</UL>
<P><STRONG><a name="[94]"></a>SAI4_IRQHandler</STRONG> (Thumb, 0 bytes, Stack size 0 bytes, startup_stm32h750xx.o(.text))
<BR>[Address Reference Count : 1]<UL><LI> startup_stm32h750xx.o(RESET)
</UL>
<P><STRONG><a name="[3a]"></a>SDMMC1_IRQHandler</STRONG> (Thumb, 0 bytes, Stack size 0 bytes, startup_stm32h750xx.o(.text))
<BR>[Address Reference Count : 1]<UL><LI> startup_stm32h750xx.o(RESET)
</UL>
<P><STRONG><a name="[80]"></a>SDMMC2_IRQHandler</STRONG> (Thumb, 0 bytes, Stack size 0 bytes, startup_stm32h750xx.o(.text))
<BR>[Address Reference Count : 1]<UL><LI> startup_stm32h750xx.o(RESET)
</UL>
<P><STRONG><a name="[66]"></a>SPDIF_RX_IRQHandler</STRONG> (Thumb, 0 bytes, Stack size 0 bytes, startup_stm32h750xx.o(.text))
<BR>[Address Reference Count : 1]<UL><LI> startup_stm32h750xx.o(RESET)
</UL>
<P><STRONG><a name="[2d]"></a>SPI1_IRQHandler</STRONG> (Thumb, 0 bytes, Stack size 0 bytes, startup_stm32h750xx.o(.text))
<BR>[Address Reference Count : 1]<UL><LI> startup_stm32h750xx.o(RESET)
</UL>
<P><STRONG><a name="[2e]"></a>SPI2_IRQHandler</STRONG> (Thumb, 0 bytes, Stack size 0 bytes, startup_stm32h750xx.o(.text))
<BR>[Address Reference Count : 1]<UL><LI> startup_stm32h750xx.o(RESET)
</UL>
<P><STRONG><a name="[3c]"></a>SPI3_IRQHandler</STRONG> (Thumb, 0 bytes, Stack size 0 bytes, startup_stm32h750xx.o(.text))
<BR>[Address Reference Count : 1]<UL><LI> startup_stm32h750xx.o(RESET)
</UL>
<P><STRONG><a name="[59]"></a>SPI4_IRQHandler</STRONG> (Thumb, 0 bytes, Stack size 0 bytes, startup_stm32h750xx.o(.text))
<BR>[Address Reference Count : 1]<UL><LI> startup_stm32h750xx.o(RESET)
</UL>
<P><STRONG><a name="[5a]"></a>SPI5_IRQHandler</STRONG> (Thumb, 0 bytes, Stack size 0 bytes, startup_stm32h750xx.o(.text))
<BR>[Address Reference Count : 1]<UL><LI> startup_stm32h750xx.o(RESET)
</UL>
<P><STRONG><a name="[5b]"></a>SPI6_IRQHandler</STRONG> (Thumb, 0 bytes, Stack size 0 bytes, startup_stm32h750xx.o(.text))
<BR>[Address Reference Count : 1]<UL><LI> startup_stm32h750xx.o(RESET)
</UL>
<P><STRONG><a name="[78]"></a>SWPMI1_IRQHandler</STRONG> (Thumb, 0 bytes, Stack size 0 bytes, startup_stm32h750xx.o(.text))
<BR>[Address Reference Count : 1]<UL><LI> startup_stm32h750xx.o(RESET)
</UL>
<P><STRONG><a name="[c]"></a>TAMP_STAMP_IRQHandler</STRONG> (Thumb, 0 bytes, Stack size 0 bytes, startup_stm32h750xx.o(.text))
<BR>[Address Reference Count : 1]<UL><LI> startup_stm32h750xx.o(RESET)
</UL>
<P><STRONG><a name="[79]"></a>TIM15_IRQHandler</STRONG> (Thumb, 0 bytes, Stack size 0 bytes, startup_stm32h750xx.o(.text))
<BR>[Address Reference Count : 1]<UL><LI> startup_stm32h750xx.o(RESET)
</UL>
<P><STRONG><a name="[7a]"></a>TIM16_IRQHandler</STRONG> (Thumb, 0 bytes, Stack size 0 bytes, startup_stm32h750xx.o(.text))
<BR>[Address Reference Count : 1]<UL><LI> startup_stm32h750xx.o(RESET)
</UL>
<P><STRONG><a name="[7b]"></a>TIM17_IRQHandler</STRONG> (Thumb, 0 bytes, Stack size 0 bytes, startup_stm32h750xx.o(.text))
<BR>[Address Reference Count : 1]<UL><LI> startup_stm32h750xx.o(RESET)
</UL>
<P><STRONG><a name="[22]"></a>TIM1_BRK_IRQHandler</STRONG> (Thumb, 0 bytes, Stack size 0 bytes, startup_stm32h750xx.o(.text))
<BR>[Address Reference Count : 1]<UL><LI> startup_stm32h750xx.o(RESET)
</UL>
<P><STRONG><a name="[25]"></a>TIM1_CC_IRQHandler</STRONG> (Thumb, 0 bytes, Stack size 0 bytes, startup_stm32h750xx.o(.text))
<BR>[Address Reference Count : 1]<UL><LI> startup_stm32h750xx.o(RESET)
</UL>
<P><STRONG><a name="[24]"></a>TIM1_TRG_COM_IRQHandler</STRONG> (Thumb, 0 bytes, Stack size 0 bytes, startup_stm32h750xx.o(.text))
<BR>[Address Reference Count : 1]<UL><LI> startup_stm32h750xx.o(RESET)
</UL>
<P><STRONG><a name="[23]"></a>TIM1_UP_IRQHandler</STRONG> (Thumb, 0 bytes, Stack size 0 bytes, startup_stm32h750xx.o(.text))
<BR>[Address Reference Count : 1]<UL><LI> startup_stm32h750xx.o(RESET)
</UL>
<P><STRONG><a name="[27]"></a>TIM3_IRQHandler</STRONG> (Thumb, 0 bytes, Stack size 0 bytes, startup_stm32h750xx.o(.text))
<BR>[Address Reference Count : 1]<UL><LI> startup_stm32h750xx.o(RESET)
</UL>
<P><STRONG><a name="[28]"></a>TIM4_IRQHandler</STRONG> (Thumb, 0 bytes, Stack size 0 bytes, startup_stm32h750xx.o(.text))
<BR>[Address Reference Count : 1]<UL><LI> startup_stm32h750xx.o(RESET)
</UL>
<P><STRONG><a name="[3b]"></a>TIM5_IRQHandler</STRONG> (Thumb, 0 bytes, Stack size 0 bytes, startup_stm32h750xx.o(.text))
<BR>[Address Reference Count : 1]<UL><LI> startup_stm32h750xx.o(RESET)
</UL>
<P><STRONG><a name="[3f]"></a>TIM6_DAC_IRQHandler</STRONG> (Thumb, 0 bytes, Stack size 0 bytes, startup_stm32h750xx.o(.text))
<BR>[Address Reference Count : 1]<UL><LI> startup_stm32h750xx.o(RESET)
</UL>
<P><STRONG><a name="[40]"></a>TIM7_IRQHandler</STRONG> (Thumb, 0 bytes, Stack size 0 bytes, startup_stm32h750xx.o(.text))
<BR>[Address Reference Count : 1]<UL><LI> startup_stm32h750xx.o(RESET)
</UL>
<P><STRONG><a name="[34]"></a>TIM8_BRK_TIM12_IRQHandler</STRONG> (Thumb, 0 bytes, Stack size 0 bytes, startup_stm32h750xx.o(.text))
<BR>[Address Reference Count : 1]<UL><LI> startup_stm32h750xx.o(RESET)
</UL>
<P><STRONG><a name="[37]"></a>TIM8_CC_IRQHandler</STRONG> (Thumb, 0 bytes, Stack size 0 bytes, startup_stm32h750xx.o(.text))
<BR>[Address Reference Count : 1]<UL><LI> startup_stm32h750xx.o(RESET)
</UL>
<P><STRONG><a name="[36]"></a>TIM8_TRG_COM_TIM14_IRQHandler</STRONG> (Thumb, 0 bytes, Stack size 0 bytes, startup_stm32h750xx.o(.text))
<BR>[Address Reference Count : 1]<UL><LI> startup_stm32h750xx.o(RESET)
</UL>
<P><STRONG><a name="[35]"></a>TIM8_UP_TIM13_IRQHandler</STRONG> (Thumb, 0 bytes, Stack size 0 bytes, startup_stm32h750xx.o(.text))
<BR>[Address Reference Count : 1]<UL><LI> startup_stm32h750xx.o(RESET)
</UL>
<P><STRONG><a name="[3d]"></a>UART4_IRQHandler</STRONG> (Thumb, 0 bytes, Stack size 0 bytes, startup_stm32h750xx.o(.text))
<BR>[Address Reference Count : 1]<UL><LI> startup_stm32h750xx.o(RESET)
</UL>
<P><STRONG><a name="[3e]"></a>UART5_IRQHandler</STRONG> (Thumb, 0 bytes, Stack size 0 bytes, startup_stm32h750xx.o(.text))
<BR>[Address Reference Count : 1]<UL><LI> startup_stm32h750xx.o(RESET)
</UL>
<P><STRONG><a name="[57]"></a>UART7_IRQHandler</STRONG> (Thumb, 0 bytes, Stack size 0 bytes, startup_stm32h750xx.o(.text))
<BR>[Address Reference Count : 1]<UL><LI> startup_stm32h750xx.o(RESET)
</UL>
<P><STRONG><a name="[58]"></a>UART8_IRQHandler</STRONG> (Thumb, 0 bytes, Stack size 0 bytes, startup_stm32h750xx.o(.text))
<BR>[Address Reference Count : 1]<UL><LI> startup_stm32h750xx.o(RESET)
</UL>
<P><STRONG><a name="[2f]"></a>USART1_IRQHandler</STRONG> (Thumb, 0 bytes, Stack size 0 bytes, startup_stm32h750xx.o(.text))
<BR>[Address Reference Count : 1]<UL><LI> startup_stm32h750xx.o(RESET)
</UL>
<P><STRONG><a name="[30]"></a>USART2_IRQHandler</STRONG> (Thumb, 0 bytes, Stack size 0 bytes, startup_stm32h750xx.o(.text))
<BR>[Address Reference Count : 1]<UL><LI> startup_stm32h750xx.o(RESET)
</UL>
<P><STRONG><a name="[31]"></a>USART3_IRQHandler</STRONG> (Thumb, 0 bytes, Stack size 0 bytes, startup_stm32h750xx.o(.text))
<BR>[Address Reference Count : 1]<UL><LI> startup_stm32h750xx.o(RESET)
</UL>
<P><STRONG><a name="[4c]"></a>USART6_IRQHandler</STRONG> (Thumb, 0 bytes, Stack size 0 bytes, startup_stm32h750xx.o(.text))
<BR>[Address Reference Count : 1]<UL><LI> startup_stm32h750xx.o(RESET)
</UL>
<P><STRONG><a name="[95]"></a>WAKEUP_PIN_IRQHandler</STRONG> (Thumb, 0 bytes, Stack size 0 bytes, startup_stm32h750xx.o(.text))
<BR>[Address Reference Count : 1]<UL><LI> startup_stm32h750xx.o(RESET)
</UL>
<P><STRONG><a name="[a]"></a>WWDG_IRQHandler</STRONG> (Thumb, 0 bytes, Stack size 0 bytes, startup_stm32h750xx.o(.text))
<BR>[Address Reference Count : 1]<UL><LI> startup_stm32h750xx.o(RESET)
</UL>
<P><STRONG><a name="[a3]"></a>__aeabi_uldivmod</STRONG> (Thumb, 98 bytes, Stack size 40 bytes, uldiv.o(.text))
<BR><BR>[Stack]<UL><LI>Max Depth = 40<LI>Call Chain = __aeabi_uldivmod
</UL>
<BR>[Calls]<UL><LI><a href="#[a4]">&gt;&gt;</a>&nbsp;&nbsp;&nbsp;__aeabi_llsr
<LI><a href="#[a5]">&gt;&gt;</a>&nbsp;&nbsp;&nbsp;__aeabi_llsl
</UL>
<BR>[Called By]<UL><LI><a href="#[e6]">&gt;&gt;</a>&nbsp;&nbsp;&nbsp;UART_SetConfig
</UL>

<P><STRONG><a name="[12c]"></a>__aeabi_memcpy</STRONG> (Thumb, 36 bytes, Stack size 0 bytes, memcpya.o(.text))
<BR><BR>[Called By]<UL><LI><a href="#[119]">&gt;&gt;</a>&nbsp;&nbsp;&nbsp;xQueueReceive
<LI><a href="#[130]">&gt;&gt;</a>&nbsp;&nbsp;&nbsp;xQueueGenericSendFromISR
<LI><a href="#[116]">&gt;&gt;</a>&nbsp;&nbsp;&nbsp;xQueueGenericSend
</UL>

<P><STRONG><a name="[b9]"></a>__aeabi_memcpy4</STRONG> (Thumb, 0 bytes, Stack size 0 bytes, memcpya.o(.text))
<BR><BR>[Called By]<UL><LI><a href="#[b8]">&gt;&gt;</a>&nbsp;&nbsp;&nbsp;HAL_FDCAN_Init
</UL>

<P><STRONG><a name="[13b]"></a>__aeabi_memcpy8</STRONG> (Thumb, 0 bytes, Stack size 0 bytes, memcpya.o(.text), UNUSED)

<P><STRONG><a name="[a7]"></a>__aeabi_memset</STRONG> (Thumb, 14 bytes, Stack size 0 bytes, memseta.o(.text))
<BR><BR>[Called By]<UL><LI><a href="#[109]">&gt;&gt;</a>&nbsp;&nbsp;&nbsp;xTaskCreateStatic
<LI><a href="#[10a]">&gt;&gt;</a>&nbsp;&nbsp;&nbsp;xTaskCreate
<LI><a href="#[a8]">&gt;&gt;</a>&nbsp;&nbsp;&nbsp;memset
<LI><a href="#[a6]">&gt;&gt;</a>&nbsp;&nbsp;&nbsp;__aeabi_memclr
</UL>

<P><STRONG><a name="[13c]"></a>__aeabi_memset4</STRONG> (Thumb, 0 bytes, Stack size 0 bytes, memseta.o(.text), UNUSED)

<P><STRONG><a name="[13d]"></a>__aeabi_memset8</STRONG> (Thumb, 0 bytes, Stack size 0 bytes, memseta.o(.text), UNUSED)

<P><STRONG><a name="[a6]"></a>__aeabi_memclr</STRONG> (Thumb, 4 bytes, Stack size 0 bytes, memseta.o(.text), UNUSED)
<BR><BR>[Calls]<UL><LI><a href="#[a7]">&gt;&gt;</a>&nbsp;&nbsp;&nbsp;__aeabi_memset
</UL>

<P><STRONG><a name="[b1]"></a>__aeabi_memclr4</STRONG> (Thumb, 0 bytes, Stack size 0 bytes, memseta.o(.text))
<BR><BR>[Called By]<UL><LI><a href="#[be]">&gt;&gt;</a>&nbsp;&nbsp;&nbsp;HAL_I2C_MspInit
<LI><a href="#[bc]">&gt;&gt;</a>&nbsp;&nbsp;&nbsp;HAL_HRTIM_MspInit
<LI><a href="#[ba]">&gt;&gt;</a>&nbsp;&nbsp;&nbsp;HAL_FDCAN_MspInit
<LI><a href="#[b0]">&gt;&gt;</a>&nbsp;&nbsp;&nbsp;HAL_ADC_MspInit
<LI><a href="#[f0]">&gt;&gt;</a>&nbsp;&nbsp;&nbsp;MX_HRTIM_Init
<LI><a href="#[101]">&gt;&gt;</a>&nbsp;&nbsp;&nbsp;SystemClock_Config
<LI><a href="#[e5]">&gt;&gt;</a>&nbsp;&nbsp;&nbsp;HAL_UART_MspInit
</UL>

<P><STRONG><a name="[13e]"></a>__aeabi_memclr8</STRONG> (Thumb, 0 bytes, Stack size 0 bytes, memseta.o(.text), UNUSED)

<P><STRONG><a name="[a8]"></a>memset</STRONG> (Thumb, 18 bytes, Stack size 8 bytes, memseta.o(.text), UNUSED)
<BR><BR>[Calls]<UL><LI><a href="#[a7]">&gt;&gt;</a>&nbsp;&nbsp;&nbsp;__aeabi_memset
</UL>

<P><STRONG><a name="[a5]"></a>__aeabi_llsl</STRONG> (Thumb, 30 bytes, Stack size 0 bytes, llshl.o(.text))
<BR><BR>[Called By]<UL><LI><a href="#[a3]">&gt;&gt;</a>&nbsp;&nbsp;&nbsp;__aeabi_uldivmod
</UL>

<P><STRONG><a name="[13f]"></a>_ll_shift_l</STRONG> (Thumb, 0 bytes, Stack size 0 bytes, llshl.o(.text), UNUSED)

<P><STRONG><a name="[a4]"></a>__aeabi_llsr</STRONG> (Thumb, 32 bytes, Stack size 0 bytes, llushr.o(.text))
<BR><BR>[Called By]<UL><LI><a href="#[a3]">&gt;&gt;</a>&nbsp;&nbsp;&nbsp;__aeabi_uldivmod
</UL>

<P><STRONG><a name="[140]"></a>_ll_ushift_r</STRONG> (Thumb, 0 bytes, Stack size 0 bytes, llushr.o(.text), UNUSED)

<P><STRONG><a name="[a1]"></a>__scatterload</STRONG> (Thumb, 28 bytes, Stack size 0 bytes, init.o(.text))
<BR><BR>[Calls]<UL><LI><a href="#[a9]">&gt;&gt;</a>&nbsp;&nbsp;&nbsp;__main_after_scatterload
</UL>
<BR>[Called By]<UL><LI><a href="#[a0]">&gt;&gt;</a>&nbsp;&nbsp;&nbsp;_main_scatterload
</UL>

<P><STRONG><a name="[141]"></a>__scatterload_rt2</STRONG> (Thumb, 0 bytes, Stack size 0 bytes, init.o(.text), UNUSED)

<P><STRONG><a name="[aa]"></a>ADC_ConfigureBoostMode</STRONG> (Thumb, 240 bytes, Stack size 16 bytes, stm32h7xx_hal_adc.o(i.ADC_ConfigureBoostMode))
<BR><BR>[Stack]<UL><LI>Max Depth = 96<LI>Call Chain = ADC_ConfigureBoostMode &rArr; HAL_RCCEx_GetPeriphCLKFreq &rArr; HAL_RCC_GetHCLKFreq &rArr; HAL_RCC_GetSysClockFreq
</UL>
<BR>[Calls]<UL><LI><a href="#[ab]">&gt;&gt;</a>&nbsp;&nbsp;&nbsp;HAL_RCC_GetHCLKFreq
<LI><a href="#[ac]">&gt;&gt;</a>&nbsp;&nbsp;&nbsp;HAL_RCCEx_GetPeriphCLKFreq
<LI><a href="#[ad]">&gt;&gt;</a>&nbsp;&nbsp;&nbsp;HAL_GetREVID
</UL>
<BR>[Called By]<UL><LI><a href="#[af]">&gt;&gt;</a>&nbsp;&nbsp;&nbsp;HAL_ADC_Init
</UL>

<P><STRONG><a name="[4]"></a>BusFault_Handler</STRONG> (Thumb, 2 bytes, Stack size 0 bytes, stm32h7xx_it.o(i.BusFault_Handler))
<BR><BR>[Calls]<UL><LI><a href="#[4]">&gt;&gt;</a>&nbsp;&nbsp;&nbsp;BusFault_Handler
</UL>
<BR>[Called By]<UL><LI><a href="#[4]">&gt;&gt;</a>&nbsp;&nbsp;&nbsp;BusFault_Handler
</UL>
<BR>[Address Reference Count : 1]<UL><LI> startup_stm32h750xx.o(RESET)
</UL>
<P><STRONG><a name="[15]"></a>DMA1_Stream0_IRQHandler</STRONG> (Thumb, 6 bytes, Stack size 0 bytes, stm32h7xx_it.o(i.DMA1_Stream0_IRQHandler))
<BR><BR>[Stack]<UL><LI>Max Depth = 40<LI>Call Chain = DMA1_Stream0_IRQHandler &rArr; HAL_DMA_IRQHandler
</UL>
<BR>[Calls]<UL><LI><a href="#[ae]">&gt;&gt;</a>&nbsp;&nbsp;&nbsp;HAL_DMA_IRQHandler
</UL>
<BR>[Address Reference Count : 1]<UL><LI> startup_stm32h750xx.o(RESET)
</UL>
<P><STRONG><a name="[7]"></a>DebugMon_Handler</STRONG> (Thumb, 2 bytes, Stack size 0 bytes, stm32h7xx_it.o(i.DebugMon_Handler))
<BR>[Address Reference Count : 1]<UL><LI> startup_stm32h750xx.o(RESET)
</UL>
<P><STRONG><a name="[b3]"></a>Error_Handler</STRONG> (Thumb, 4 bytes, Stack size 0 bytes, main.o(i.Error_Handler))
<BR><BR>[Called By]<UL><LI><a href="#[be]">&gt;&gt;</a>&nbsp;&nbsp;&nbsp;HAL_I2C_MspInit
<LI><a href="#[bc]">&gt;&gt;</a>&nbsp;&nbsp;&nbsp;HAL_HRTIM_MspInit
<LI><a href="#[ba]">&gt;&gt;</a>&nbsp;&nbsp;&nbsp;HAL_FDCAN_MspInit
<LI><a href="#[b0]">&gt;&gt;</a>&nbsp;&nbsp;&nbsp;HAL_ADC_MspInit
<LI><a href="#[fa]">&gt;&gt;</a>&nbsp;&nbsp;&nbsp;MX_USART1_UART_Init
<LI><a href="#[f7]">&gt;&gt;</a>&nbsp;&nbsp;&nbsp;MX_TIM1_Init
<LI><a href="#[f6]">&gt;&gt;</a>&nbsp;&nbsp;&nbsp;MX_I2C4_Init
<LI><a href="#[f3]">&gt;&gt;</a>&nbsp;&nbsp;&nbsp;MX_I2C1_Init
<LI><a href="#[f0]">&gt;&gt;</a>&nbsp;&nbsp;&nbsp;MX_HRTIM_Init
<LI><a href="#[ed]">&gt;&gt;</a>&nbsp;&nbsp;&nbsp;MX_FDCAN1_Init
<LI><a href="#[e9]">&gt;&gt;</a>&nbsp;&nbsp;&nbsp;MX_ADC1_Init
<LI><a href="#[e5]">&gt;&gt;</a>&nbsp;&nbsp;&nbsp;HAL_UART_MspInit
</UL>

<P><STRONG><a name="[ea]"></a>HAL_ADCEx_MultiModeConfigChannel</STRONG> (Thumb, 250 bytes, Stack size 120 bytes, stm32h7xx_hal_adc_ex.o(i.HAL_ADCEx_MultiModeConfigChannel))
<BR><BR>[Stack]<UL><LI>Max Depth = 120<LI>Call Chain = HAL_ADCEx_MultiModeConfigChannel
</UL>
<BR>[Called By]<UL><LI><a href="#[e9]">&gt;&gt;</a>&nbsp;&nbsp;&nbsp;MX_ADC1_Init
</UL>

<P><STRONG><a name="[eb]"></a>HAL_ADC_ConfigChannel</STRONG> (Thumb, 1136 bytes, Stack size 48 bytes, stm32h7xx_hal_adc.o(i.HAL_ADC_ConfigChannel))
<BR><BR>[Stack]<UL><LI>Max Depth = 48<LI>Call Chain = HAL_ADC_ConfigChannel
</UL>
<BR>[Called By]<UL><LI><a href="#[e9]">&gt;&gt;</a>&nbsp;&nbsp;&nbsp;MX_ADC1_Init
</UL>

<P><STRONG><a name="[af]"></a>HAL_ADC_Init</STRONG> (Thumb, 594 bytes, Stack size 32 bytes, stm32h7xx_hal_adc.o(i.HAL_ADC_Init))
<BR><BR>[Stack]<UL><LI>Max Depth = 336<LI>Call Chain = HAL_ADC_Init &rArr; HAL_ADC_MspInit &rArr; HAL_RCCEx_PeriphCLKConfig &rArr; RCCEx_PLL3_Config
</UL>
<BR>[Calls]<UL><LI><a href="#[b0]">&gt;&gt;</a>&nbsp;&nbsp;&nbsp;HAL_ADC_MspInit
<LI><a href="#[ad]">&gt;&gt;</a>&nbsp;&nbsp;&nbsp;HAL_GetREVID
<LI><a href="#[aa]">&gt;&gt;</a>&nbsp;&nbsp;&nbsp;ADC_ConfigureBoostMode
</UL>
<BR>[Called By]<UL><LI><a href="#[e9]">&gt;&gt;</a>&nbsp;&nbsp;&nbsp;MX_ADC1_Init
</UL>

<P><STRONG><a name="[b0]"></a>HAL_ADC_MspInit</STRONG> (Thumb, 208 bytes, Stack size 232 bytes, adc.o(i.HAL_ADC_MspInit))
<BR><BR>[Stack]<UL><LI>Max Depth = 304<LI>Call Chain = HAL_ADC_MspInit &rArr; HAL_RCCEx_PeriphCLKConfig &rArr; RCCEx_PLL3_Config
</UL>
<BR>[Calls]<UL><LI><a href="#[b2]">&gt;&gt;</a>&nbsp;&nbsp;&nbsp;HAL_RCCEx_PeriphCLKConfig
<LI><a href="#[b4]">&gt;&gt;</a>&nbsp;&nbsp;&nbsp;HAL_GPIO_Init
<LI><a href="#[b5]">&gt;&gt;</a>&nbsp;&nbsp;&nbsp;HAL_DMA_Init
<LI><a href="#[b3]">&gt;&gt;</a>&nbsp;&nbsp;&nbsp;Error_Handler
<LI><a href="#[b1]">&gt;&gt;</a>&nbsp;&nbsp;&nbsp;__aeabi_memclr4
</UL>
<BR>[Called By]<UL><LI><a href="#[af]">&gt;&gt;</a>&nbsp;&nbsp;&nbsp;HAL_ADC_Init
</UL>

<P><STRONG><a name="[ae]"></a>HAL_DMA_IRQHandler</STRONG> (Thumb, 1782 bytes, Stack size 40 bytes, stm32h7xx_hal_dma.o(i.HAL_DMA_IRQHandler))
<BR><BR>[Stack]<UL><LI>Max Depth = 40<LI>Call Chain = HAL_DMA_IRQHandler
</UL>
<BR>[Called By]<UL><LI><a href="#[15]">&gt;&gt;</a>&nbsp;&nbsp;&nbsp;DMA1_Stream0_IRQHandler
</UL>

<P><STRONG><a name="[b5]"></a>HAL_DMA_Init</STRONG> (Thumb, 1302 bytes, Stack size 40 bytes, stm32h7xx_hal_dma.o(i.HAL_DMA_Init))
<BR><BR>[Stack]<UL><LI>Max Depth = 40<LI>Call Chain = HAL_DMA_Init
</UL>
<BR>[Calls]<UL><LI><a href="#[b6]">&gt;&gt;</a>&nbsp;&nbsp;&nbsp;HAL_GetTick
<LI><a href="#[b7]">&gt;&gt;</a>&nbsp;&nbsp;&nbsp;DMA_CalcBaseAndBitshift
</UL>
<BR>[Called By]<UL><LI><a href="#[b0]">&gt;&gt;</a>&nbsp;&nbsp;&nbsp;HAL_ADC_MspInit
</UL>

<P><STRONG><a name="[b8]"></a>HAL_FDCAN_Init</STRONG> (Thumb, 1122 bytes, Stack size 104 bytes, stm32h7xx_hal_fdcan.o(i.HAL_FDCAN_Init))
<BR><BR>[Stack]<UL><LI>Max Depth = 408<LI>Call Chain = HAL_FDCAN_Init &rArr; HAL_FDCAN_MspInit &rArr; HAL_RCCEx_PeriphCLKConfig &rArr; RCCEx_PLL3_Config
</UL>
<BR>[Calls]<UL><LI><a href="#[ba]">&gt;&gt;</a>&nbsp;&nbsp;&nbsp;HAL_FDCAN_MspInit
<LI><a href="#[b6]">&gt;&gt;</a>&nbsp;&nbsp;&nbsp;HAL_GetTick
<LI><a href="#[b9]">&gt;&gt;</a>&nbsp;&nbsp;&nbsp;__aeabi_memcpy4
</UL>
<BR>[Called By]<UL><LI><a href="#[ed]">&gt;&gt;</a>&nbsp;&nbsp;&nbsp;MX_FDCAN1_Init
</UL>

<P><STRONG><a name="[ba]"></a>HAL_FDCAN_MspInit</STRONG> (Thumb, 134 bytes, Stack size 232 bytes, fdcan.o(i.HAL_FDCAN_MspInit))
<BR><BR>[Stack]<UL><LI>Max Depth = 304<LI>Call Chain = HAL_FDCAN_MspInit &rArr; HAL_RCCEx_PeriphCLKConfig &rArr; RCCEx_PLL3_Config
</UL>
<BR>[Calls]<UL><LI><a href="#[b2]">&gt;&gt;</a>&nbsp;&nbsp;&nbsp;HAL_RCCEx_PeriphCLKConfig
<LI><a href="#[b4]">&gt;&gt;</a>&nbsp;&nbsp;&nbsp;HAL_GPIO_Init
<LI><a href="#[b3]">&gt;&gt;</a>&nbsp;&nbsp;&nbsp;Error_Handler
<LI><a href="#[b1]">&gt;&gt;</a>&nbsp;&nbsp;&nbsp;__aeabi_memclr4
</UL>
<BR>[Called By]<UL><LI><a href="#[b8]">&gt;&gt;</a>&nbsp;&nbsp;&nbsp;HAL_FDCAN_Init
</UL>

<P><STRONG><a name="[b4]"></a>HAL_GPIO_Init</STRONG> (Thumb, 554 bytes, Stack size 40 bytes, stm32h7xx_hal_gpio.o(i.HAL_GPIO_Init))
<BR><BR>[Stack]<UL><LI>Max Depth = 40<LI>Call Chain = HAL_GPIO_Init
</UL>
<BR>[Called By]<UL><LI><a href="#[be]">&gt;&gt;</a>&nbsp;&nbsp;&nbsp;HAL_I2C_MspInit
<LI><a href="#[ba]">&gt;&gt;</a>&nbsp;&nbsp;&nbsp;HAL_FDCAN_MspInit
<LI><a href="#[b0]">&gt;&gt;</a>&nbsp;&nbsp;&nbsp;HAL_ADC_MspInit
<LI><a href="#[f7]">&gt;&gt;</a>&nbsp;&nbsp;&nbsp;MX_TIM1_Init
<LI><a href="#[e5]">&gt;&gt;</a>&nbsp;&nbsp;&nbsp;HAL_UART_MspInit
</UL>

<P><STRONG><a name="[ad]"></a>HAL_GetREVID</STRONG> (Thumb, 8 bytes, Stack size 0 bytes, stm32h7xx_hal.o(i.HAL_GetREVID))
<BR><BR>[Called By]<UL><LI><a href="#[af]">&gt;&gt;</a>&nbsp;&nbsp;&nbsp;HAL_ADC_Init
<LI><a href="#[d3]">&gt;&gt;</a>&nbsp;&nbsp;&nbsp;HAL_RCC_OscConfig
<LI><a href="#[aa]">&gt;&gt;</a>&nbsp;&nbsp;&nbsp;ADC_ConfigureBoostMode
</UL>

<P><STRONG><a name="[b6]"></a>HAL_GetTick</STRONG> (Thumb, 6 bytes, Stack size 0 bytes, stm32h7xx_hal.o(i.HAL_GetTick))
<BR><BR>[Called By]<UL><LI><a href="#[b8]">&gt;&gt;</a>&nbsp;&nbsp;&nbsp;HAL_FDCAN_Init
<LI><a href="#[b2]">&gt;&gt;</a>&nbsp;&nbsp;&nbsp;HAL_RCCEx_PeriphCLKConfig
<LI><a href="#[b5]">&gt;&gt;</a>&nbsp;&nbsp;&nbsp;HAL_DMA_Init
<LI><a href="#[d3]">&gt;&gt;</a>&nbsp;&nbsp;&nbsp;HAL_RCC_OscConfig
<LI><a href="#[d1]">&gt;&gt;</a>&nbsp;&nbsp;&nbsp;HAL_RCC_ClockConfig
<LI><a href="#[ca]">&gt;&gt;</a>&nbsp;&nbsp;&nbsp;HAL_PWREx_ConfigSupply
<LI><a href="#[96]">&gt;&gt;</a>&nbsp;&nbsp;&nbsp;main
<LI><a href="#[102]">&gt;&gt;</a>&nbsp;&nbsp;&nbsp;UART_WaitOnFlagUntilTimeout
<LI><a href="#[e8]">&gt;&gt;</a>&nbsp;&nbsp;&nbsp;UART_CheckIdleState
<LI><a href="#[d0]">&gt;&gt;</a>&nbsp;&nbsp;&nbsp;RCCEx_PLL3_Config
<LI><a href="#[cf]">&gt;&gt;</a>&nbsp;&nbsp;&nbsp;RCCEx_PLL2_Config
</UL>

<P><STRONG><a name="[bb]"></a>HAL_HRTIM_Init</STRONG> (Thumb, 190 bytes, Stack size 16 bytes, stm32h7xx_hal_hrtim.o(i.HAL_HRTIM_Init))
<BR><BR>[Stack]<UL><LI>Max Depth = 296<LI>Call Chain = HAL_HRTIM_Init &rArr; HAL_HRTIM_MspInit &rArr; HAL_RCCEx_PeriphCLKConfig &rArr; RCCEx_PLL3_Config
</UL>
<BR>[Calls]<UL><LI><a href="#[bc]">&gt;&gt;</a>&nbsp;&nbsp;&nbsp;HAL_HRTIM_MspInit
</UL>
<BR>[Called By]<UL><LI><a href="#[f0]">&gt;&gt;</a>&nbsp;&nbsp;&nbsp;MX_HRTIM_Init
</UL>

<P><STRONG><a name="[bc]"></a>HAL_HRTIM_MspInit</STRONG> (Thumb, 80 bytes, Stack size 208 bytes, hrtim.o(i.HAL_HRTIM_MspInit))
<BR><BR>[Stack]<UL><LI>Max Depth = 280<LI>Call Chain = HAL_HRTIM_MspInit &rArr; HAL_RCCEx_PeriphCLKConfig &rArr; RCCEx_PLL3_Config
</UL>
<BR>[Calls]<UL><LI><a href="#[b2]">&gt;&gt;</a>&nbsp;&nbsp;&nbsp;HAL_RCCEx_PeriphCLKConfig
<LI><a href="#[b3]">&gt;&gt;</a>&nbsp;&nbsp;&nbsp;Error_Handler
<LI><a href="#[b1]">&gt;&gt;</a>&nbsp;&nbsp;&nbsp;__aeabi_memclr4
</UL>
<BR>[Called By]<UL><LI><a href="#[bb]">&gt;&gt;</a>&nbsp;&nbsp;&nbsp;HAL_HRTIM_Init
</UL>

<P><STRONG><a name="[f1]"></a>HAL_HRTIM_TimeBaseConfig</STRONG> (Thumb, 138 bytes, Stack size 12 bytes, stm32h7xx_hal_hrtim.o(i.HAL_HRTIM_TimeBaseConfig))
<BR><BR>[Stack]<UL><LI>Max Depth = 12<LI>Call Chain = HAL_HRTIM_TimeBaseConfig
</UL>
<BR>[Called By]<UL><LI><a href="#[f0]">&gt;&gt;</a>&nbsp;&nbsp;&nbsp;MX_HRTIM_Init
</UL>

<P><STRONG><a name="[f2]"></a>HAL_HRTIM_WaveformTimerConfig</STRONG> (Thumb, 670 bytes, Stack size 44 bytes, stm32h7xx_hal_hrtim.o(i.HAL_HRTIM_WaveformTimerConfig))
<BR><BR>[Stack]<UL><LI>Max Depth = 44<LI>Call Chain = HAL_HRTIM_WaveformTimerConfig
</UL>
<BR>[Called By]<UL><LI><a href="#[f0]">&gt;&gt;</a>&nbsp;&nbsp;&nbsp;MX_HRTIM_Init
</UL>

<P><STRONG><a name="[f4]"></a>HAL_I2CEx_ConfigAnalogFilter</STRONG> (Thumb, 100 bytes, Stack size 4 bytes, stm32h7xx_hal_i2c_ex.o(i.HAL_I2CEx_ConfigAnalogFilter))
<BR><BR>[Stack]<UL><LI>Max Depth = 4<LI>Call Chain = HAL_I2CEx_ConfigAnalogFilter
</UL>
<BR>[Called By]<UL><LI><a href="#[f6]">&gt;&gt;</a>&nbsp;&nbsp;&nbsp;MX_I2C4_Init
<LI><a href="#[f3]">&gt;&gt;</a>&nbsp;&nbsp;&nbsp;MX_I2C1_Init
</UL>

<P><STRONG><a name="[f5]"></a>HAL_I2CEx_ConfigDigitalFilter</STRONG> (Thumb, 96 bytes, Stack size 4 bytes, stm32h7xx_hal_i2c_ex.o(i.HAL_I2CEx_ConfigDigitalFilter))
<BR><BR>[Stack]<UL><LI>Max Depth = 4<LI>Call Chain = HAL_I2CEx_ConfigDigitalFilter
</UL>
<BR>[Called By]<UL><LI><a href="#[f6]">&gt;&gt;</a>&nbsp;&nbsp;&nbsp;MX_I2C4_Init
<LI><a href="#[f3]">&gt;&gt;</a>&nbsp;&nbsp;&nbsp;MX_I2C1_Init
</UL>

<P><STRONG><a name="[bd]"></a>HAL_I2C_Init</STRONG> (Thumb, 180 bytes, Stack size 16 bytes, stm32h7xx_hal_i2c.o(i.HAL_I2C_Init))
<BR><BR>[Stack]<UL><LI>Max Depth = 328<LI>Call Chain = HAL_I2C_Init &rArr; HAL_I2C_MspInit &rArr; HAL_RCCEx_PeriphCLKConfig &rArr; RCCEx_PLL3_Config
</UL>
<BR>[Calls]<UL><LI><a href="#[be]">&gt;&gt;</a>&nbsp;&nbsp;&nbsp;HAL_I2C_MspInit
</UL>
<BR>[Called By]<UL><LI><a href="#[f6]">&gt;&gt;</a>&nbsp;&nbsp;&nbsp;MX_I2C4_Init
<LI><a href="#[f3]">&gt;&gt;</a>&nbsp;&nbsp;&nbsp;MX_I2C1_Init
</UL>

<P><STRONG><a name="[be]"></a>HAL_I2C_MspInit</STRONG> (Thumb, 220 bytes, Stack size 240 bytes, i2c.o(i.HAL_I2C_MspInit))
<BR><BR>[Stack]<UL><LI>Max Depth = 312<LI>Call Chain = HAL_I2C_MspInit &rArr; HAL_RCCEx_PeriphCLKConfig &rArr; RCCEx_PLL3_Config
</UL>
<BR>[Calls]<UL><LI><a href="#[b2]">&gt;&gt;</a>&nbsp;&nbsp;&nbsp;HAL_RCCEx_PeriphCLKConfig
<LI><a href="#[b4]">&gt;&gt;</a>&nbsp;&nbsp;&nbsp;HAL_GPIO_Init
<LI><a href="#[b3]">&gt;&gt;</a>&nbsp;&nbsp;&nbsp;Error_Handler
<LI><a href="#[b1]">&gt;&gt;</a>&nbsp;&nbsp;&nbsp;__aeabi_memclr4
</UL>
<BR>[Called By]<UL><LI><a href="#[bd]">&gt;&gt;</a>&nbsp;&nbsp;&nbsp;HAL_I2C_Init
</UL>

<P><STRONG><a name="[e3]"></a>HAL_IncTick</STRONG> (Thumb, 12 bytes, Stack size 0 bytes, stm32h7xx_hal.o(i.HAL_IncTick))
<BR><BR>[Called By]<UL><LI><a href="#[da]">&gt;&gt;</a>&nbsp;&nbsp;&nbsp;HAL_TIM_PeriodElapsedCallback
</UL>

<P><STRONG><a name="[bf]"></a>HAL_Init</STRONG> (Thumb, 76 bytes, Stack size 8 bytes, stm32h7xx_hal.o(i.HAL_Init))
<BR><BR>[Stack]<UL><LI>Max Depth = 88<LI>Call Chain = HAL_Init &rArr; HAL_InitTick &rArr; HAL_TIM_Base_Init &rArr; TIM_Base_SetConfig
</UL>
<BR>[Calls]<UL><LI><a href="#[c1]">&gt;&gt;</a>&nbsp;&nbsp;&nbsp;HAL_RCC_GetSysClockFreq
<LI><a href="#[c2]">&gt;&gt;</a>&nbsp;&nbsp;&nbsp;HAL_InitTick
<LI><a href="#[c3]">&gt;&gt;</a>&nbsp;&nbsp;&nbsp;HAL_MspInit
<LI><a href="#[c0]">&gt;&gt;</a>&nbsp;&nbsp;&nbsp;HAL_NVIC_SetPriorityGrouping
</UL>
<BR>[Called By]<UL><LI><a href="#[96]">&gt;&gt;</a>&nbsp;&nbsp;&nbsp;main
</UL>

<P><STRONG><a name="[c2]"></a>HAL_InitTick</STRONG> (Thumb, 126 bytes, Stack size 48 bytes, stm32h7xx_hal_timebase_tim.o(i.HAL_InitTick))
<BR><BR>[Stack]<UL><LI>Max Depth = 80<LI>Call Chain = HAL_InitTick &rArr; HAL_TIM_Base_Init &rArr; TIM_Base_SetConfig
</UL>
<BR>[Calls]<UL><LI><a href="#[c4]">&gt;&gt;</a>&nbsp;&nbsp;&nbsp;HAL_NVIC_SetPriority
<LI><a href="#[c5]">&gt;&gt;</a>&nbsp;&nbsp;&nbsp;HAL_NVIC_EnableIRQ
<LI><a href="#[c9]">&gt;&gt;</a>&nbsp;&nbsp;&nbsp;HAL_TIM_Base_Start_IT
<LI><a href="#[c8]">&gt;&gt;</a>&nbsp;&nbsp;&nbsp;HAL_TIM_Base_Init
<LI><a href="#[c7]">&gt;&gt;</a>&nbsp;&nbsp;&nbsp;HAL_RCC_GetPCLK1Freq
<LI><a href="#[c6]">&gt;&gt;</a>&nbsp;&nbsp;&nbsp;HAL_RCC_GetClockConfig
</UL>
<BR>[Called By]<UL><LI><a href="#[d1]">&gt;&gt;</a>&nbsp;&nbsp;&nbsp;HAL_RCC_ClockConfig
<LI><a href="#[bf]">&gt;&gt;</a>&nbsp;&nbsp;&nbsp;HAL_Init
</UL>

<P><STRONG><a name="[c3]"></a>HAL_MspInit</STRONG> (Thumb, 32 bytes, Stack size 8 bytes, stm32h7xx_hal_msp.o(i.HAL_MspInit))
<BR><BR>[Stack]<UL><LI>Max Depth = 16<LI>Call Chain = HAL_MspInit &rArr; HAL_NVIC_SetPriority
</UL>
<BR>[Calls]<UL><LI><a href="#[c4]">&gt;&gt;</a>&nbsp;&nbsp;&nbsp;HAL_NVIC_SetPriority
</UL>
<BR>[Called By]<UL><LI><a href="#[bf]">&gt;&gt;</a>&nbsp;&nbsp;&nbsp;HAL_Init
</UL>

<P><STRONG><a name="[c5]"></a>HAL_NVIC_EnableIRQ</STRONG> (Thumb, 30 bytes, Stack size 0 bytes, stm32h7xx_hal_cortex.o(i.HAL_NVIC_EnableIRQ))
<BR><BR>[Called By]<UL><LI><a href="#[ec]">&gt;&gt;</a>&nbsp;&nbsp;&nbsp;MX_DMA_Init
<LI><a href="#[c2]">&gt;&gt;</a>&nbsp;&nbsp;&nbsp;HAL_InitTick
</UL>

<P><STRONG><a name="[c4]"></a>HAL_NVIC_SetPriority</STRONG> (Thumb, 92 bytes, Stack size 8 bytes, stm32h7xx_hal_cortex.o(i.HAL_NVIC_SetPriority))
<BR><BR>[Stack]<UL><LI>Max Depth = 8<LI>Call Chain = HAL_NVIC_SetPriority
</UL>
<BR>[Called By]<UL><LI><a href="#[ec]">&gt;&gt;</a>&nbsp;&nbsp;&nbsp;MX_DMA_Init
<LI><a href="#[c2]">&gt;&gt;</a>&nbsp;&nbsp;&nbsp;HAL_InitTick
<LI><a href="#[c3]">&gt;&gt;</a>&nbsp;&nbsp;&nbsp;HAL_MspInit
</UL>

<P><STRONG><a name="[c0]"></a>HAL_NVIC_SetPriorityGrouping</STRONG> (Thumb, 30 bytes, Stack size 0 bytes, stm32h7xx_hal_cortex.o(i.HAL_NVIC_SetPriorityGrouping))
<BR><BR>[Called By]<UL><LI><a href="#[bf]">&gt;&gt;</a>&nbsp;&nbsp;&nbsp;HAL_Init
</UL>

<P><STRONG><a name="[ca]"></a>HAL_PWREx_ConfigSupply</STRONG> (Thumb, 84 bytes, Stack size 16 bytes, stm32h7xx_hal_pwr_ex.o(i.HAL_PWREx_ConfigSupply))
<BR><BR>[Stack]<UL><LI>Max Depth = 16<LI>Call Chain = HAL_PWREx_ConfigSupply
</UL>
<BR>[Calls]<UL><LI><a href="#[b6]">&gt;&gt;</a>&nbsp;&nbsp;&nbsp;HAL_GetTick
</UL>
<BR>[Called By]<UL><LI><a href="#[101]">&gt;&gt;</a>&nbsp;&nbsp;&nbsp;SystemClock_Config
</UL>

<P><STRONG><a name="[cb]"></a>HAL_RCCEx_GetD3PCLK1Freq</STRONG> (Thumb, 26 bytes, Stack size 8 bytes, stm32h7xx_hal_rcc_ex.o(i.HAL_RCCEx_GetD3PCLK1Freq))
<BR><BR>[Stack]<UL><LI>Max Depth = 24<LI>Call Chain = HAL_RCCEx_GetD3PCLK1Freq &rArr; HAL_RCC_GetHCLKFreq &rArr; HAL_RCC_GetSysClockFreq
</UL>
<BR>[Calls]<UL><LI><a href="#[ab]">&gt;&gt;</a>&nbsp;&nbsp;&nbsp;HAL_RCC_GetHCLKFreq
</UL>
<BR>[Called By]<UL><LI><a href="#[e6]">&gt;&gt;</a>&nbsp;&nbsp;&nbsp;UART_SetConfig
</UL>

<P><STRONG><a name="[cc]"></a>HAL_RCCEx_GetPLL1ClockFreq</STRONG> (Thumb, 394 bytes, Stack size 4 bytes, stm32h7xx_hal_rcc_ex.o(i.HAL_RCCEx_GetPLL1ClockFreq))
<BR><BR>[Stack]<UL><LI>Max Depth = 4<LI>Call Chain = HAL_RCCEx_GetPLL1ClockFreq
</UL>
<BR>[Called By]<UL><LI><a href="#[ac]">&gt;&gt;</a>&nbsp;&nbsp;&nbsp;HAL_RCCEx_GetPeriphCLKFreq
</UL>

<P><STRONG><a name="[cd]"></a>HAL_RCCEx_GetPLL2ClockFreq</STRONG> (Thumb, 392 bytes, Stack size 4 bytes, stm32h7xx_hal_rcc_ex.o(i.HAL_RCCEx_GetPLL2ClockFreq))
<BR><BR>[Stack]<UL><LI>Max Depth = 4<LI>Call Chain = HAL_RCCEx_GetPLL2ClockFreq
</UL>
<BR>[Called By]<UL><LI><a href="#[e6]">&gt;&gt;</a>&nbsp;&nbsp;&nbsp;UART_SetConfig
<LI><a href="#[ac]">&gt;&gt;</a>&nbsp;&nbsp;&nbsp;HAL_RCCEx_GetPeriphCLKFreq
</UL>

<P><STRONG><a name="[ce]"></a>HAL_RCCEx_GetPLL3ClockFreq</STRONG> (Thumb, 392 bytes, Stack size 4 bytes, stm32h7xx_hal_rcc_ex.o(i.HAL_RCCEx_GetPLL3ClockFreq))
<BR><BR>[Stack]<UL><LI>Max Depth = 4<LI>Call Chain = HAL_RCCEx_GetPLL3ClockFreq
</UL>
<BR>[Called By]<UL><LI><a href="#[e6]">&gt;&gt;</a>&nbsp;&nbsp;&nbsp;UART_SetConfig
<LI><a href="#[ac]">&gt;&gt;</a>&nbsp;&nbsp;&nbsp;HAL_RCCEx_GetPeriphCLKFreq
</UL>

<P><STRONG><a name="[ac]"></a>HAL_RCCEx_GetPeriphCLKFreq</STRONG> (Thumb, 1308 bytes, Stack size 64 bytes, stm32h7xx_hal_rcc_ex.o(i.HAL_RCCEx_GetPeriphCLKFreq))
<BR><BR>[Stack]<UL><LI>Max Depth = 80<LI>Call Chain = HAL_RCCEx_GetPeriphCLKFreq &rArr; HAL_RCC_GetHCLKFreq &rArr; HAL_RCC_GetSysClockFreq
</UL>
<BR>[Calls]<UL><LI><a href="#[ab]">&gt;&gt;</a>&nbsp;&nbsp;&nbsp;HAL_RCC_GetHCLKFreq
<LI><a href="#[c7]">&gt;&gt;</a>&nbsp;&nbsp;&nbsp;HAL_RCC_GetPCLK1Freq
<LI><a href="#[ce]">&gt;&gt;</a>&nbsp;&nbsp;&nbsp;HAL_RCCEx_GetPLL3ClockFreq
<LI><a href="#[cd]">&gt;&gt;</a>&nbsp;&nbsp;&nbsp;HAL_RCCEx_GetPLL2ClockFreq
<LI><a href="#[cc]">&gt;&gt;</a>&nbsp;&nbsp;&nbsp;HAL_RCCEx_GetPLL1ClockFreq
</UL>
<BR>[Called By]<UL><LI><a href="#[aa]">&gt;&gt;</a>&nbsp;&nbsp;&nbsp;ADC_ConfigureBoostMode
</UL>

<P><STRONG><a name="[b2]"></a>HAL_RCCEx_PeriphCLKConfig</STRONG> (Thumb, 2764 bytes, Stack size 40 bytes, stm32h7xx_hal_rcc_ex.o(i.HAL_RCCEx_PeriphCLKConfig))
<BR><BR>[Stack]<UL><LI>Max Depth = 72<LI>Call Chain = HAL_RCCEx_PeriphCLKConfig &rArr; RCCEx_PLL3_Config
</UL>
<BR>[Calls]<UL><LI><a href="#[b6]">&gt;&gt;</a>&nbsp;&nbsp;&nbsp;HAL_GetTick
<LI><a href="#[d0]">&gt;&gt;</a>&nbsp;&nbsp;&nbsp;RCCEx_PLL3_Config
<LI><a href="#[cf]">&gt;&gt;</a>&nbsp;&nbsp;&nbsp;RCCEx_PLL2_Config
</UL>
<BR>[Called By]<UL><LI><a href="#[be]">&gt;&gt;</a>&nbsp;&nbsp;&nbsp;HAL_I2C_MspInit
<LI><a href="#[bc]">&gt;&gt;</a>&nbsp;&nbsp;&nbsp;HAL_HRTIM_MspInit
<LI><a href="#[ba]">&gt;&gt;</a>&nbsp;&nbsp;&nbsp;HAL_FDCAN_MspInit
<LI><a href="#[b0]">&gt;&gt;</a>&nbsp;&nbsp;&nbsp;HAL_ADC_MspInit
<LI><a href="#[e5]">&gt;&gt;</a>&nbsp;&nbsp;&nbsp;HAL_UART_MspInit
</UL>

<P><STRONG><a name="[d1]"></a>HAL_RCC_ClockConfig</STRONG> (Thumb, 618 bytes, Stack size 40 bytes, stm32h7xx_hal_rcc.o(i.HAL_RCC_ClockConfig))
<BR><BR>[Stack]<UL><LI>Max Depth = 120<LI>Call Chain = HAL_RCC_ClockConfig &rArr; HAL_InitTick &rArr; HAL_TIM_Base_Init &rArr; TIM_Base_SetConfig
</UL>
<BR>[Calls]<UL><LI><a href="#[b6]">&gt;&gt;</a>&nbsp;&nbsp;&nbsp;HAL_GetTick
<LI><a href="#[c1]">&gt;&gt;</a>&nbsp;&nbsp;&nbsp;HAL_RCC_GetSysClockFreq
<LI><a href="#[c2]">&gt;&gt;</a>&nbsp;&nbsp;&nbsp;HAL_InitTick
</UL>
<BR>[Called By]<UL><LI><a href="#[101]">&gt;&gt;</a>&nbsp;&nbsp;&nbsp;SystemClock_Config
</UL>

<P><STRONG><a name="[c6]"></a>HAL_RCC_GetClockConfig</STRONG> (Thumb, 94 bytes, Stack size 8 bytes, stm32h7xx_hal_rcc.o(i.HAL_RCC_GetClockConfig))
<BR><BR>[Stack]<UL><LI>Max Depth = 8<LI>Call Chain = HAL_RCC_GetClockConfig
</UL>
<BR>[Called By]<UL><LI><a href="#[c2]">&gt;&gt;</a>&nbsp;&nbsp;&nbsp;HAL_InitTick
</UL>

<P><STRONG><a name="[ab]"></a>HAL_RCC_GetHCLKFreq</STRONG> (Thumb, 56 bytes, Stack size 8 bytes, stm32h7xx_hal_rcc.o(i.HAL_RCC_GetHCLKFreq))
<BR><BR>[Stack]<UL><LI>Max Depth = 16<LI>Call Chain = HAL_RCC_GetHCLKFreq &rArr; HAL_RCC_GetSysClockFreq
</UL>
<BR>[Calls]<UL><LI><a href="#[c1]">&gt;&gt;</a>&nbsp;&nbsp;&nbsp;HAL_RCC_GetSysClockFreq
</UL>
<BR>[Called By]<UL><LI><a href="#[ac]">&gt;&gt;</a>&nbsp;&nbsp;&nbsp;HAL_RCCEx_GetPeriphCLKFreq
<LI><a href="#[aa]">&gt;&gt;</a>&nbsp;&nbsp;&nbsp;ADC_ConfigureBoostMode
<LI><a href="#[cb]">&gt;&gt;</a>&nbsp;&nbsp;&nbsp;HAL_RCCEx_GetD3PCLK1Freq
</UL>

<P><STRONG><a name="[c7]"></a>HAL_RCC_GetPCLK1Freq</STRONG> (Thumb, 72 bytes, Stack size 8 bytes, stm32h7xx_hal_rcc.o(i.HAL_RCC_GetPCLK1Freq))
<BR><BR>[Stack]<UL><LI>Max Depth = 16<LI>Call Chain = HAL_RCC_GetPCLK1Freq &rArr; HAL_RCC_GetSysClockFreq
</UL>
<BR>[Calls]<UL><LI><a href="#[c1]">&gt;&gt;</a>&nbsp;&nbsp;&nbsp;HAL_RCC_GetSysClockFreq
</UL>
<BR>[Called By]<UL><LI><a href="#[e6]">&gt;&gt;</a>&nbsp;&nbsp;&nbsp;UART_SetConfig
<LI><a href="#[ac]">&gt;&gt;</a>&nbsp;&nbsp;&nbsp;HAL_RCCEx_GetPeriphCLKFreq
<LI><a href="#[c2]">&gt;&gt;</a>&nbsp;&nbsp;&nbsp;HAL_InitTick
</UL>

<P><STRONG><a name="[d2]"></a>HAL_RCC_GetPCLK2Freq</STRONG> (Thumb, 72 bytes, Stack size 8 bytes, stm32h7xx_hal_rcc.o(i.HAL_RCC_GetPCLK2Freq))
<BR><BR>[Stack]<UL><LI>Max Depth = 16<LI>Call Chain = HAL_RCC_GetPCLK2Freq &rArr; HAL_RCC_GetSysClockFreq
</UL>
<BR>[Calls]<UL><LI><a href="#[c1]">&gt;&gt;</a>&nbsp;&nbsp;&nbsp;HAL_RCC_GetSysClockFreq
</UL>
<BR>[Called By]<UL><LI><a href="#[e6]">&gt;&gt;</a>&nbsp;&nbsp;&nbsp;UART_SetConfig
</UL>

<P><STRONG><a name="[c1]"></a>HAL_RCC_GetSysClockFreq</STRONG> (Thumb, 378 bytes, Stack size 8 bytes, stm32h7xx_hal_rcc.o(i.HAL_RCC_GetSysClockFreq))
<BR><BR>[Stack]<UL><LI>Max Depth = 8<LI>Call Chain = HAL_RCC_GetSysClockFreq
</UL>
<BR>[Called By]<UL><LI><a href="#[d1]">&gt;&gt;</a>&nbsp;&nbsp;&nbsp;HAL_RCC_ClockConfig
<LI><a href="#[bf]">&gt;&gt;</a>&nbsp;&nbsp;&nbsp;HAL_Init
<LI><a href="#[d2]">&gt;&gt;</a>&nbsp;&nbsp;&nbsp;HAL_RCC_GetPCLK2Freq
<LI><a href="#[ab]">&gt;&gt;</a>&nbsp;&nbsp;&nbsp;HAL_RCC_GetHCLKFreq
<LI><a href="#[c7]">&gt;&gt;</a>&nbsp;&nbsp;&nbsp;HAL_RCC_GetPCLK1Freq
</UL>

<P><STRONG><a name="[d3]"></a>HAL_RCC_OscConfig</STRONG> (Thumb, 1668 bytes, Stack size 40 bytes, stm32h7xx_hal_rcc.o(i.HAL_RCC_OscConfig))
<BR><BR>[Stack]<UL><LI>Max Depth = 40<LI>Call Chain = HAL_RCC_OscConfig
</UL>
<BR>[Calls]<UL><LI><a href="#[b6]">&gt;&gt;</a>&nbsp;&nbsp;&nbsp;HAL_GetTick
<LI><a href="#[ad]">&gt;&gt;</a>&nbsp;&nbsp;&nbsp;HAL_GetREVID
</UL>
<BR>[Called By]<UL><LI><a href="#[101]">&gt;&gt;</a>&nbsp;&nbsp;&nbsp;SystemClock_Config
</UL>

<P><STRONG><a name="[dc]"></a>HAL_TIMEx_Break2Callback</STRONG> (Thumb, 2 bytes, Stack size 0 bytes, stm32h7xx_hal_tim_ex.o(i.HAL_TIMEx_Break2Callback))
<BR><BR>[Called By]<UL><LI><a href="#[d6]">&gt;&gt;</a>&nbsp;&nbsp;&nbsp;HAL_TIM_IRQHandler
</UL>

<P><STRONG><a name="[db]"></a>HAL_TIMEx_BreakCallback</STRONG> (Thumb, 2 bytes, Stack size 0 bytes, stm32h7xx_hal_tim_ex.o(i.HAL_TIMEx_BreakCallback))
<BR><BR>[Called By]<UL><LI><a href="#[d6]">&gt;&gt;</a>&nbsp;&nbsp;&nbsp;HAL_TIM_IRQHandler
</UL>

<P><STRONG><a name="[de]"></a>HAL_TIMEx_CommutCallback</STRONG> (Thumb, 2 bytes, Stack size 0 bytes, stm32h7xx_hal_tim_ex.o(i.HAL_TIMEx_CommutCallback))
<BR><BR>[Called By]<UL><LI><a href="#[d6]">&gt;&gt;</a>&nbsp;&nbsp;&nbsp;HAL_TIM_IRQHandler
</UL>

[...]
</UL>
<BR>[Calls]<UL><LI><a href="#[10e]">&gt;&gt;</a>&nbsp;&nbsp;&nbsp;vListInsert
<LI><a href="#[10b]">&gt;&gt;</a>&nbsp;&nbsp;&nbsp;prvAddCurrentTaskToDelayedList
</UL>
<BR>[Called By]<UL><LI><a href="#[119]">&gt;&gt;</a>&nbsp;&nbsp;&nbsp;xQueueReceive
<LI><a href="#[116]">&gt;&gt;</a>&nbsp;&nbsp;&nbsp;xQueueGenericSend
</UL>

<P><STRONG><a name="[122]"></a>vTaskPlaceOnEventListRestricted</STRONG> (Thumb, 54 bytes, Stack size 16 bytes, tasks.o(i.vTaskPlaceOnEventListRestricted))
<BR><BR>[Stack]<UL><LI>Max Depth = 44<LI>Call Chain = vTaskPlaceOnEventListRestricted &rArr; prvAddCurrentTaskToDelayedList &rArr; vListInsert
</UL>
<BR>[Calls]<UL><LI><a href="#[10d]">&gt;&gt;</a>&nbsp;&nbsp;&nbsp;vListInsertEnd
<LI><a href="#[10b]">&gt;&gt;</a>&nbsp;&nbsp;&nbsp;prvAddCurrentTaskToDelayedList
</UL>
<BR>[Called By]<UL><LI><a href="#[11a]">&gt;&gt;</a>&nbsp;&nbsp;&nbsp;vQueueWaitForMessageRestricted
</UL>

<P><STRONG><a name="[108]"></a>vTaskStartScheduler</STRONG> (Thumb, 124 bytes, Stack size 40 bytes, tasks.o(i.vTaskStartScheduler))
<BR><BR>[Stack]<UL><LI>Max Depth = 184<LI>Call Chain = vTaskStartScheduler &rArr; xTimerCreateTimerTask &rArr; xTaskCreateStatic &rArr; prvAddNewTaskToReadyList
</UL>
<BR>[Calls]<UL><LI><a href="#[125]">&gt;&gt;</a>&nbsp;&nbsp;&nbsp;xTimerCreateTimerTask
<LI><a href="#[126]">&gt;&gt;</a>&nbsp;&nbsp;&nbsp;xPortStartScheduler
<LI><a href="#[124]">&gt;&gt;</a>&nbsp;&nbsp;&nbsp;vApplicationGetIdleTaskMemory
<LI><a href="#[109]">&gt;&gt;</a>&nbsp;&nbsp;&nbsp;xTaskCreateStatic
</UL>
<BR>[Called By]<UL><LI><a href="#[106]">&gt;&gt;</a>&nbsp;&nbsp;&nbsp;osKernelStart
</UL>

<P><STRONG><a name="[117]"></a>vTaskSuspendAll</STRONG> (Thumb, 10 bytes, Stack size 0 bytes, tasks.o(i.vTaskSuspendAll))
<BR><BR>[Called By]<UL><LI><a href="#[113]">&gt;&gt;</a>&nbsp;&nbsp;&nbsp;vPortFree
<LI><a href="#[11f]">&gt;&gt;</a>&nbsp;&nbsp;&nbsp;pvPortMalloc
<LI><a href="#[9f]">&gt;&gt;</a>&nbsp;&nbsp;&nbsp;prvTimerTask
<LI><a href="#[119]">&gt;&gt;</a>&nbsp;&nbsp;&nbsp;xQueueReceive
<LI><a href="#[116]">&gt;&gt;</a>&nbsp;&nbsp;&nbsp;xQueueGenericSend
</UL>

<P><STRONG><a name="[a2]"></a>vTaskSwitchContext</STRONG> (Thumb, 98 bytes, Stack size 0 bytes, tasks.o(i.vTaskSwitchContext))
<BR><BR>[Called By]<UL><LI><a href="#[8]">&gt;&gt;</a>&nbsp;&nbsp;&nbsp;PendSV_Handler
</UL>

<P><STRONG><a name="[126]"></a>xPortStartScheduler</STRONG> (Thumb, 232 bytes, Stack size 16 bytes, port.o(i.xPortStartScheduler))
<BR><BR>[Stack]<UL><LI>Max Depth = 16<LI>Call Chain = xPortStartScheduler
</UL>
<BR>[Calls]<UL><LI><a href="#[127]">&gt;&gt;</a>&nbsp;&nbsp;&nbsp;vPortSetupTimerInterrupt
<LI><a href="#[128]">&gt;&gt;</a>&nbsp;&nbsp;&nbsp;__asm___6_port_c_39a90d8d__prvEnableVFP
<LI><a href="#[129]">&gt;&gt;</a>&nbsp;&nbsp;&nbsp;__asm___6_port_c_39a90d8d__prvStartFirstTask
</UL>
<BR>[Called By]<UL><LI><a href="#[108]">&gt;&gt;</a>&nbsp;&nbsp;&nbsp;vTaskStartScheduler
</UL>

<P><STRONG><a name="[100]"></a>xPortSysTickHandler</STRONG> (Thumb, 38 bytes, Stack size 8 bytes, port.o(i.xPortSysTickHandler))
<BR><BR>[Stack]<UL><LI>Max Depth = 40<LI>Call Chain = xPortSysTickHandler &rArr; xTaskIncrementTick
</UL>
<BR>[Calls]<UL><LI><a href="#[12a]">&gt;&gt;</a>&nbsp;&nbsp;&nbsp;xTaskIncrementTick
</UL>
<BR>[Called By]<UL><LI><a href="#[9]">&gt;&gt;</a>&nbsp;&nbsp;&nbsp;SysTick_Handler
</UL>

<P><STRONG><a name="[12b]"></a>xQueueGenericCreateStatic</STRONG> (Thumb, 182 bytes, Stack size 24 bytes, queue.o(i.xQueueGenericCreateStatic))
<BR><BR>[Stack]<UL><LI>Max Depth = 24<LI>Call Chain = xQueueGenericCreateStatic
</UL>
<BR>[Calls]<UL><LI><a href="#[112]">&gt;&gt;</a>&nbsp;&nbsp;&nbsp;vPortExitCritical
<LI><a href="#[110]">&gt;&gt;</a>&nbsp;&nbsp;&nbsp;vPortEnterCritical
<LI><a href="#[111]">&gt;&gt;</a>&nbsp;&nbsp;&nbsp;vListInitialise
</UL>
<BR>[Called By]<UL><LI><a href="#[125]">&gt;&gt;</a>&nbsp;&nbsp;&nbsp;xTimerCreateTimerTask
</UL>

<P><STRONG><a name="[116]"></a>xQueueGenericSend</STRONG> (Thumb, 464 bytes, Stack size 64 bytes, queue.o(i.xQueueGenericSend))
<BR><BR>[Stack]<UL><LI>Max Depth = 104<LI>Call Chain = xQueueGenericSend &rArr; xTaskResumeAll
</UL>
<BR>[Calls]<UL><LI><a href="#[118]">&gt;&gt;</a>&nbsp;&nbsp;&nbsp;xTaskResumeAll
<LI><a href="#[ff]">&gt;&gt;</a>&nbsp;&nbsp;&nbsp;xTaskGetSchedulerState
<LI><a href="#[117]">&gt;&gt;</a>&nbsp;&nbsp;&nbsp;vTaskSuspendAll
<LI><a href="#[112]">&gt;&gt;</a>&nbsp;&nbsp;&nbsp;vPortExitCritical
<LI><a href="#[110]">&gt;&gt;</a>&nbsp;&nbsp;&nbsp;vPortEnterCritical
<LI><a href="#[11d]">&gt;&gt;</a>&nbsp;&nbsp;&nbsp;xTaskRemoveFromEventList
<LI><a href="#[12d]">&gt;&gt;</a>&nbsp;&nbsp;&nbsp;xTaskPriorityDisinherit
<LI><a href="#[12f]">&gt;&gt;</a>&nbsp;&nbsp;&nbsp;xTaskCheckForTimeOut
<LI><a href="#[123]">&gt;&gt;</a>&nbsp;&nbsp;&nbsp;vTaskPlaceOnEventList
<LI><a href="#[12e]">&gt;&gt;</a>&nbsp;&nbsp;&nbsp;vTaskInternalSetTimeOutState
<LI><a href="#[11c]">&gt;&gt;</a>&nbsp;&nbsp;&nbsp;prvUnlockQueue
<LI><a href="#[12c]">&gt;&gt;</a>&nbsp;&nbsp;&nbsp;__aeabi_memcpy
</UL>
<BR>[Called By]<UL><LI><a href="#[11b]">&gt;&gt;</a>&nbsp;&nbsp;&nbsp;xTimerGenericCommand
<LI><a href="#[9f]">&gt;&gt;</a>&nbsp;&nbsp;&nbsp;prvTimerTask
<LI><a href="#[114]">&gt;&gt;</a>&nbsp;&nbsp;&nbsp;prvSampleTimeNow
</UL>

<P><STRONG><a name="[130]"></a>xQueueGenericSendFromISR</STRONG> (Thumb, 282 bytes, Stack size 32 bytes, queue.o(i.xQueueGenericSendFromISR))
<BR><BR>[Stack]<UL><LI>Max Depth = 48<LI>Call Chain = xQueueGenericSendFromISR &rArr; xTaskRemoveFromEventList
</UL>
<BR>[Calls]<UL><LI><a href="#[11d]">&gt;&gt;</a>&nbsp;&nbsp;&nbsp;xTaskRemoveFromEventList
<LI><a href="#[12d]">&gt;&gt;</a>&nbsp;&nbsp;&nbsp;xTaskPriorityDisinherit
<LI><a href="#[120]">&gt;&gt;</a>&nbsp;&nbsp;&nbsp;vPortValidateInterruptPriority
<LI><a href="#[12c]">&gt;&gt;</a>&nbsp;&nbsp;&nbsp;__aeabi_memcpy
</UL>
<BR>[Called By]<UL><LI><a href="#[11b]">&gt;&gt;</a>&nbsp;&nbsp;&nbsp;xTimerGenericCommand
</UL>

<P><STRONG><a name="[119]"></a>xQueueReceive</STRONG> (Thumb, 342 bytes, Stack size 56 bytes, queue.o(i.xQueueReceive))
<BR><BR>[Stack]<UL><LI>Max Depth = 96<LI>Call Chain = xQueueReceive &rArr; xTaskResumeAll
</UL>
<BR>[Calls]<UL><LI><a href="#[118]">&gt;&gt;</a>&nbsp;&nbsp;&nbsp;xTaskResumeAll
<LI><a href="#[ff]">&gt;&gt;</a>&nbsp;&nbsp;&nbsp;xTaskGetSchedulerState
<LI><a href="#[117]">&gt;&gt;</a>&nbsp;&nbsp;&nbsp;vTaskSuspendAll
<LI><a href="#[112]">&gt;&gt;</a>&nbsp;&nbsp;&nbsp;vPortExitCritical
<LI><a href="#[110]">&gt;&gt;</a>&nbsp;&nbsp;&nbsp;vPortEnterCritical
<LI><a href="#[11d]">&gt;&gt;</a>&nbsp;&nbsp;&nbsp;xTaskRemoveFromEventList
<LI><a href="#[12f]">&gt;&gt;</a>&nbsp;&nbsp;&nbsp;xTaskCheckForTimeOut
<LI><a href="#[123]">&gt;&gt;</a>&nbsp;&nbsp;&nbsp;vTaskPlaceOnEventList
<LI><a href="#[12e]">&gt;&gt;</a>&nbsp;&nbsp;&nbsp;vTaskInternalSetTimeOutState
<LI><a href="#[11c]">&gt;&gt;</a>&nbsp;&nbsp;&nbsp;prvUnlockQueue
<LI><a href="#[12c]">&gt;&gt;</a>&nbsp;&nbsp;&nbsp;__aeabi_memcpy
</UL>
<BR>[Called By]<UL><LI><a href="#[9f]">&gt;&gt;</a>&nbsp;&nbsp;&nbsp;prvTimerTask
</UL>

<P><STRONG><a name="[12f]"></a>xTaskCheckForTimeOut</STRONG> (Thumb, 124 bytes, Stack size 24 bytes, tasks.o(i.xTaskCheckForTimeOut))
<BR><BR>[Stack]<UL><LI>Max Depth = 24<LI>Call Chain = xTaskCheckForTimeOut
</UL>
<BR>[Calls]<UL><LI><a href="#[112]">&gt;&gt;</a>&nbsp;&nbsp;&nbsp;vPortExitCritical
<LI><a href="#[110]">&gt;&gt;</a>&nbsp;&nbsp;&nbsp;vPortEnterCritical
</UL>
<BR>[Called By]<UL><LI><a href="#[119]">&gt;&gt;</a>&nbsp;&nbsp;&nbsp;xQueueReceive
<LI><a href="#[116]">&gt;&gt;</a>&nbsp;&nbsp;&nbsp;xQueueGenericSend
</UL>

<P><STRONG><a name="[10a]"></a>xTaskCreate</STRONG> (Thumb, 194 bytes, Stack size 40 bytes, tasks.o(i.xTaskCreate))
<BR><BR>[Stack]<UL><LI>Max Depth = 120<LI>Call Chain = xTaskCreate &rArr; pvPortMalloc &rArr; xTaskResumeAll
</UL>
<BR>[Calls]<UL><LI><a href="#[131]">&gt;&gt;</a>&nbsp;&nbsp;&nbsp;vListInitialiseItem
<LI><a href="#[113]">&gt;&gt;</a>&nbsp;&nbsp;&nbsp;vPortFree
<LI><a href="#[11f]">&gt;&gt;</a>&nbsp;&nbsp;&nbsp;pvPortMalloc
<LI><a href="#[132]">&gt;&gt;</a>&nbsp;&nbsp;&nbsp;pxPortInitialiseStack
<LI><a href="#[10f]">&gt;&gt;</a>&nbsp;&nbsp;&nbsp;prvAddNewTaskToReadyList
<LI><a href="#[a7]">&gt;&gt;</a>&nbsp;&nbsp;&nbsp;__aeabi_memset
</UL>
<BR>[Called By]<UL><LI><a href="#[ef]">&gt;&gt;</a>&nbsp;&nbsp;&nbsp;osThreadNew
</UL>

<P><STRONG><a name="[109]"></a>xTaskCreateStatic</STRONG> (Thumb, 224 bytes, Stack size 80 bytes, tasks.o(i.xTaskCreateStatic))
<BR><BR>[Stack]<UL><LI>Max Depth = 104<LI>Call Chain = xTaskCreateStatic &rArr; prvAddNewTaskToReadyList
</UL>
<BR>[Calls]<UL><LI><a href="#[131]">&gt;&gt;</a>&nbsp;&nbsp;&nbsp;vListInitialiseItem
<LI><a href="#[132]">&gt;&gt;</a>&nbsp;&nbsp;&nbsp;pxPortInitialiseStack
<LI><a href="#[10f]">&gt;&gt;</a>&nbsp;&nbsp;&nbsp;prvAddNewTaskToReadyList
<LI><a href="#[a7]">&gt;&gt;</a>&nbsp;&nbsp;&nbsp;__aeabi_memset
</UL>
<BR>[Called By]<UL><LI><a href="#[ef]">&gt;&gt;</a>&nbsp;&nbsp;&nbsp;osThreadNew
<LI><a href="#[125]">&gt;&gt;</a>&nbsp;&nbsp;&nbsp;xTimerCreateTimerTask
<LI><a href="#[108]">&gt;&gt;</a>&nbsp;&nbsp;&nbsp;vTaskStartScheduler
</UL>

<P><STRONG><a name="[ff]"></a>xTaskGetSchedulerState</STRONG> (Thumb, 24 bytes, Stack size 0 bytes, tasks.o(i.xTaskGetSchedulerState))
<BR><BR>[Called By]<UL><LI><a href="#[11b]">&gt;&gt;</a>&nbsp;&nbsp;&nbsp;xTimerGenericCommand
<LI><a href="#[9f]">&gt;&gt;</a>&nbsp;&nbsp;&nbsp;prvTimerTask
<LI><a href="#[114]">&gt;&gt;</a>&nbsp;&nbsp;&nbsp;prvSampleTimeNow
<LI><a href="#[119]">&gt;&gt;</a>&nbsp;&nbsp;&nbsp;xQueueReceive
<LI><a href="#[116]">&gt;&gt;</a>&nbsp;&nbsp;&nbsp;xQueueGenericSend
<LI><a href="#[9]">&gt;&gt;</a>&nbsp;&nbsp;&nbsp;SysTick_Handler
</UL>

<P><STRONG><a name="[115]"></a>xTaskGetTickCount</STRONG> (Thumb, 6 bytes, Stack size 0 bytes, tasks.o(i.xTaskGetTickCount))
<BR><BR>[Called By]<UL><LI><a href="#[9f]">&gt;&gt;</a>&nbsp;&nbsp;&nbsp;prvTimerTask
<LI><a href="#[114]">&gt;&gt;</a>&nbsp;&nbsp;&nbsp;prvSampleTimeNow
</UL>

<P><STRONG><a name="[12a]"></a>xTaskIncrementTick</STRONG> (Thumb, 220 bytes, Stack size 32 bytes, tasks.o(i.xTaskIncrementTick))
<BR><BR>[Stack]<UL><LI>Max Depth = 32<LI>Call Chain = xTaskIncrementTick
</UL>
<BR>[Calls]<UL><LI><a href="#[10d]">&gt;&gt;</a>&nbsp;&nbsp;&nbsp;vListInsertEnd
<LI><a href="#[10c]">&gt;&gt;</a>&nbsp;&nbsp;&nbsp;uxListRemove
</UL>
<BR>[Called By]<UL><LI><a href="#[100]">&gt;&gt;</a>&nbsp;&nbsp;&nbsp;xPortSysTickHandler
</UL>

<P><STRONG><a name="[12d]"></a>xTaskPriorityDisinherit</STRONG> (Thumb, 124 bytes, Stack size 16 bytes, tasks.o(i.xTaskPriorityDisinherit))
<BR><BR>[Stack]<UL><LI>Max Depth = 16<LI>Call Chain = xTaskPriorityDisinherit
</UL>
<BR>[Calls]<UL><LI><a href="#[10d]">&gt;&gt;</a>&nbsp;&nbsp;&nbsp;vListInsertEnd
<LI><a href="#[10c]">&gt;&gt;</a>&nbsp;&nbsp;&nbsp;uxListRemove
</UL>
<BR>[Called By]<UL><LI><a href="#[130]">&gt;&gt;</a>&nbsp;&nbsp;&nbsp;xQueueGenericSendFromISR
<LI><a href="#[116]">&gt;&gt;</a>&nbsp;&nbsp;&nbsp;xQueueGenericSend
</UL>

<P><STRONG><a name="[11d]"></a>xTaskRemoveFromEventList</STRONG> (Thumb, 104 bytes, Stack size 16 bytes, tasks.o(i.xTaskRemoveFromEventList))
<BR><BR>[Stack]<UL><LI>Max Depth = 16<LI>Call Chain = xTaskRemoveFromEventList
</UL>
<BR>[Calls]<UL><LI><a href="#[10d]">&gt;&gt;</a>&nbsp;&nbsp;&nbsp;vListInsertEnd
<LI><a href="#[10c]">&gt;&gt;</a>&nbsp;&nbsp;&nbsp;uxListRemove
</UL>
<BR>[Called By]<UL><LI><a href="#[119]">&gt;&gt;</a>&nbsp;&nbsp;&nbsp;xQueueReceive
<LI><a href="#[130]">&gt;&gt;</a>&nbsp;&nbsp;&nbsp;xQueueGenericSendFromISR
<LI><a href="#[116]">&gt;&gt;</a>&nbsp;&nbsp;&nbsp;xQueueGenericSend
<LI><a href="#[11c]">&gt;&gt;</a>&nbsp;&nbsp;&nbsp;prvUnlockQueue
</UL>

<P><STRONG><a name="[118]"></a>xTaskResumeAll</STRONG> (Thumb, 426 bytes, Stack size 40 bytes, tasks.o(i.xTaskResumeAll))
<BR><BR>[Stack]<UL><LI>Max Depth = 40<LI>Call Chain = xTaskResumeAll
</UL>
<BR>[Calls]<UL><LI><a href="#[10d]">&gt;&gt;</a>&nbsp;&nbsp;&nbsp;vListInsertEnd
<LI><a href="#[10c]">&gt;&gt;</a>&nbsp;&nbsp;&nbsp;uxListRemove
<LI><a href="#[112]">&gt;&gt;</a>&nbsp;&nbsp;&nbsp;vPortExitCritical
<LI><a href="#[110]">&gt;&gt;</a>&nbsp;&nbsp;&nbsp;vPortEnterCritical
</UL>
<BR>[Called By]<UL><LI><a href="#[113]">&gt;&gt;</a>&nbsp;&nbsp;&nbsp;vPortFree
<LI><a href="#[11f]">&gt;&gt;</a>&nbsp;&nbsp;&nbsp;pvPortMalloc
<LI><a href="#[9f]">&gt;&gt;</a>&nbsp;&nbsp;&nbsp;prvTimerTask
<LI><a href="#[107]">&gt;&gt;</a>&nbsp;&nbsp;&nbsp;vTaskDelay
<LI><a href="#[119]">&gt;&gt;</a>&nbsp;&nbsp;&nbsp;xQueueReceive
<LI><a href="#[116]">&gt;&gt;</a>&nbsp;&nbsp;&nbsp;xQueueGenericSend
</UL>

<P><STRONG><a name="[125]"></a>xTimerCreateTimerTask</STRONG> (Thumb, 140 bytes, Stack size 40 bytes, timers.o(i.xTimerCreateTimerTask))
<BR><BR>[Stack]<UL><LI>Max Depth = 144<LI>Call Chain = xTimerCreateTimerTask &rArr; xTaskCreateStatic &rArr; prvAddNewTaskToReadyList
</UL>
<BR>[Calls]<UL><LI><a href="#[112]">&gt;&gt;</a>&nbsp;&nbsp;&nbsp;vPortExitCritical
<LI><a href="#[110]">&gt;&gt;</a>&nbsp;&nbsp;&nbsp;vPortEnterCritical
<LI><a href="#[111]">&gt;&gt;</a>&nbsp;&nbsp;&nbsp;vListInitialise
<LI><a href="#[134]">&gt;&gt;</a>&nbsp;&nbsp;&nbsp;vApplicationGetTimerTaskMemory
<LI><a href="#[109]">&gt;&gt;</a>&nbsp;&nbsp;&nbsp;xTaskCreateStatic
<LI><a href="#[12b]">&gt;&gt;</a>&nbsp;&nbsp;&nbsp;xQueueGenericCreateStatic
<LI><a href="#[133]">&gt;&gt;</a>&nbsp;&nbsp;&nbsp;vQueueAddToRegistry
</UL>
<BR>[Called By]<UL><LI><a href="#[108]">&gt;&gt;</a>&nbsp;&nbsp;&nbsp;vTaskStartScheduler
</UL>

<P><STRONG><a name="[11b]"></a>xTimerGenericCommand</STRONG> (Thumb, 116 bytes, Stack size 40 bytes, timers.o(i.xTimerGenericCommand))
<BR><BR>[Stack]<UL><LI>Max Depth = 144<LI>Call Chain = xTimerGenericCommand &rArr; xQueueGenericSend &rArr; xTaskResumeAll
</UL>
<BR>[Calls]<UL><LI><a href="#[ff]">&gt;&gt;</a>&nbsp;&nbsp;&nbsp;xTaskGetSchedulerState
<LI><a href="#[130]">&gt;&gt;</a>&nbsp;&nbsp;&nbsp;xQueueGenericSendFromISR
<LI><a href="#[116]">&gt;&gt;</a>&nbsp;&nbsp;&nbsp;xQueueGenericSend
</UL>
<BR>[Called By]<UL><LI><a href="#[9f]">&gt;&gt;</a>&nbsp;&nbsp;&nbsp;prvTimerTask
</UL>
<P>
<H3>
Local Symbols
</H3>
<P><STRONG><a name="[cf]"></a>RCCEx_PLL2_Config</STRONG> (Thumb, 306 bytes, Stack size 32 bytes, stm32h7xx_hal_rcc_ex.o(i.RCCEx_PLL2_Config))
<BR><BR>[Stack]<UL><LI>Max Depth = 32<LI>Call Chain = RCCEx_PLL2_Config
</UL>
<BR>[Calls]<UL><LI><a href="#[b6]">&gt;&gt;</a>&nbsp;&nbsp;&nbsp;HAL_GetTick
</UL>
<BR>[Called By]<UL><LI><a href="#[b2]">&gt;&gt;</a>&nbsp;&nbsp;&nbsp;HAL_RCCEx_PeriphCLKConfig
</UL>

<P><STRONG><a name="[d0]"></a>RCCEx_PLL3_Config</STRONG> (Thumb, 306 bytes, Stack size 32 bytes, stm32h7xx_hal_rcc_ex.o(i.RCCEx_PLL3_Config))
<BR><BR>[Stack]<UL><LI>Max Depth = 32<LI>Call Chain = RCCEx_PLL3_Config
</UL>
<BR>[Calls]<UL><LI><a href="#[b6]">&gt;&gt;</a>&nbsp;&nbsp;&nbsp;HAL_GetTick
</UL>
<BR>[Called By]<UL><LI><a href="#[b2]">&gt;&gt;</a>&nbsp;&nbsp;&nbsp;HAL_RCCEx_PeriphCLKConfig
</UL>

<P><STRONG><a name="[b7]"></a>DMA_CalcBaseAndBitshift</STRONG> (Thumb, 146 bytes, Stack size 0 bytes, stm32h7xx_hal_dma.o(i.DMA_CalcBaseAndBitshift))
<BR><BR>[Called By]<UL><LI><a href="#[b5]">&gt;&gt;</a>&nbsp;&nbsp;&nbsp;HAL_DMA_Init
</UL>

<P><STRONG><a name="[11c]"></a>prvUnlockQueue</STRONG> (Thumb, 108 bytes, Stack size 16 bytes, queue.o(i.prvUnlockQueue))
<BR><BR>[Stack]<UL><LI>Max Depth = 32<LI>Call Chain = prvUnlockQueue &rArr; xTaskRemoveFromEventList
</UL>
<BR>[Calls]<UL><LI><a href="#[112]">&gt;&gt;</a>&nbsp;&nbsp;&nbsp;vPortExitCritical
<LI><a href="#[110]">&gt;&gt;</a>&nbsp;&nbsp;&nbsp;vPortEnterCritical
<LI><a href="#[11d]">&gt;&gt;</a>&nbsp;&nbsp;&nbsp;xTaskRemoveFromEventList
<LI><a href="#[11e]">&gt;&gt;</a>&nbsp;&nbsp;&nbsp;vTaskMissedYield
</UL>
<BR>[Called By]<UL><LI><a href="#[119]">&gt;&gt;</a>&nbsp;&nbsp;&nbsp;xQueueReceive
<LI><a href="#[116]">&gt;&gt;</a>&nbsp;&nbsp;&nbsp;xQueueGenericSend
<LI><a href="#[11a]">&gt;&gt;</a>&nbsp;&nbsp;&nbsp;vQueueWaitForMessageRestricted
</UL>

<P><STRONG><a name="[10b]"></a>prvAddCurrentTaskToDelayedList</STRONG> (Thumb, 86 bytes, Stack size 24 bytes, tasks.o(i.prvAddCurrentTaskToDelayedList))
<BR><BR>[Stack]<UL><LI>Max Depth = 28<LI>Call Chain = prvAddCurrentTaskToDelayedList &rArr; vListInsert
</UL>
<BR>[Calls]<UL><LI><a href="#[10d]">&gt;&gt;</a>&nbsp;&nbsp;&nbsp;vListInsertEnd
<LI><a href="#[10e]">&gt;&gt;</a>&nbsp;&nbsp;&nbsp;vListInsert
<LI><a href="#[10c]">&gt;&gt;</a>&nbsp;&nbsp;&nbsp;uxListRemove
</UL>
<BR>[Called By]<UL><LI><a href="#[107]">&gt;&gt;</a>&nbsp;&nbsp;&nbsp;vTaskDelay
<LI><a href="#[122]">&gt;&gt;</a>&nbsp;&nbsp;&nbsp;vTaskPlaceOnEventListRestricted
<LI><a href="#[123]">&gt;&gt;</a>&nbsp;&nbsp;&nbsp;vTaskPlaceOnEventList
</UL>

<P><STRONG><a name="[10f]"></a>prvAddNewTaskToReadyList</STRONG> (Thumb, 198 bytes, Stack size 24 bytes, tasks.o(i.prvAddNewTaskToReadyList))
<BR><BR>[Stack]<UL><LI>Max Depth = 24<LI>Call Chain = prvAddNewTaskToReadyList
</UL>
<BR>[Calls]<UL><LI><a href="#[10d]">&gt;&gt;</a>&nbsp;&nbsp;&nbsp;vListInsertEnd
<LI><a href="#[112]">&gt;&gt;</a>&nbsp;&nbsp;&nbsp;vPortExitCritical
<LI><a href="#[110]">&gt;&gt;</a>&nbsp;&nbsp;&nbsp;vPortEnterCritical
<LI><a href="#[111]">&gt;&gt;</a>&nbsp;&nbsp;&nbsp;vListInitialise
</UL>
<BR>[Called By]<UL><LI><a href="#[109]">&gt;&gt;</a>&nbsp;&nbsp;&nbsp;xTaskCreateStatic
<LI><a href="#[10a]">&gt;&gt;</a>&nbsp;&nbsp;&nbsp;xTaskCreate
</UL>

<P><STRONG><a name="[9e]"></a>prvIdleTask</STRONG> (Thumb, 126 bytes, Stack size 0 bytes, tasks.o(i.prvIdleTask))
<BR><BR>[Stack]<UL><LI>Max Depth = 56<LI>Call Chain = prvIdleTask &rArr; vPortFree &rArr; xTaskResumeAll
</UL>
<BR>[Calls]<UL><LI><a href="#[10c]">&gt;&gt;</a>&nbsp;&nbsp;&nbsp;uxListRemove
<LI><a href="#[113]">&gt;&gt;</a>&nbsp;&nbsp;&nbsp;vPortFree
<LI><a href="#[112]">&gt;&gt;</a>&nbsp;&nbsp;&nbsp;vPortExitCritical
<LI><a href="#[110]">&gt;&gt;</a>&nbsp;&nbsp;&nbsp;vPortEnterCritical
</UL>
<BR>[Address Reference Count : 1]<UL><LI> tasks.o(i.vTaskStartScheduler)
</UL>
<P><STRONG><a name="[114]"></a>prvSampleTimeNow</STRONG> (Thumb, 202 bytes, Stack size 48 bytes, timers.o(i.prvSampleTimeNow))
<BR><BR>[Stack]<UL><LI>Max Depth = 152<LI>Call Chain = prvSampleTimeNow &rArr; xQueueGenericSend &rArr; xTaskResumeAll
</UL>
<BR>[Calls]<UL><LI><a href="#[10e]">&gt;&gt;</a>&nbsp;&nbsp;&nbsp;vListInsert
<LI><a href="#[10c]">&gt;&gt;</a>&nbsp;&nbsp;&nbsp;uxListRemove
<LI><a href="#[ff]">&gt;&gt;</a>&nbsp;&nbsp;&nbsp;xTaskGetSchedulerState
<LI><a href="#[115]">&gt;&gt;</a>&nbsp;&nbsp;&nbsp;xTaskGetTickCount
<LI><a href="#[116]">&gt;&gt;</a>&nbsp;&nbsp;&nbsp;xQueueGenericSend
</UL>
<BR>[Called By]<UL><LI><a href="#[9f]">&gt;&gt;</a>&nbsp;&nbsp;&nbsp;prvTimerTask
</UL>

<P><STRONG><a name="[9f]"></a>prvTimerTask</STRONG> (Thumb, 764 bytes, Stack size 56 bytes, timers.o(i.prvTimerTask))
<BR><BR>[Stack]<UL><LI>Max Depth = 208<LI>Call Chain = prvTimerTask &rArr; prvSampleTimeNow &rArr; xQueueGenericSend &rArr; xTaskResumeAll
</UL>
<BR>[Calls]<UL><LI><a href="#[10e]">&gt;&gt;</a>&nbsp;&nbsp;&nbsp;vListInsert
<LI><a href="#[10c]">&gt;&gt;</a>&nbsp;&nbsp;&nbsp;uxListRemove
<LI><a href="#[118]">&gt;&gt;</a>&nbsp;&nbsp;&nbsp;xTaskResumeAll
<LI><a href="#[ff]">&gt;&gt;</a>&nbsp;&nbsp;&nbsp;xTaskGetSchedulerState
<LI><a href="#[117]">&gt;&gt;</a>&nbsp;&nbsp;&nbsp;vTaskSuspendAll
<LI><a href="#[113]">&gt;&gt;</a>&nbsp;&nbsp;&nbsp;vPortFree
<LI><a href="#[11b]">&gt;&gt;</a>&nbsp;&nbsp;&nbsp;xTimerGenericCommand
<LI><a href="#[114]">&gt;&gt;</a>&nbsp;&nbsp;&nbsp;prvSampleTimeNow
<LI><a href="#[115]">&gt;&gt;</a>&nbsp;&nbsp;&nbsp;xTaskGetTickCount
<LI><a href="#[119]">&gt;&gt;</a>&nbsp;&nbsp;&nbsp;xQueueReceive
<LI><a href="#[116]">&gt;&gt;</a>&nbsp;&nbsp;&nbsp;xQueueGenericSend
<LI><a href="#[11a]">&gt;&gt;</a>&nbsp;&nbsp;&nbsp;vQueueWaitForMessageRestricted
</UL>
<BR>[Address Reference Count : 1]<UL><LI> timers.o(i.xTimerCreateTimerTask)
</UL>
<P><STRONG><a name="[9d]"></a>prvTaskExitError</STRONG> (Thumb, 38 bytes, Stack size 0 bytes, port.o(i.prvTaskExitError))
<BR>[Address Reference Count : 1]<UL><LI> port.o(i.pxPortInitialiseStack)
</UL><P>
<H3>
Undefined Global Symbols
</H3><HR></body></html>
