<html>
<body>
<pre>
<h1>µVision Build Log</h1>
<h2>Tool Versions:</h2>
IDE-Version: ¦ÌVision V5.24.2.0
Copyright (C) 2017 ARM Ltd and ARM Germany GmbH. All rights reserved.
License Information: A Admin, A, LIC=CZLZX-HPLGY-74AS0-BMD1M-27WG4-39RSB
 
Tool Versions:
Toolchain:       MDK-ARM Plus  Version: 5.24.1
Toolchain Path:  D:\programfiles\Keil_5\ARM\ARMCC\Bin
C Compiler:      Armcc.exe V5.06 update 5 (build 528)
Assembler:       Armasm.exe V5.06 update 5 (build 528)
Linker/Locator:  ArmLink.exe V5.06 update 5 (build 528)
Library Manager: ArmAr.exe V5.06 update 5 (build 528)
Hex Converter:   FromElf.exe V5.06 update 5 (build 528)
CPU DLL:         SARMCM3.DLL V5.24.1
Dialog DLL:      DCM.DLL V1.16.0.0
Target DLL:      STLink\ST-LINKIII-KEIL_SWO.dll V3.0.1.0
Dialog DLL:      TCM.DLL V1.32.0.0
 
<h2>Project:</h2>
D:\Coding\Keil\Git\Keil_Project\DigitalSource\MDK-ARM\DigitalSource.uvprojx
Project File Date:  02/18/2024

<h2>Output:</h2>
*** Using Compiler 'V5.06 update 5 (build 528)', folder: 'D:\programfiles\Keil_5\ARM\ARMCC\Bin'
Build target 'DigitalSource'
compiling tim.c...
compiling i2c.c...
compiling hrtim.c...
compiling fdcan.c...
compiling adc.c...
compiling stm32h7xx_it.c...
compiling stm32h7xx_hal_rcc.c...
compiling main.c...
compiling freertos.c...
compiling stm32h7xx_hal_adc.c...
compiling gpio.c...
compiling usart.c...
compiling stm32h7xx_hal_flash.c...
compiling stm32h7xx_hal_timebase_tim.c...
compiling stm32h7xx_hal_msp.c...
compiling stm32h7xx_hal_rcc_ex.c...
compiling stm32h7xx_hal_adc_ex.c...
compiling stm32h7xx_hal_flash_ex.c...
compiling stm32h7xx_hal_hsem.c...
compiling stm32h7xx_hal_dma_ex.c...
compiling stm32h7xx_hal_gpio.c...
compiling stm32h7xx_hal.c...
compiling croutine.c...
compiling event_groups.c...
compiling list.c...
compiling stm32h7xx_hal_mdma.c...
compiling queue.c...
compiling stream_buffer.c...
compiling tasks.c...
compiling timers.c...
compiling heap_4.c...
compiling stm32h7xx_hal_pwr_ex.c...
compiling port.c...
compiling stm32h7xx_hal_exti.c...
compiling u8g2_bitmap.c...
compiling u8g2_box.c...
compiling u8g2_buffer.c...
compiling u8g2_cleardisplay.c...
compiling u8g2_button.c...
compiling u8g2_circle.c...
compiling u8g2_d_memory.c...
compiling u8g2_d_setup.c...
compiling stm32h7xx_hal_i2c_ex.c...
compiling u8g2_hvline.c...
compiling u8g2_font.c...
compiling u8g2_input_value.c...
compiling u8g2_intersection.c...
compiling u8g2_kerning.c...
compiling u8g2_line.c...
compiling u8g2_ll_hvline.c...
compiling u8g2_message.c...
compiling u8g2_polygon.c...
compiling u8g2_selection_list.c...
compiling u8g2_setup.c...
compiling u8log.c...
compiling u8log_u8x8.c...
compiling u8log_u8g2.c...
compiling u8x8_8x8.c...
compiling u8x8_byte.c...
compiling u8x8_cad.c...
compiling u8x8_capture.c...
compiling u8x8_d_ssd1306_128x64_noname.c...
compiling u8x8_debounce.c...
compiling u8x8_display.c...
compiling u8x8_gpio.c...
compiling u8x8_input_value.c...
compiling u8x8_message.c...
compiling u8x8_selection_list.c...
compiling u8x8_fonts.c...
compiling u8x8_string.c...
compiling u8x8_setup.c...
compiling u8x8_u8toa.c...
compiling u8x8_u16toa.c...
compiling fdcan_bsp.c...
compiling stm32h7xx_hal_pwr.c...
compiling stm32h7xx_hal_i2c.c...
compiling usb_bsp.c...
compiling stm32h7xx_hal_dma.c...
compiling stm32h7xx_hal_hrtim.c...
compiling stm32h7xx_hal_fdcan.c...
compiling u8g2_fonts.c...
compiling stm32h7xx_hal_cortex.c...
compiling stm32h7xx_hal_tim_ex.c...
compiling stm32h7xx_hal_uart_ex.c...
compiling system_stm32h7xx.c...
compiling Config.c...
compiling Display.c...
compiling Transformation.c...
compiling stm32h7xx_hal_uart.c...
compiling AdjustingBoard.c...
compiling UpperComputer.c...
compiling Storage.c...
compiling stm32h7xx_hal_tim.c...
compiling cmsis_os2.c...
compiling Sampler.c...
compiling adc_bsp.c...
compiling uart_bsp.c...
compiling RGB.c...
compiling Eeprom.c...
compiling flash_bsp.c...
compiling Pid.c...
compiling HRpwm.c...
compiling TimedInterrupt.c...
compiling DwtClock.c...
compiling tim_bsp.c...
compiling OledUI.c...
linking...
Program Size: Code=28784 RO-data=892 RW-data=152 ZI-data=21144  
FromELF: creating hex file...
"DigitalSource\DigitalSource.axf" - 0 Error(s), 0 Warning(s).

<h2>Software Packages used:</h2>

Package Vendor: ARM
                http://www.keil.com/pack/ARM.CMSIS.5.9.0.pack
                ARM.CMSIS.5.9.0
                CMSIS (Common Microcontroller Software Interface Standard)
   * Component: CORE Version: 5.6.0

Package Vendor: Keil
                https://www.keil.com/pack/Keil.STM32H7xx_DFP.3.1.1.pack
                Keil.STM32H7xx_DFP.3.1.1
                STMicroelectronics STM32H7 Series Device Support and Examples

<h2>Collection of Component include folders:</h2>
  .\RTE\_DigitalSource
  D:\programfiles\Keil_5\ARM\PACK\ARM\CMSIS\5.9.0\CMSIS\Core\Include
  D:\programfiles\Keil_5\ARM\PACK\Keil\STM32H7xx_DFP\3.1.1\Drivers\CMSIS\Device\ST\STM32H7xx\Include

<h2>Collection of Component Files used:</h2>

   * Component: ARM::CMSIS:CORE:5.6.0
      Include file:  CMSIS\Core\Include\tz_context.h
Build Time Elapsed:  00:01:38
</pre>
</body>
</html>
