Component: ARM Compiler 5.06 update 5 (build 528) Tool: armlink [4d35e2]

==============================================================================

Section Cross References

    startup_stm32h743xx.o(STACK) refers (Special) to heapauxi.o(.text) for __use_two_region_memory
    startup_stm32h743xx.o(HEAP) refers (Special) to heapauxi.o(.text) for __use_two_region_memory
    startup_stm32h743xx.o(RESET) refers (Special) to heapauxi.o(.text) for __use_two_region_memory
    startup_stm32h743xx.o(RESET) refers to startup_stm32h743xx.o(STACK) for __initial_sp
    startup_stm32h743xx.o(RESET) refers to startup_stm32h743xx.o(.text) for Reset_Handler
    startup_stm32h743xx.o(RESET) refers to stm32h7xx_it.o(i.NMI_Handler) for NMI_Handler
    startup_stm32h743xx.o(RESET) refers to stm32h7xx_it.o(i.HardFault_Handler) for HardFault_Handler
    startup_stm32h743xx.o(RESET) refers to stm32h7xx_it.o(i.MemManage_Handler) for MemManage_Handler
    startup_stm32h743xx.o(RESET) refers to stm32h7xx_it.o(i.BusFault_Handler) for BusFault_Handler
    startup_stm32h743xx.o(RESET) refers to stm32h7xx_it.o(i.UsageFault_Handler) for UsageFault_Handler
    startup_stm32h743xx.o(RESET) refers to stm32h7xx_it.o(i.SVC_Handler) for SVC_Handler
    startup_stm32h743xx.o(RESET) refers to stm32h7xx_it.o(i.DebugMon_Handler) for DebugMon_Handler
    startup_stm32h743xx.o(RESET) refers to stm32h7xx_it.o(i.PendSV_Handler) for PendSV_Handler
    startup_stm32h743xx.o(RESET) refers to stm32h7xx_it.o(i.SysTick_Handler) for SysTick_Handler
    startup_stm32h743xx.o(RESET) refers to stm32h7xx_it.o(i.USART1_IRQHandler) for USART1_IRQHandler
    startup_stm32h743xx.o(RESET) refers to stm32h7xx_it.o(i.TIM7_IRQHandler) for TIM7_IRQHandler
    startup_stm32h743xx.o(.text) refers (Special) to heapauxi.o(.text) for __use_two_region_memory
    startup_stm32h743xx.o(.text) refers to system_stm32h7xx.o(i.SystemInit) for SystemInit
    startup_stm32h743xx.o(.text) refers to __main.o(!!!main) for __main
    startup_stm32h743xx.o(.text) refers to startup_stm32h743xx.o(HEAP) for Heap_Mem
    startup_stm32h743xx.o(.text) refers to startup_stm32h743xx.o(STACK) for Stack_Mem
    main.o(i.PeriphCommonClock_Config) refers to rt_memclr_w.o(.text) for __aeabi_memclr4
    main.o(i.PeriphCommonClock_Config) refers to stm32h7xx_hal_rcc_ex.o(i.HAL_RCCEx_PeriphCLKConfig) for HAL_RCCEx_PeriphCLKConfig
    main.o(i.PeriphCommonClock_Config) refers to main.o(i.Error_Handler) for Error_Handler
    main.o(i.SystemClock_Config) refers to rt_memclr_w.o(.text) for __aeabi_memclr4
    main.o(i.SystemClock_Config) refers to stm32h7xx_hal_pwr_ex.o(i.HAL_PWREx_ConfigSupply) for HAL_PWREx_ConfigSupply
    main.o(i.SystemClock_Config) refers to stm32h7xx_hal_rcc.o(i.HAL_RCC_OscConfig) for HAL_RCC_OscConfig
    main.o(i.SystemClock_Config) refers to main.o(i.Error_Handler) for Error_Handler
    main.o(i.SystemClock_Config) refers to stm32h7xx_hal_rcc.o(i.HAL_RCC_ClockConfig) for HAL_RCC_ClockConfig
    main.o(i.main) refers to stm32h7xx_hal.o(i.HAL_Init) for HAL_Init
    main.o(i.main) refers to main.o(i.SystemClock_Config) for SystemClock_Config
    main.o(i.main) refers to main.o(i.PeriphCommonClock_Config) for PeriphCommonClock_Config
    main.o(i.main) refers to gpio.o(i.MX_GPIO_Init) for MX_GPIO_Init
    main.o(i.main) refers to dma.o(i.MX_DMA_Init) for MX_DMA_Init
    main.o(i.main) refers to fdcan.o(i.MX_FDCAN1_Init) for MX_FDCAN1_Init
    main.o(i.main) refers to hrtim.o(i.MX_HRTIM_Init) for MX_HRTIM_Init
    main.o(i.main) refers to usart.o(i.MX_USART1_UART_Init) for MX_USART1_UART_Init
    main.o(i.main) refers to adc.o(i.MX_ADC1_Init) for MX_ADC1_Init
    main.o(i.main) refers to adc.o(i.MX_ADC2_Init) for MX_ADC2_Init
    main.o(i.main) refers to tim.o(i.MX_TIM1_Init) for MX_TIM1_Init
    main.o(i.main) refers to tim.o(i.MX_TIM7_Init) for MX_TIM7_Init
    main.o(i.main) refers to control.o(i.Control_Init) for Control_Init
    main.o(i.main) refers to stm32h7xx_hal.o(i.HAL_Delay) for HAL_Delay
    adc.o(i.HAL_ADC_MspDeInit) refers to stm32h7xx_hal_gpio.o(i.HAL_GPIO_DeInit) for HAL_GPIO_DeInit
    adc.o(i.HAL_ADC_MspDeInit) refers to stm32h7xx_hal_dma.o(i.HAL_DMA_DeInit) for HAL_DMA_DeInit
    adc.o(i.HAL_ADC_MspDeInit) refers to adc.o(.data) for HAL_RCC_ADC12_CLK_ENABLED
    adc.o(i.HAL_ADC_MspInit) refers to rt_memclr_w.o(.text) for __aeabi_memclr4
    adc.o(i.HAL_ADC_MspInit) refers to stm32h7xx_hal_gpio.o(i.HAL_GPIO_Init) for HAL_GPIO_Init
    adc.o(i.HAL_ADC_MspInit) refers to stm32h7xx_hal_dma.o(i.HAL_DMA_Init) for HAL_DMA_Init
    adc.o(i.HAL_ADC_MspInit) refers to main.o(i.Error_Handler) for Error_Handler
    adc.o(i.HAL_ADC_MspInit) refers to adc.o(.data) for HAL_RCC_ADC12_CLK_ENABLED
    adc.o(i.HAL_ADC_MspInit) refers to adc.o(.bss) for hdma_adc1
    adc.o(i.MX_ADC1_Init) refers to rt_memclr_w.o(.text) for __aeabi_memclr4
    adc.o(i.MX_ADC1_Init) refers to stm32h7xx_hal_adc.o(i.HAL_ADC_Init) for HAL_ADC_Init
[...]
    TIM_OC1_SetConfig                        0x08008ee1   Thumb Code   146  stm32h7xx_hal_tim.o(i.TIM_OC1_SetConfig)
    i.TIM_OC2_SetConfig                      0x08008f8c   Section        0  stm32h7xx_hal_tim.o(i.TIM_OC2_SetConfig)
    i.TIM_OC3_SetConfig                      0x08009040   Section        0  stm32h7xx_hal_tim.o(i.TIM_OC3_SetConfig)
    TIM_OC3_SetConfig                        0x08009041   Thumb Code   154  stm32h7xx_hal_tim.o(i.TIM_OC3_SetConfig)
    i.TIM_OC4_SetConfig                      0x080090f4   Section        0  stm32h7xx_hal_tim.o(i.TIM_OC4_SetConfig)
    TIM_OC4_SetConfig                        0x080090f5   Thumb Code    92  stm32h7xx_hal_tim.o(i.TIM_OC4_SetConfig)
    i.TIM_OC5_SetConfig                      0x08009168   Section        0  stm32h7xx_hal_tim.o(i.TIM_OC5_SetConfig)
    TIM_OC5_SetConfig                        0x08009169   Thumb Code    86  stm32h7xx_hal_tim.o(i.TIM_OC5_SetConfig)
    i.TIM_OC6_SetConfig                      0x080091d8   Section        0  stm32h7xx_hal_tim.o(i.TIM_OC6_SetConfig)
    TIM_OC6_SetConfig                        0x080091d9   Thumb Code    88  stm32h7xx_hal_tim.o(i.TIM_OC6_SetConfig)
    i.TimedInterrupt_AddTask                 0x08009248   Section        0  timedinterrupt.o(i.TimedInterrupt_AddTask)
    i.TimedInterrupt_Callback_TIM            0x0800927a   Section        0  timedinterrupt.o(i.TimedInterrupt_Callback_TIM)
    i.UARTEx_SetNbDataToProcess              0x080092dc   Section        0  stm32h7xx_hal_uart_ex.o(i.UARTEx_SetNbDataToProcess)
    UARTEx_SetNbDataToProcess                0x080092dd   Thumb Code    78  stm32h7xx_hal_uart_ex.o(i.UARTEx_SetNbDataToProcess)
    i.UART_AdvFeatureConfig                  0x08009334   Section        0  stm32h7xx_hal_uart.o(i.UART_AdvFeatureConfig)
    i.UART_CheckIdleState                    0x0800942c   Section        0  stm32h7xx_hal_uart.o(i.UART_CheckIdleState)
    i.UART_DMAAbortOnError                   0x08009516   Section        0  stm32h7xx_hal_uart.o(i.UART_DMAAbortOnError)
    UART_DMAAbortOnError                     0x08009517   Thumb Code    24  stm32h7xx_hal_uart.o(i.UART_DMAAbortOnError)
    i.UART_EndRxTransfer                     0x08009530   Section        0  stm32h7xx_hal_uart.o(i.UART_EndRxTransfer)
    UART_EndRxTransfer                       0x08009531   Thumb Code   104  stm32h7xx_hal_uart.o(i.UART_EndRxTransfer)
    i.UART_EndTransmit_IT                    0x0800959c   Section        0  stm32h7xx_hal_uart.o(i.UART_EndTransmit_IT)
    UART_EndTransmit_IT                      0x0800959d   Thumb Code    48  stm32h7xx_hal_uart.o(i.UART_EndTransmit_IT)
    i.UART_SetConfig                         0x080095cc   Section        0  stm32h7xx_hal_uart.o(i.UART_SetConfig)
    i.UART_WaitOnFlagUntilTimeout            0x08009b58   Section        0  stm32h7xx_hal_uart.o(i.UART_WaitOnFlagUntilTimeout)
    i.USART1_IRQHandler                      0x08009bfc   Section        0  stm32h7xx_it.o(i.USART1_IRQHandler)
    i.UsageFault_Handler                     0x08009c0c   Section        0  stm32h7xx_it.o(i.UsageFault_Handler)
    i._Pid_Abs                               0x08009c10   Section        0  pid.o(i._Pid_Abs)
    i._Pid_Limit                             0x08009c22   Section        0  pid.o(i._Pid_Limit)
    i._TimedInterrupt_Shutdown               0x08009c42   Section        0  timedinterrupt.o(i._TimedInterrupt_Shutdown)
    i._TimedInterrupt_Start                  0x08009c66   Section        0  timedinterrupt.o(i._TimedInterrupt_Start)
    i.__NVIC_GetPriorityGrouping             0x08009c80   Section        0  stm32h7xx_hal_cortex.o(i.__NVIC_GetPriorityGrouping)
    __NVIC_GetPriorityGrouping               0x08009c81   Thumb Code    10  stm32h7xx_hal_cortex.o(i.__NVIC_GetPriorityGrouping)
    i.__NVIC_SetPriority                     0x08009c90   Section        0  stm32h7xx_hal_cortex.o(i.__NVIC_SetPriority)
    __NVIC_SetPriority                       0x08009c91   Thumb Code    32  stm32h7xx_hal_cortex.o(i.__NVIC_SetPriority)
    i.main                                   0x08009cb8   Section        0  main.o(i.main)
    x$fpl$fpinit                             0x08009cf6   Section       10  fpinit.o(x$fpl$fpinit)
    $v0                                      0x08009cf6   Number         0  fpinit.o(x$fpl$fpinit)
    .constdata                               0x08009d00   Section        8  stm32h7xx_hal_dma.o(.constdata)
    flagBitshiftOffset                       0x08009d00   Data           8  stm32h7xx_hal_dma.o(.constdata)
    .constdata                               0x08009d08   Section       92  stm32h7xx_hal_fdcan.o(.constdata)
    DLCtoBytes                               0x08009d08   Data          16  stm32h7xx_hal_fdcan.o(.constdata)
    .constdata                               0x08009d64   Section       24  stm32h7xx_hal_uart.o(.constdata)
    .constdata                               0x08009d7c   Section       16  stm32h7xx_hal_uart_ex.o(.constdata)
    numerator                                0x08009d7c   Data           8  stm32h7xx_hal_uart_ex.o(.constdata)
    denominator                              0x08009d84   Data           8  stm32h7xx_hal_uart_ex.o(.constdata)
    .constdata                               0x08009d8c   Section       16  system_stm32h7xx.o(.constdata)
    .constdata                               0x08009d9c   Section      320  control.o(.constdata)
    <Data1>                                  0x08009d9c   Data          16  control.o(.constdata)
    <Data2>                                  0x08009dac   Data          16  control.o(.constdata)
    <Data3>                                  0x08009dbc   Data         196  control.o(.constdata)
    <Data4>                                  0x08009e80   Data          92  control.o(.constdata)
    .data                                    0x24000000   Section        4  adc.o(.data)
    HAL_RCC_ADC12_CLK_ENABLED                0x24000000   Data           4  adc.o(.data)
    .data                                    0x24000004   Section        9  stm32h7xx_hal.o(.data)
    .data                                    0x24000010   Section        8  system_stm32h7xx.o(.data)
    .data                                    0x24000018   Section       16  dwtclock.o(.data)
    DwtClockFreq                             0x24000018   Data           8  dwtclock.o(.data)
    DwtRoundCnt                              0x24000020   Data           8  dwtclock.o(.data)
    .data__ZZ18DwtClock_GetDwtCntE10lastDwtCnt 0x24000028   Section        4  dwtclock.o(.data__ZZ18DwtClock_GetDwtCntE10lastDwtCnt)
    .bss                                     0x2400002c   Section      440  adc.o(.bss)
    .bss                                     0x240001e4   Section      160  fdcan.o(.bss)
    .bss                                     0x24000284   Section      220  hrtim.o(.bss)
    .bss                                     0x24000360   Section      152  tim.o(.bss)
    .bss                                     0x240003f8   Section      148  usart.o(.bss)
    .bss                                     0x2400048c   Section       16  config.o(.bss)
    .bss                                     0x2400049c   Section       16  config.o(.bss)
    .bss                                     0x240004ac   Section      196  config.o(.bss)
    .bss                                     0x24000570   Section       92  config.o(.bss)
    .bss                                     0x240005cc   Section       96  libspace.o(.bss)
    HEAP                                     0x24000630   Section      512  startup_stm32h743xx.o(HEAP)
    Heap_Mem                                 0x24000630   Data         512  startup_stm32h743xx.o(HEAP)
    STACK                                    0x24000830   Section     1024  startup_stm32h743xx.o(STACK)
    Stack_Mem                                0x24000830   Data        1024  startup_stm32h743xx.o(STACK)
    __initial_sp                             0x24000c30   Data           0  startup_stm32h743xx.o(STACK)

    Global Symbols

    Symbol Name                              Value     Ov Type        Size  Object(Section)

    BuildAttributes$$THM_ISAv4$E$P$D$K$B$S$7EM$VFPv5_D16$PE$PLD8$A:L22UL41UL21$X:L11$S22US41US21$IEEE1$IW$USESV6$~STKCKD$USESV7$~SHL$OTIME$ROPI$EBA8$UX$STANDARDLIB$REQ8$PRES8$EABIv2 0x00000000   Number         0  anon$$obj.o ABSOLUTE
    __ARM_use_no_argv                        0x00000000   Number         0  main.o ABSOLUTE
    __ARM_exceptions_init                     - Undefined Weak Reference
    __alloca_initialize                       - Undefined Weak Reference
    __arm_preinit_                            - Undefined Weak Reference
    __cpp_initialize__aeabi_                  - Undefined Weak Reference
    __cxa_finalize                            - Undefined Weak Reference
    __rt_locale                               - Undefined Weak Reference
    __sigvec_lookup                           - Undefined Weak Reference
    __user_heap_extent                        - Undefined Weak Reference
    _atexit_init                              - Undefined Weak Reference
    _call_atexit_fns                          - Undefined Weak Reference
    _clock_init                               - Undefined Weak Reference
    _fp_trap_init                             - Undefined Weak Reference
    _fp_trap_shutdown                         - Undefined Weak Reference
    _get_lc_collate                           - Undefined Weak Reference
    _get_lc_ctype                             - Undefined Weak Reference
    _get_lc_monetary                          - Undefined Weak Reference
    _get_lc_numeric                           - Undefined Weak Reference
    _get_lc_time                              - Undefined Weak Reference
    _getenv_init                              - Undefined Weak Reference
    _handle_redirection                       - Undefined Weak Reference
    _initio                                   - Undefined Weak Reference
    _mutex_acquire                            - Undefined Weak Reference
    _mutex_free                               - Undefined Weak Reference
    _mutex_release                            - Undefined Weak Reference
    _rand_init                                - Undefined Weak Reference
    _signal_finish                            - Undefined Weak Reference
    _signal_init                              - Undefined Weak Reference
    _terminateio                              - Undefined Weak Reference
    __Vectors_Size                           0x00000298   Number         0  startup_stm32h743xx.o ABSOLUTE
    __Vectors                                0x08000000   Data           4  startup_stm32h743xx.o(RESET)
    __Vectors_End                            0x08000298   Data           0  startup_stm32h743xx.o(RESET)
    __main                                   0x08000299   Thumb Code     8  __main.o(!!!main)
    __scatterload                            0x080002a1   Thumb Code     0  __scatter.o(!!!scatter)
    __scatterload_rt2                        0x080002a1   Thumb Code    44  __scatter.o(!!!scatter)
    __scatterload_rt2_thumb_only             0x080002a1   Thumb Code     0  __scatter.o(!!!scatter)
    __scatterload_null                       0x080002af   Thumb Code     0  __scatter.o(!!!scatter)
    __scatterload_copy                       0x080002d5   Thumb Code    26  __scatter_copy.o(!!handler_copy)
    __scatterload_zeroinit                   0x080002f1   Thumb Code    28  __scatter_zi.o(!!handler_zi)
    __rt_lib_init                            0x0800030d   Thumb Code     0  libinit.o(.ARM.Collect$$libinit$$00000000)
    __rt_lib_init_fp_1                       0x0800030f   Thumb Code     0  libinit2.o(.ARM.Collect$$libinit$$00000001)
    __rt_lib_init_heap_2                     0x08000313   Thumb Code     0  libinit2.o(.ARM.Collect$$libinit$$00000005)
    __rt_lib_init_preinit_1                  0x08000313   Thumb Code     0  libinit2.o(.ARM.Collect$$libinit$$00000004)
    __rt_lib_init_alloca_1                   0x0800031b   Thumb Code     0  libinit2.o(.ARM.Collect$$libinit$$0000002E)
    __rt_lib_init_argv_1                     0x0800031b   Thumb Code     0  libinit2.o(.ARM.Collect$$libinit$$0000002C)
    __rt_lib_init_atexit_1                   0x0800031b   Thumb Code     0  libinit2.o(.ARM.Collect$$libinit$$0000001B)
    __rt_lib_init_clock_1                    0x0800031b   Thumb Code     0  libinit2.o(.ARM.Collect$$libinit$$00000021)
    __rt_lib_init_cpp_1                      0x0800031b   Thumb Code     0  libinit2.o(.ARM.Collect$$libinit$$00000032)
    __rt_lib_init_exceptions_1               0x0800031b   Thumb Code     0  libinit2.o(.ARM.Collect$$libinit$$00000030)
    __rt_lib_init_fp_trap_1                  0x0800031b   Thumb Code     0  libinit2.o(.ARM.Collect$$libinit$$0000001F)
    __rt_lib_init_getenv_1                   0x0800031b   Thumb Code     0  libinit2.o(.ARM.Collect$$libinit$$00000023)
    __rt_lib_init_heap_1                     0x0800031b   Thumb Code     0  libinit2.o(.ARM.Collect$$libinit$$0000000A)
    __rt_lib_init_lc_collate_1               0x0800031b   Thumb Code     0  libinit2.o(.ARM.Collect$$libinit$$00000011)
    __rt_lib_init_lc_ctype_1                 0x0800031b   Thumb Code     0  libinit2.o(.ARM.Collect$$libinit$$00000013)
    __rt_lib_init_lc_monetary_1              0x0800031b   Thumb Code     0  libinit2.o(.ARM.Collect$$libinit$$00000015)
    __rt_lib_init_lc_numeric_1               0x0800031b   Thumb Code     0  libinit2.o(.ARM.Collect$$libinit$$00000017)
    __rt_lib_init_lc_time_1                  0x0800031b   Thumb Code     0  libinit2.o(.ARM.Collect$$libinit$$00000019)
    __rt_lib_init_rand_1                     0x0800031b   Thumb Code     0  libinit2.o(.ARM.Collect$$libinit$$0000000E)
    __rt_lib_init_return                     0x0800031b   Thumb Code     0  libinit2.o(.ARM.Collect$$libinit$$00000033)
    __rt_lib_init_signal_1                   0x0800031b   Thumb Code     0  libinit2.o(.ARM.Collect$$libinit$$0000001D)
    __rt_lib_init_stdio_1                    0x0800031b   Thumb Code     0  libinit2.o(.ARM.Collect$$libinit$$00000025)
    __rt_lib_init_user_alloc_1               0x0800031b   Thumb Code     0  libinit2.o(.ARM.Collect$$libinit$$0000000C)
    __rt_lib_shutdown                        0x0800031d   Thumb Code     0  libshutdown.o(.ARM.Collect$$libshutdown$$00000000)
    __rt_lib_shutdown_cpp_1                  0x0800031f   Thumb Code     0  libshutdown2.o(.ARM.Collect$$libshutdown$$00000002)
    __rt_lib_shutdown_fp_trap_1              0x0800031f   Thumb Code     0  libshutdown2.o(.ARM.Collect$$libshutdown$$00000007)
    __rt_lib_shutdown_heap_1                 0x0800031f   Thumb Code     0  libshutdown2.o(.ARM.Collect$$libshutdown$$0000000F)
    __rt_lib_shutdown_return                 0x0800031f   Thumb Code     0  libshutdown2.o(.ARM.Collect$$libshutdown$$00000010)
    __rt_lib_shutdown_signal_1               0x0800031f   Thumb Code     0  libshutdown2.o(.ARM.Collect$$libshutdown$$0000000A)
    __rt_lib_shutdown_stdio_1                0x0800031f   Thumb Code     0  libshutdown2.o(.ARM.Collect$$libshutdown$$00000004)
    __rt_lib_shutdown_user_alloc_1           0x0800031f   Thumb Code     0  libshutdown2.o(.ARM.Collect$$libshutdown$$0000000C)
    __rt_entry                               0x08000321   Thumb Code     0  __rtentry.o(.ARM.Collect$$rtentry$$00000000)
    __rt_entry_presh_1                       0x08000321   Thumb Code     0  __rtentry2.o(.ARM.Collect$$rtentry$$00000002)
    __rt_entry_sh                            0x08000321   Thumb Code     0  __rtentry4.o(.ARM.Collect$$rtentry$$00000004)
    __rt_entry_li                            0x08000327   Thumb Code     0  __rtentry2.o(.ARM.Collect$$rtentry$$0000000A)
    __rt_entry_postsh_1                      0x08000327   Thumb Code     0  __rtentry2.o(.ARM.Collect$$rtentry$$00000009)
    __rt_entry_main                          0x0800032b   Thumb Code     0  __rtentry2.o(.ARM.Collect$$rtentry$$0000000D)
    __rt_entry_postli_1                      0x0800032b   Thumb Code     0  __rtentry2.o(.ARM.Collect$$rtentry$$0000000C)
    __rt_exit                                0x08000333   Thumb Code     0  rtexit.o(.ARM.Collect$$rtexit$$00000000)
    __rt_exit_ls                             0x08000335   Thumb Code     0  rtexit2.o(.ARM.Collect$$rtexit$$00000003)
    __rt_exit_prels_1                        0x08000335   Thumb Code     0  rtexit2.o(.ARM.Collect$$rtexit$$00000002)
    __rt_exit_exit                           0x08000339   Thumb Code     0  rtexit2.o(.ARM.Collect$$rtexit$$00000004)
    Reset_Handler                            0x08000341   Thumb Code     8  startup_stm32h743xx.o(.text)
    _maybe_terminate_alloc                   0x08000341   Thumb Code     0  maybetermalloc1.o(.emb_text)
    ADC3_IRQHandler                          0x0800035b   Thumb Code     0  startup_stm32h743xx.o(.text)
    ADC_IRQHandler                           0x0800035b   Thumb Code     0  startup_stm32h743xx.o(.text)
    BDMA_Channel0_IRQHandler                 0x0800035b   Thumb Code     0  startup_stm32h743xx.o(.text)
    BDMA_Channel1_IRQHandler                 0x0800035b   Thumb Code     0  startup_stm32h743xx.o(.text)
    BDMA_Channel2_IRQHandler                 0x0800035b   Thumb Code     0  startup_stm32h743xx.o(.text)
    BDMA_Channel3_IRQHandler                 0x0800035b   Thumb Code     0  startup_stm32h743xx.o(.text)
    BDMA_Channel4_IRQHandler                 0x0800035b   Thumb Code     0  startup_stm32h743xx.o(.text)
    BDMA_Channel5_IRQHandler                 0x0800035b   Thumb Code     0  startup_stm32h743xx.o(.text)
    BDMA_Channel6_IRQHandler                 0x0800035b   Thumb Code     0  startup_stm32h743xx.o(.text)
    BDMA_Channel7_IRQHandler                 0x0800035b   Thumb Code     0  startup_stm32h743xx.o(.text)
    CEC_IRQHandler                           0x0800035b   Thumb Code     0  startup_stm32h743xx.o(.text)
    COMP1_IRQHandler                         0x0800035b   Thumb Code     0  startup_stm32h743xx.o(.text)
    CRS_IRQHandler                           0x0800035b   Thumb Code     0  startup_stm32h743xx.o(.text)
    DCMI_IRQHandler                          0x0800035b   Thumb Code     0  startup_stm32h743xx.o(.text)
    DFSDM1_FLT0_IRQHandler                   0x0800035b   Thumb Code     0  startup_stm32h743xx.o(.text)
    DFSDM1_FLT1_IRQHandler                   0x0800035b   Thumb Code     0  startup_stm32h743xx.o(.text)
    DFSDM1_FLT2_IRQHandler                   0x0800035b   Thumb Code     0  startup_stm32h743xx.o(.text)
    DFSDM1_FLT3_IRQHandler                   0x0800035b   Thumb Code     0  startup_stm32h743xx.o(.text)
    DMA1_Stream0_IRQHandler                  0x0800035b   Thumb Code     0  startup_stm32h743xx.o(.text)
    DMA1_Stream1_IRQHandler                  0x0800035b   Thumb Code     0  startup_stm32h743xx.o(.text)
    DMA1_Stream2_IRQHandler                  0x0800035b   Thumb Code     0  startup_stm32h743xx.o(.text)
    DMA1_Stream3_IRQHandler                  0x0800035b   Thumb Code     0  startup_stm32h743xx.o(.text)
    DMA1_Stream4_IRQHandler                  0x0800035b   Thumb Code     0  startup_stm32h743xx.o(.text)
    DMA1_Stream5_IRQHandler                  0x0800035b   Thumb Code     0  startup_stm32h743xx.o(.text)
    DMA1_Stream6_IRQHandler                  0x0800035b   Thumb Code     0  startup_stm32h743xx.o(.text)
    DMA1_Stream7_IRQHandler                  0x0800035b   Thumb Code     0  startup_stm32h743xx.o(.text)
    DMA2D_IRQHandler                         0x0800035b   Thumb Code     0  startup_stm32h743xx.o(.text)
    DMA2_Stream0_IRQHandler                  0x0800035b   Thumb Code     0  startup_stm32h743xx.o(.text)
    DMA2_Stream1_IRQHandler                  0x0800035b   Thumb Code     0  startup_stm32h743xx.o(.text)
    DMA2_Stream2_IRQHandler                  0x0800035b   Thumb Code     0  startup_stm32h743xx.o(.text)
    DMA2_Stream3_IRQHandler                  0x0800035b   Thumb Code     0  startup_stm32h743xx.o(.text)
    DMA2_Stream4_IRQHandler                  0x0800035b   Thumb Code     0  startup_stm32h743xx.o(.text)
    DMA2_Stream5_IRQHandler                  0x0800035b   Thumb Code     0  startup_stm32h743xx.o(.text)
    DMA2_Stream6_IRQHandler                  0x0800035b   Thumb Code     0  startup_stm32h743xx.o(.text)
    DMA2_Stream7_IRQHandler                  0x0800035b   Thumb Code     0  startup_stm32h743xx.o(.text)
    DMAMUX1_OVR_IRQHandler                   0x0800035b   Thumb Code     0  startup_stm32h743xx.o(.text)
    DMAMUX2_OVR_IRQHandler                   0x0800035b   Thumb Code     0  startup_stm32h743xx.o(.text)
    ECC_IRQHandler                           0x0800035b   Thumb Code     0  startup_stm32h743xx.o(.text)
    ETH_IRQHandler                           0x0800035b   Thumb Code     0  startup_stm32h743xx.o(.text)
    ETH_WKUP_IRQHandler                      0x0800035b   Thumb Code     0  startup_stm32h743xx.o(.text)
    EXTI0_IRQHandler                         0x0800035b   Thumb Code     0  startup_stm32h743xx.o(.text)
    EXTI15_10_IRQHandler                     0x0800035b   Thumb Code     0  startup_stm32h743xx.o(.text)
    EXTI1_IRQHandler                         0x0800035b   Thumb Code     0  startup_stm32h743xx.o(.text)
    EXTI2_IRQHandler                         0x0800035b   Thumb Code     0  startup_stm32h743xx.o(.text)
    EXTI3_IRQHandler                         0x0800035b   Thumb Code     0  startup_stm32h743xx.o(.text)
    EXTI4_IRQHandler                         0x0800035b   Thumb Code     0  startup_stm32h743xx.o(.text)
    EXTI9_5_IRQHandler                       0x0800035b   Thumb Code     0  startup_stm32h743xx.o(.text)
    FDCAN1_IT0_IRQHandler                    0x0800035b   Thumb Code     0  startup_stm32h743xx.o(.text)
    FDCAN1_IT1_IRQHandler                    0x0800035b   Thumb Code     0  startup_stm32h743xx.o(.text)
    FDCAN2_IT0_IRQHandler                    0x0800035b   Thumb Code     0  startup_stm32h743xx.o(.text)
    FDCAN2_IT1_IRQHandler                    0x0800035b   Thumb Code     0  startup_stm32h743xx.o(.text)
    FDCAN_CAL_IRQHandler                     0x0800035b   Thumb Code     0  startup_stm32h743xx.o(.text)
    FLASH_IRQHandler                         0x0800035b   Thumb Code     0  startup_stm32h743xx.o(.text)
    FMC_IRQHandler                           0x0800035b   Thumb Code     0  startup_stm32h743xx.o(.text)
    FPU_IRQHandler                           0x0800035b   Thumb Code     0  startup_stm32h743xx.o(.text)
    HRTIM1_FLT_IRQHandler                    0x0800035b   Thumb Code     0  startup_stm32h743xx.o(.text)
    HRTIM1_Master_IRQHandler                 0x0800035b   Thumb Code     0  startup_stm32h743xx.o(.text)
    HRTIM1_TIMA_IRQHandler                   0x0800035b   Thumb Code     0  startup_stm32h743xx.o(.text)
    HRTIM1_TIMB_IRQHandler                   0x0800035b   Thumb Code     0  startup_stm32h743xx.o(.text)
    HRTIM1_TIMC_IRQHandler                   0x0800035b   Thumb Code     0  startup_stm32h743xx.o(.text)
    HRTIM1_TIMD_IRQHandler                   0x0800035b   Thumb Code     0  startup_stm32h743xx.o(.text)
    HRTIM1_TIME_IRQHandler                   0x0800035b   Thumb Code     0  startup_stm32h743xx.o(.text)
    HSEM1_IRQHandler                         0x0800035b   Thumb Code     0  startup_stm32h743xx.o(.text)
    I2C1_ER_IRQHandler                       0x0800035b   Thumb Code     0  startup_stm32h743xx.o(.text)
    I2C1_EV_IRQHandler                       0x0800035b   Thumb Code     0  startup_stm32h743xx.o(.text)
    I2C2_ER_IRQHandler                       0x0800035b   Thumb Code     0  startup_stm32h743xx.o(.text)
    I2C2_EV_IRQHandler                       0x0800035b   Thumb Code     0  startup_stm32h743xx.o(.text)
    I2C3_ER_IRQHandler                       0x0800035b   Thumb Code     0  startup_stm32h743xx.o(.text)
    I2C3_EV_IRQHandler                       0x0800035b   Thumb Code     0  startup_stm32h743xx.o(.text)
    I2C4_ER_IRQHandler                       0x0800035b   Thumb Code     0  startup_stm32h743xx.o(.text)
    I2C4_EV_IRQHandler                       0x0800035b   Thumb Code     0  startup_stm32h743xx.o(.text)
    JPEG_IRQHandler                          0x0800035b   Thumb Code     0  startup_stm32h743xx.o(.text)
    LPTIM1_IRQHandler                        0x0800035b   Thumb Code     0  startup_stm32h743xx.o(.text)
    LPTIM2_IRQHandler                        0x0800035b   Thumb Code     0  startup_stm32h743xx.o(.text)
    LPTIM3_IRQHandler                        0x0800035b   Thumb Code     0  startup_stm32h743xx.o(.text)
    LPTIM4_IRQHandler                        0x0800035b   Thumb Code     0  startup_stm32h743xx.o(.text)
    LPTIM5_IRQHandler                        0x0800035b   Thumb Code     0  startup_stm32h743xx.o(.text)
    LPUART1_IRQHandler                       0x0800035b   Thumb Code     0  startup_stm32h743xx.o(.text)
    LTDC_ER_IRQHandler                       0x0800035b   Thumb Code     0  startup_stm32h743xx.o(.text)
    LTDC_IRQHandler                          0x0800035b   Thumb Code     0  startup_stm32h743xx.o(.text)
    MDIOS_IRQHandler                         0x0800035b   Thumb Code     0  startup_stm32h743xx.o(.text)
    MDIOS_WKUP_IRQHandler                    0x0800035b   Thumb Code     0  startup_stm32h743xx.o(.text)
    MDMA_IRQHandler                          0x0800035b   Thumb Code     0  startup_stm32h743xx.o(.text)
    OTG_FS_EP1_IN_IRQHandler                 0x0800035b   Thumb Code     0  startup_stm32h743xx.o(.text)
    OTG_FS_EP1_OUT_IRQHandler                0x0800035b   Thumb Code     0  startup_stm32h743xx.o(.text)
    OTG_FS_IRQHandler                        0x0800035b   Thumb Code     0  startup_stm32h743xx.o(.text)
    OTG_FS_WKUP_IRQHandler                   0x0800035b   Thumb Code     0  startup_stm32h743xx.o(.text)
    OTG_HS_EP1_IN_IRQHandler                 0x0800035b   Thumb Code     0  startup_stm32h743xx.o(.text)
    OTG_HS_EP1_OUT_IRQHandler                0x0800035b   Thumb Code     0  startup_stm32h743xx.o(.text)
    OTG_HS_IRQHandler                        0x0800035b   Thumb Code     0  startup_stm32h743xx.o(.text)
    OTG_HS_WKUP_IRQHandler                   0x0800035b   Thumb Code     0  startup_stm32h743xx.o(.text)
    PVD_AVD_IRQHandler                       0x0800035b   Thumb Code     0  startup_stm32h743xx.o(.text)
    QUADSPI_IRQHandler                       0x0800035b   Thumb Code     0  startup_stm32h743xx.o(.text)
    RCC_IRQHandler                           0x0800035b   Thumb Code     0  startup_stm32h743xx.o(.text)
    RNG_IRQHandler                           0x0800035b   Thumb Code     0  startup_stm32h743xx.o(.text)
    RTC_Alarm_IRQHandler                     0x0800035b   Thumb Code     0  startup_stm32h743xx.o(.text)
    RTC_WKUP_IRQHandler                      0x0800035b   Thumb Code     0  startup_stm32h743xx.o(.text)
    SAI1_IRQHandler                          0x0800035b   Thumb Code     0  startup_stm32h743xx.o(.text)
    SAI2_IRQHandler                          0x0800035b   Thumb Code     0  startup_stm32h743xx.o(.text)
    SAI3_IRQHandler                          0x0800035b   Thumb Code     0  startup_stm32h743xx.o(.text)
    SAI4_IRQHandler                          0x0800035b   Thumb Code     0  startup_stm32h743xx.o(.text)
    SDMMC1_IRQHandler                        0x0800035b   Thumb Code     0  startup_stm32h743xx.o(.text)
    SDMMC2_IRQHandler                        0x0800035b   Thumb Code     0  startup_stm32h743xx.o(.text)
    SPDIF_RX_IRQHandler                      0x0800035b   Thumb Code     0  startup_stm32h743xx.o(.text)
    SPI1_IRQHandler                          0x0800035b   Thumb Code     0  startup_stm32h743xx.o(.text)
    SPI2_IRQHandler                          0x0800035b   Thumb Code     0  startup_stm32h743xx.o(.text)
    SPI3_IRQHandler                          0x0800035b   Thumb Code     0  startup_stm32h743xx.o(.text)
    SPI4_IRQHandler                          0x0800035b   Thumb Code     0  startup_stm32h743xx.o(.text)
    SPI5_IRQHandler                          0x0800035b   Thumb Code     0  startup_stm32h743xx.o(.text)
    SPI6_IRQHandler                          0x0800035b   Thumb Code     0  startup_stm32h743xx.o(.text)
    SWPMI1_IRQHandler                        0x0800035b   Thumb Code     0  startup_stm32h743xx.o(.text)
    TAMP_STAMP_IRQHandler                    0x0800035b   Thumb Code     0  startup_stm32h743xx.o(.text)
    TIM15_IRQHandler                         0x0800035b   Thumb Code     0  startup_stm32h743xx.o(.text)
    TIM16_IRQHandler                         0x0800035b   Thumb Code     0  startup_stm32h743xx.o(.text)
    TIM17_IRQHandler                         0x0800035b   Thumb Code     0  startup_stm32h743xx.o(.text)
    TIM1_BRK_IRQHandler                      0x0800035b   Thumb Code     0  startup_stm32h743xx.o(.text)
    TIM1_CC_IRQHandler                       0x0800035b   Thumb Code     0  startup_stm32h743xx.o(.text)
    TIM1_TRG_COM_IRQHandler                  0x0800035b   Thumb Code     0  startup_stm32h743xx.o(.text)
    TIM1_UP_IRQHandler                       0x0800035b   Thumb Code     0  startup_stm32h743xx.o(.text)
    TIM2_IRQHandler                          0x0800035b   Thumb Code     0  startup_stm32h743xx.o(.text)
    TIM3_IRQHandler                          0x0800035b   Thumb Code     0  startup_stm32h743xx.o(.text)
    TIM4_IRQHandler                          0x0800035b   Thumb Code     0  startup_stm32h743xx.o(.text)
    TIM5_IRQHandler                          0x0800035b   Thumb Code     0  startup_stm32h743xx.o(.text)
    TIM6_DAC_IRQHandler                      0x0800035b   Thumb Code     0  startup_stm32h743xx.o(.text)
    TIM8_BRK_TIM12_IRQHandler                0x0800035b   Thumb Code     0  startup_stm32h743xx.o(.text)
    TIM8_CC_IRQHandler                       0x0800035b   Thumb Code     0  startup_stm32h743xx.o(.text)
    TIM8_TRG_COM_TIM14_IRQHandler            0x0800035b   Thumb Code     0  startup_stm32h743xx.o(.text)
    TIM8_UP_TIM13_IRQHandler                 0x0800035b   Thumb Code     0  startup_stm32h743xx.o(.text)
    UART4_IRQHandler                         0x0800035b   Thumb Code     0  startup_stm32h743xx.o(.text)
    UART5_IRQHandler                         0x0800035b   Thumb Code     0  startup_stm32h743xx.o(.text)
    UART7_IRQHandler                         0x0800035b   Thumb Code     0  startup_stm32h743xx.o(.text)
    UART8_IRQHandler                         0x0800035b   Thumb Code     0  startup_stm32h743xx.o(.text)
    USART2_IRQHandler                        0x0800035b   Thumb Code     0  startup_stm32h743xx.o(.text)
    USART3_IRQHandler                        0x0800035b   Thumb Code     0  startup_stm32h743xx.o(.text)
    USART6_IRQHandler                        0x0800035b   Thumb Code     0  startup_stm32h743xx.o(.text)
    WAKEUP_PIN_IRQHandler                    0x0800035b   Thumb Code     0  startup_stm32h743xx.o(.text)
    WWDG_IRQHandler                          0x0800035b   Thumb Code     0  startup_stm32h743xx.o(.text)
    __user_initial_stackheap                 0x0800035d   Thumb Code     0  startup_stm32h743xx.o(.text)
    malloc                                   0x08000381   Thumb Code    94  h1_alloc.o(.text)
    free                                     0x080003df   Thumb Code    78  h1_free.o(.text)
    __aeabi_uldivmod                         0x0800042d   Thumb Code     0  lludivv7m.o(.text)
    _ll_udiv                                 0x0800042d   Thumb Code   238  lludivv7m.o(.text)
    __aeabi_memcpy4                          0x0800051b   Thumb Code     0  rt_memcpy_w.o(.text)
    __aeabi_memcpy8                          0x0800051b   Thumb Code     0  rt_memcpy_w.o(.text)
    __rt_memcpy_w                            0x0800051b   Thumb Code   100  rt_memcpy_w.o(.text)
    _memcpy_lastbytes_aligned                0x08000563   Thumb Code     0  rt_memcpy_w.o(.text)
    __aeabi_memclr4                          0x0800057f   Thumb Code     0  rt_memclr_w.o(.text)
    __aeabi_memclr8                          0x0800057f   Thumb Code     0  rt_memclr_w.o(.text)
    __rt_memclr_w                            0x0800057f   Thumb Code    78  rt_memclr_w.o(.text)
    _memset_w                                0x08000583   Thumb Code     0  rt_memclr_w.o(.text)
    __use_two_region_memory                  0x080005cd   Thumb Code     2  heapauxi.o(.text)
    __rt_heap_escrow                         0x080005cf   Thumb Code     2  heapauxi.o(.text)
    __rt_heap_expand                         0x080005d1   Thumb Code     2  heapauxi.o(.text)
    __rt_heap_descriptor                     0x080005d5   Thumb Code     8  rt_heap_descriptor_intlibspace.o(.text)
    __use_no_heap                            0x080005dd   Thumb Code     2  hguard.o(.text)
    __heap$guard                             0x080005df   Thumb Code     2  hguard.o(.text)
    _terminate_user_alloc                    0x080005e1   Thumb Code     2  init_alloc.o(.text)
    _init_user_alloc                         0x080005e3   Thumb Code     2  init_alloc.o(.text)
    __Heap_Full                              0x080005e5   Thumb Code    34  init_alloc.o(.text)
    __Heap_Broken                            0x08000607   Thumb Code     6  init_alloc.o(.text)
    _init_alloc                              0x0800060d   Thumb Code    94  init_alloc.o(.text)
    __Heap_Initialize                        0x0800066b   Thumb Code    10  h1_init.o(.text)
    __Heap_DescSize                          0x08000675   Thumb Code     4  h1_init.o(.text)
    __user_libspace                          0x08000679   Thumb Code     8  libspace.o(.text)
    __user_perproc_libspace                  0x08000679   Thumb Code     0  libspace.o(.text)
    __user_perthread_libspace                0x08000679   Thumb Code     0  libspace.o(.text)
    __Heap_ProvideMemory                     0x08000681   Thumb Code    52  h1_extend.o(.text)
    __rt_SIGRTMEM                            0x080006b5   Thumb Code    14  defsig_rtmem_outer.o(.text)
    __I$use$semihosting                      0x080006c3   Thumb Code     0  use_no_semi.o(.text)
    __use_no_semihosting_swi                 0x080006c3   Thumb Code     2  use_no_semi.o(.text)
    __semihosting_library_function           0x080006c5   Thumb Code     0  indicate_semi.o(.text)
    __user_setup_stackheap                   0x080006c5   Thumb Code    74  sys_stackheap_outer.o(.text)
    exit                                     0x0800070f   Thumb Code    18  exit.o(.text)
    __sig_exit                               0x08000721   Thumb Code    10  defsig_exit.o(.text)
    __rt_SIGRTMEM_inner                      0x0800072d   Thumb Code    22  defsig_rtmem_inner.o(.text)
    _sys_exit                                0x0800077d   Thumb Code     8  sys_exit.o(.text)
    __default_signal_display                 0x08000789   Thumb Code    50  defsig_general.o(.text)
    _ttywrch                                 0x080007bb   Thumb Code    14  sys_wrch.o(.text)
    ADC_ConfigureBoostMode                   0x080007c9   Thumb Code   322  stm32h7xx_hal_adc.o(i.ADC_ConfigureBoostMode)
    ADC_DMAConvCplt                          0x0800092d   Thumb Code   146  stm32h7xx_hal_adc.o(i.ADC_DMAConvCplt)
    ADC_DMAError                             0x080009bf   Thumb Code    30  stm32h7xx_hal_adc.o(i.ADC_DMAError)
    ADC_DMAHalfConvCplt                      0x080009dd   Thumb Code    14  stm32h7xx_hal_adc.o(i.ADC_DMAHalfConvCplt)
    ADC_Disable                              0x080009ed   Thumb Code   142  stm32h7xx_hal_adc.o(i.ADC_Disable)
    ADC_Enable                               0x08000a81   Thumb Code   182  stm32h7xx_hal_adc.o(i.ADC_Enable)
    AdcBsp_GetValue                          0x08000b4d   Thumb Code    54  adc_bsp.o(i.AdcBsp_GetValue)
    AdcBsp_Init                              0x08000b85   Thumb Code    54  adc_bsp.o(i.AdcBsp_Init)
    BusFault_Handler                         0x08000bc1   Thumb Code     4  stm32h7xx_it.o(i.BusFault_Handler)
    Channel_Callback_TIM                     0x08000bc5   Thumb Code    96  channel.o(i.Channel_Callback_TIM)
    Channel_Init                             0x08000c25   Thumb Code    20  channel.o(i.Channel_Init)
    Control_Callback_TIM                     0x08000c39   Thumb Code     6  control.o(i.Control_Callback_TIM)
    Control_Init                             0x08000c45   Thumb Code   134  control.o(i.Control_Init)
    DebugMon_Handler                         0x08001255   Thumb Code     2  stm32h7xx_it.o(i.DebugMon_Handler)
    DwtClock_GetDwtCnt                       0x08001259   Thumb Code    44  dwtclock.o(i.DwtClock_GetDwtCnt)
    DwtClock_OverflowProtect                 0x08001291   Thumb Code     4  dwtclock.o(i.DwtClock_OverflowProtect)
    Error_Handler                            0x08001295   Thumb Code     6  main.o(i.Error_Handler)
    HAL_ADCEx_Calibration_Start              0x080014bd   Thumb Code   174  stm32h7xx_hal_adc_ex.o(i.HAL_ADCEx_Calibration_Start)
    HAL_ADCEx_MultiModeConfigChannel         0x08001575   Thumb Code   336  stm32h7xx_hal_adc_ex.o(i.HAL_ADCEx_MultiModeConfigChannel)
    HAL_ADC_ConfigChannel                    0x080016d9   Thumb Code  1306  stm32h7xx_hal_adc.o(i.HAL_ADC_ConfigChannel)
    HAL_ADC_ConvCpltCallback                 0x08001c1d   Thumb Code     2  stm32h7xx_hal_adc.o(i.HAL_ADC_ConvCpltCallback)
    HAL_ADC_ConvHalfCpltCallback             0x08001c1f   Thumb Code     2  stm32h7xx_hal_adc.o(i.HAL_ADC_ConvHalfCpltCallback)
    HAL_ADC_ErrorCallback                    0x08001c21   Thumb Code     2  stm32h7xx_hal_adc.o(i.HAL_ADC_ErrorCallback)
    HAL_ADC_Init                             0x08001c25   Thumb Code   608  stm32h7xx_hal_adc.o(i.HAL_ADC_Init)
    HAL_ADC_MspInit                          0x08001eb1   Thumb Code   356  adc.o(i.HAL_ADC_MspInit)
    HAL_ADC_Start_DMA                        0x08002035   Thumb Code   278  stm32h7xx_hal_adc.o(i.HAL_ADC_Start_DMA)
    HAL_DMA_Abort                            0x08002169   Thumb Code  1236  stm32h7xx_hal_dma.o(i.HAL_DMA_Abort)
    HAL_DMA_Abort_IT                         0x08002645   Thumb Code   906  stm32h7xx_hal_dma.o(i.HAL_DMA_Abort_IT)
    HAL_DMA_Init                             0x080029dd   Thumb Code  1304  stm32h7xx_hal_dma.o(i.HAL_DMA_Init)
    HAL_DMA_Start_IT                         0x08002efd   Thumb Code   980  stm32h7xx_hal_dma.o(i.HAL_DMA_Start_IT)
    HAL_Delay                                0x080032dd   Thumb Code    36  stm32h7xx_hal.o(i.HAL_Delay)
    HAL_FDCAN_Init                           0x08003305   Thumb Code   726  stm32h7xx_hal_fdcan.o(i.HAL_FDCAN_Init)
    HAL_FDCAN_MspInit                        0x080035e5   Thumb Code   114  fdcan.o(i.HAL_FDCAN_MspInit)
    HAL_GPIO_Init                            0x08003665   Thumb Code   456  stm32h7xx_hal_gpio.o(i.HAL_GPIO_Init)
    HAL_GetREVID                             0x08003861   Thumb Code     8  stm32h7xx_hal.o(i.HAL_GetREVID)
    HAL_GetTick                              0x0800386d   Thumb Code     6  stm32h7xx_hal.o(i.HAL_GetTick)
    HAL_HRTIM_DeadTimeConfig                 0x08003879   Thumb Code   162  stm32h7xx_hal_hrtim.o(i.HAL_HRTIM_DeadTimeConfig)
    HAL_HRTIM_Init                           0x08003925   Thumb Code   256  stm32h7xx_hal_hrtim.o(i.HAL_HRTIM_Init)
    HAL_HRTIM_MspInit                        0x08003a2d   Thumb Code    80  hrtim.o(i.HAL_HRTIM_MspInit)
    HAL_HRTIM_MspPostInit                    0x08003a85   Thumb Code   140  hrtim.o(i.HAL_HRTIM_MspPostInit)
    HAL_HRTIM_TimeBaseConfig                 0x08003b21   Thumb Code    58  stm32h7xx_hal_hrtim.o(i.HAL_HRTIM_TimeBaseConfig)
    HAL_HRTIM_WaveformCompareConfig          0x08003b5b   Thumb Code   504  stm32h7xx_hal_hrtim.o(i.HAL_HRTIM_WaveformCompareConfig)
    HAL_HRTIM_WaveformCountStart             0x08003d53   Thumb Code    60  stm32h7xx_hal_hrtim.o(i.HAL_HRTIM_WaveformCountStart)
    HAL_HRTIM_WaveformOutputConfig           0x08003d8f   Thumb Code    84  stm32h7xx_hal_hrtim.o(i.HAL_HRTIM_WaveformOutputConfig)
    HAL_HRTIM_WaveformOutputStart            0x08003de3   Thumb Code    64  stm32h7xx_hal_hrtim.o(i.HAL_HRTIM_WaveformOutputStart)
    HAL_HRTIM_WaveformTimerConfig            0x08003e23   Thumb Code   178  stm32h7xx_hal_hrtim.o(i.HAL_HRTIM_WaveformTimerConfig)
    HAL_IncTick                              0x08003ed5   Thumb Code    16  stm32h7xx_hal.o(i.HAL_IncTick)
    HAL_Init                                 0x08003eed   Thumb Code    80  stm32h7xx_hal.o(i.HAL_Init)
    HAL_InitTick                             0x08003f4d   Thumb Code    74  stm32h7xx_hal.o(i.HAL_InitTick)
    HAL_MspInit                              0x08003fa5   Thumb Code    32  stm32h7xx_hal_msp.o(i.HAL_MspInit)
    HAL_NVIC_EnableIRQ                       0x08003fc9   Thumb Code    40  stm32h7xx_hal_cortex.o(i.HAL_NVIC_EnableIRQ)
    HAL_NVIC_SetPriority                     0x08003ff1   Thumb Code   122  stm32h7xx_hal_cortex.o(i.HAL_NVIC_SetPriority)
    HAL_NVIC_SetPriorityGrouping             0x0800406d   Thumb Code    32  stm32h7xx_hal_cortex.o(i.HAL_NVIC_SetPriorityGrouping)
    HAL_PWREx_ConfigSupply                   0x08004095   Thumb Code    90  stm32h7xx_hal_pwr_ex.o(i.HAL_PWREx_ConfigSupply)
    HAL_RCCEx_GetD3PCLK1Freq                 0x080040f5   Thumb Code    26  stm32h7xx_hal_rcc_ex.o(i.HAL_RCCEx_GetD3PCLK1Freq)
    HAL_RCCEx_GetPLL1ClockFreq               0x08004119   Thumb Code   536  stm32h7xx_hal_rcc_ex.o(i.HAL_RCCEx_GetPLL1ClockFreq)
    HAL_RCCEx_GetPLL2ClockFreq               0x08004349   Thumb Code   536  stm32h7xx_hal_rcc_ex.o(i.HAL_RCCEx_GetPLL2ClockFreq)
    HAL_RCCEx_GetPLL3ClockFreq               0x08004579   Thumb Code   536  stm32h7xx_hal_rcc_ex.o(i.HAL_RCCEx_GetPLL3ClockFreq)
    HAL_RCCEx_GetPeriphCLKFreq               0x080047a9   Thumb Code  2216  stm32h7xx_hal_rcc_ex.o(i.HAL_RCCEx_GetPeriphCLKFreq)
    HAL_RCCEx_PeriphCLKConfig                0x08005059   Thumb Code  3432  stm32h7xx_hal_rcc_ex.o(i.HAL_RCCEx_PeriphCLKConfig)
    HAL_RCC_ClockConfig                      0x08005dc1   Thumb Code   774  stm32h7xx_hal_rcc.o(i.HAL_RCC_ClockConfig)
    HAL_RCC_GetHCLKFreq                      0x080060e1   Thumb Code    60  stm32h7xx_hal_rcc.o(i.HAL_RCC_GetHCLKFreq)
    HAL_RCC_GetPCLK1Freq                     0x0800612d   Thumb Code    26  stm32h7xx_hal_rcc.o(i.HAL_RCC_GetPCLK1Freq)
    HAL_RCC_GetPCLK2Freq                     0x08006151   Thumb Code    26  stm32h7xx_hal_rcc.o(i.HAL_RCC_GetPCLK2Freq)
    HAL_RCC_GetSysClockFreq                  0x08006175   Thumb Code   524  stm32h7xx_hal_rcc.o(i.HAL_RCC_GetSysClockFreq)
    HAL_RCC_OscConfig                        0x080063a1   Thumb Code  2130  stm32h7xx_hal_rcc.o(i.HAL_RCC_OscConfig)
    HAL_SYSTICK_Config                       0x08006bf9   Thumb Code    52  stm32h7xx_hal_cortex.o(i.HAL_SYSTICK_Config)
    HAL_TIMEx_Break2Callback                 0x08006c2d   Thumb Code     2  stm32h7xx_hal_tim_ex.o(i.HAL_TIMEx_Break2Callback)
    HAL_TIMEx_BreakCallback                  0x08006c2f   Thumb Code     2  stm32h7xx_hal_tim_ex.o(i.HAL_TIMEx_BreakCallback)
    HAL_TIMEx_CommutCallback                 0x08006c31   Thumb Code     2  stm32h7xx_hal_tim_ex.o(i.HAL_TIMEx_CommutCallback)
    HAL_TIMEx_ConfigBreakDeadTime            0x08006c35   Thumb Code   172  stm32h7xx_hal_tim_ex.o(i.HAL_TIMEx_ConfigBreakDeadTime)
    HAL_TIMEx_MasterConfigSynchronization    0x08006ce9   Thumb Code   174  stm32h7xx_hal_tim_ex.o(i.HAL_TIMEx_MasterConfigSynchronization)
    HAL_TIM_Base_Init                        0x08006db5   Thumb Code   110  stm32h7xx_hal_tim.o(i.HAL_TIM_Base_Init)
    HAL_TIM_Base_MspInit                     0x08006e25   Thumb Code    58  tim.o(i.HAL_TIM_Base_MspInit)
    HAL_TIM_Base_Start                       0x08006e69   Thumb Code   134  stm32h7xx_hal_tim.o(i.HAL_TIM_Base_Start)
    HAL_TIM_Base_Start_IT                    0x08006f11   Thumb Code   146  stm32h7xx_hal_tim.o(i.HAL_TIM_Base_Start_IT)
    HAL_TIM_Base_Stop                        0x08006fc5   Thumb Code    50  stm32h7xx_hal_tim.o(i.HAL_TIM_Base_Stop)
    HAL_TIM_Base_Stop_IT                     0x08006ff7   Thumb Code    62  stm32h7xx_hal_tim.o(i.HAL_TIM_Base_Stop_IT)
    HAL_TIM_IC_CaptureCallback               0x08007035   Thumb Code     2  stm32h7xx_hal_tim.o(i.HAL_TIM_IC_CaptureCallback)
    HAL_TIM_IRQHandler                       0x08007037   Thumb Code   440  stm32h7xx_hal_tim.o(i.HAL_TIM_IRQHandler)
    HAL_TIM_MspPostInit                      0x080071f1   Thumb Code    82  tim.o(i.HAL_TIM_MspPostInit)
    HAL_TIM_OC_DelayElapsedCallback          0x08007251   Thumb Code     2  stm32h7xx_hal_tim.o(i.HAL_TIM_OC_DelayElapsedCallback)
    HAL_TIM_PWM_ConfigChannel                0x08007253   Thumb Code   368  stm32h7xx_hal_tim.o(i.HAL_TIM_PWM_ConfigChannel)
    HAL_TIM_PWM_Init                         0x080073c3   Thumb Code   110  stm32h7xx_hal_tim.o(i.HAL_TIM_PWM_Init)
    HAL_TIM_PWM_MspInit                      0x08007431   Thumb Code    40  tim.o(i.HAL_TIM_PWM_MspInit)
    HAL_TIM_PWM_PulseFinishedCallback        0x08007461   Thumb Code     2  stm32h7xx_hal_tim.o(i.HAL_TIM_PWM_PulseFinishedCallback)
    HAL_TIM_PeriodElapsedCallback            0x08007465   Thumb Code    14  stm32h7xx_it.o(i.HAL_TIM_PeriodElapsedCallback)
    HAL_TIM_TriggerCallback                  0x08007479   Thumb Code     2  stm32h7xx_hal_tim.o(i.HAL_TIM_TriggerCallback)
    HAL_UARTEx_DisableFifoMode               0x0800747b   Thumb Code    78  stm32h7xx_hal_uart_ex.o(i.HAL_UARTEx_DisableFifoMode)
    HAL_UARTEx_RxEventCallback               0x080074c9   Thumb Code     2  stm32h7xx_hal_uart.o(i.HAL_UARTEx_RxEventCallback)
    HAL_UARTEx_RxFifoFullCallback            0x080074cb   Thumb Code     2  stm32h7xx_hal_uart_ex.o(i.HAL_UARTEx_RxFifoFullCallback)
    HAL_UARTEx_SetRxFifoThreshold            0x080074cd   Thumb Code    94  stm32h7xx_hal_uart_ex.o(i.HAL_UARTEx_SetRxFifoThreshold)
    HAL_UARTEx_SetTxFifoThreshold            0x0800752b   Thumb Code    94  stm32h7xx_hal_uart_ex.o(i.HAL_UARTEx_SetTxFifoThreshold)
    HAL_UARTEx_TxFifoEmptyCallback           0x08007589   Thumb Code     2  stm32h7xx_hal_uart_ex.o(i.HAL_UARTEx_TxFifoEmptyCallback)
    HAL_UARTEx_WakeupCallback                0x0800758b   Thumb Code     2  stm32h7xx_hal_uart_ex.o(i.HAL_UARTEx_WakeupCallback)
    HAL_UART_ErrorCallback                   0x0800758d   Thumb Code     2  stm32h7xx_hal_uart.o(i.HAL_UART_ErrorCallback)
    HAL_UART_IRQHandler                      0x08007591   Thumb Code  1172  stm32h7xx_hal_uart.o(i.HAL_UART_IRQHandler)
    HAL_UART_Init                            0x08007a25   Thumb Code   120  stm32h7xx_hal_uart.o(i.HAL_UART_Init)
    HAL_UART_MspInit                         0x08007a9d   Thumb Code   160  usart.o(i.HAL_UART_MspInit)
    HAL_UART_TxCpltCallback                  0x08007b49   Thumb Code     2  stm32h7xx_hal_uart.o(i.HAL_UART_TxCpltCallback)
    HRpwm_Init                               0x08007f65   Thumb Code   324  hrpwm.o(i.HRpwm_Init)
    HRpwm_SetDuty                            0x080080b1   Thumb Code   106  hrpwm.o(i.HRpwm_SetDuty)
    HardFault_Handler                        0x0800811b   Thumb Code     4  stm32h7xx_it.o(i.HardFault_Handler)
    MX_ADC1_Init                             0x080081d9   Thumb Code   164  adc.o(i.MX_ADC1_Init)
    MX_ADC2_Init                             0x08008289   Thumb Code   138  adc.o(i.MX_ADC2_Init)
    MX_DMA_Init                              0x08008321   Thumb Code    32  dma.o(i.MX_DMA_Init)
    MX_FDCAN1_Init                           0x08008345   Thumb Code   104  fdcan.o(i.MX_FDCAN1_Init)
    MX_GPIO_Init                             0x080083b5   Thumb Code   136  gpio.o(i.MX_GPIO_Init)
    MX_HRTIM_Init                            0x08008441   Thumb Code   490  hrtim.o(i.MX_HRTIM_Init)
    MX_TIM1_Init                             0x08008635   Thumb Code   216  tim.o(i.MX_TIM1_Init)
    MX_TIM7_Init                             0x08008715   Thumb Code    68  tim.o(i.MX_TIM7_Init)
    MX_USART1_UART_Init                      0x08008761   Thumb Code    98  usart.o(i.MX_USART1_UART_Init)
    MemManage_Handler                        0x080087cd   Thumb Code     4  stm32h7xx_it.o(i.MemManage_Handler)
    NMI_Handler                              0x080087d1   Thumb Code     4  stm32h7xx_it.o(i.NMI_Handler)
    PendSV_Handler                           0x080087d5   Thumb Code     2  stm32h7xx_it.o(i.PendSV_Handler)
    PeriphCommonClock_Config                 0x080087d7   Thumb Code    74  main.o(i.PeriphCommonClock_Config)
    Pid_Calculate                            0x08008821   Thumb Code   148  pid.o(i.Pid_Calculate)
    SVC_Handler                              0x08008b81   Thumb Code     2  stm32h7xx_it.o(i.SVC_Handler)
    Sampler_GetValue                         0x08008b85   Thumb Code    46  sampler.o(i.Sampler_GetValue)
    Sampler_GetValueMapped                   0x08008bb3   Thumb Code    26  sampler.o(i.Sampler_GetValueMapped)
    SysTick_Handler                          0x08008bcd   Thumb Code     8  stm32h7xx_it.o(i.SysTick_Handler)
    SystemClock_Config                       0x08008bd5   Thumb Code   296  main.o(i.SystemClock_Config)
    SystemInit                               0x08008d09   Thumb Code   212  system_stm32h7xx.o(i.SystemInit)
    TIM7_IRQHandler                          0x08008e05   Thumb Code    10  stm32h7xx_it.o(i.TIM7_IRQHandler)
    TIM_Base_SetConfig                       0x08008e15   Thumb Code   170  stm32h7xx_hal_tim.o(i.TIM_Base_SetConfig)
    TIM_OC2_SetConfig                        0x08008f8d   Thumb Code   156  stm32h7xx_hal_tim.o(i.TIM_OC2_SetConfig)
    TimedInterrupt_AddTask                   0x08009249   Thumb Code    50  timedinterrupt.o(i.TimedInterrupt_AddTask)
    TimedInterrupt_Callback_TIM              0x0800927b   Thumb Code    96  timedinterrupt.o(i.TimedInterrupt_Callback_TIM)
    UART_AdvFeatureConfig                    0x08009335   Thumb Code   248  stm32h7xx_hal_uart.o(i.UART_AdvFeatureConfig)
    UART_CheckIdleState                      0x0800942d   Thumb Code   234  stm32h7xx_hal_uart.o(i.UART_CheckIdleState)
    UART_SetConfig                           0x080095cd   Thumb Code  1402  stm32h7xx_hal_uart.o(i.UART_SetConfig)
    UART_WaitOnFlagUntilTimeout              0x08009b59   Thumb Code   162  stm32h7xx_hal_uart.o(i.UART_WaitOnFlagUntilTimeout)
    USART1_IRQHandler                        0x08009bfd   Thumb Code    10  stm32h7xx_it.o(i.USART1_IRQHandler)
    UsageFault_Handler                       0x08009c0d   Thumb Code     4  stm32h7xx_it.o(i.UsageFault_Handler)
    _Pid_Abs                                 0x08009c11   Thumb Code    18  pid.o(i._Pid_Abs)
    _Pid_Limit                               0x08009c23   Thumb Code    32  pid.o(i._Pid_Limit)
    _TimedInterrupt_Shutdown                 0x08009c43   Thumb Code    36  timedinterrupt.o(i._TimedInterrupt_Shutdown)
    _TimedInterrupt_Start                    0x08009c67   Thumb Code    26  timedinterrupt.o(i._TimedInterrupt_Start)
    main                                     0x08009cb9   Thumb Code    62  main.o(i.main)
    _fp_init                                 0x08009cf7   Thumb Code    10  fpinit.o(x$fpl$fpinit)
    __fplib_config_fpu_vfp                   0x08009cff   Thumb Code     0  fpinit.o(x$fpl$fpinit)
    __fplib_config_pureend_doubles           0x08009cff   Thumb Code     0  fpinit.o(x$fpl$fpinit)
    UARTPrescTable                           0x08009d64   Data          24  stm32h7xx_hal_uart.o(.constdata)
    D1CorePrescTable                         0x08009d8c   Data          16  system_stm32h7xx.o(.constdata)
    Region$$Table$$Base                      0x08009edc   Number         0  anon$$obj.o(Region$$Table)
    Region$$Table$$Limit                     0x08009efc   Number         0  anon$$obj.o(Region$$Table)
    uwTick                                   0x24000004   Data           4  stm32h7xx_hal.o(.data)
    uwTickPrio                               0x24000008   Data           4  stm32h7xx_hal.o(.data)
    uwTickFreq                               0x2400000c   Data           1  stm32h7xx_hal.o(.data)
    SystemCoreClock                          0x24000010   Data           4  system_stm32h7xx.o(.data)
    SystemD2Clock                            0x24000014   Data           4  system_stm32h7xx.o(.data)
    DwtClock_GetDwtCnt::lastDwtCnt           0x24000028   Data           4  dwtclock.o(.data__ZZ18DwtClock_GetDwtCntE10lastDwtCnt)
    hadc1                                    0x2400002c   Data         100  adc.o(.bss)
    hadc2                                    0x24000090   Data         100  adc.o(.bss)
    hdma_adc1                                0x240000f4   Data         120  adc.o(.bss)
    hdma_adc2                                0x2400016c   Data         120  adc.o(.bss)
    hfdcan1                                  0x240001e4   Data         160  fdcan.o(.bss)
    hhrtim                                   0x24000284   Data         220  hrtim.o(.bss)
    htim1                                    0x24000360   Data          76  tim.o(.bss)
    htim7                                    0x240003ac   Data          76  tim.o(.bss)
    huart1                                   0x240003f8   Data         148  usart.o(.bss)
    bsp_adc1                                 0x2400048c   Data          16  config.o(.bss)
    bsp_adc2                                 0x2400049c   Data          16  config.o(.bss)
    channels                                 0x240004ac   Data         196  config.o(.bss)
    controlStream                            0x24000570   Data          92  config.o(.bss)
    __libspace_start                         0x240005cc   Data          96  libspace.o(.bss)
    __temporary_stack_top$libspace           0x2400062c   Data           0  libspace.o(.bss)



==============================================================================

Memory Map of the image

  Image Entry point : 0x08000299

  Load Region LR_IROM1 (Base: 0x08000000, Size: 0x00009f28, Max: 0x00200000, ABSOLUTE)

    Execution Region ER_IROM1 (Exec base: 0x08000000, Load base: 0x08000000, Size: 0x00009efc, Max: 0x00200000, ABSOLUTE)

    Exec Addr    Load Addr    Size         Type   Attr      Idx    E Section Name        Object

    0x08000000   0x08000000   0x00000298   Data   RO            3    RESET               startup_stm32h743xx.o
    0x08000298   0x08000298   0x00000008   Code   RO         7707  * !!!main             c_w.l(__main.o)
    0x080002a0   0x080002a0   0x00000034   Code   RO         7929    !!!scatter          c_w.l(__scatter.o)
    0x080002d4   0x080002d4   0x0000001a   Code   RO         7931    !!handler_copy      c_w.l(__scatter_copy.o)
    0x080002ee   0x080002ee   0x00000002   PAD
    0x080002f0   0x080002f0   0x0000001c   Code   RO         7933    !!handler_zi        c_w.l(__scatter_zi.o)
    0x0800030c   0x0800030c   0x00000002   Code   RO         7868    .ARM.Collect$$libinit$$00000000  c_w.l(libinit.o)
    0x0800030e   0x0800030e   0x00000004   Code   RO         7751    .ARM.Collect$$libinit$$00000001  c_w.l(libinit2.o)
    0x08000312   0x08000312   0x00000000   Code   RO         7754    .ARM.Collect$$libinit$$00000004  c_w.l(libinit2.o)
    0x08000312   0x08000312   0x00000008   Code   RO         7755    .ARM.Collect$$libinit$$00000005  c_w.l(libinit2.o)
    0x0800031a   0x0800031a   0x00000000   Code   RO         7757    .ARM.Collect$$libinit$$0000000A  c_w.l(libinit2.o)
    0x0800031a   0x0800031a   0x00000000   Code   RO         7759    .ARM.Collect$$libinit$$0000000C  c_w.l(libinit2.o)
    0x0800031a   0x0800031a   0x00000000   Code   RO         7761    .ARM.Collect$$libinit$$0000000E  c_w.l(libinit2.o)
    0x0800031a   0x0800031a   0x00000000   Code   RO         7764    .ARM.Collect$$libinit$$00000011  c_w.l(libinit2.o)
    0x0800031a   0x0800031a   0x00000000   Code   RO         7766    .ARM.Collect$$libinit$$00000013  c_w.l(libinit2.o)
    0x0800031a   0x0800031a   0x00000000   Code   RO         7768    .ARM.Collect$$libinit$$00000015  c_w.l(libinit2.o)
    0x0800031a   0x0800031a   0x00000000   Code   RO         7770    .ARM.Collect$$libinit$$00000017  c_w.l(libinit2.o)
    0x0800031a   0x0800031a   0x00000000   Code   RO         7772    .ARM.Collect$$libinit$$00000019  c_w.l(libinit2.o)
    0x0800031a   0x0800031a   0x00000000   Code   RO         7774    .ARM.Collect$$libinit$$0000001B  c_w.l(libinit2.o)
    0x0800031a   0x0800031a   0x00000000   Code   RO         7776    .ARM.Collect$$libinit$$0000001D  c_w.l(libinit2.o)
    0x0800031a   0x0800031a   0x00000000   Code   RO         7778    .ARM.Collect$$libinit$$0000001F  c_w.l(libinit2.o)
    0x0800031a   0x0800031a   0x00000000   Code   RO         7780    .ARM.Collect$$libinit$$00000021  c_w.l(libinit2.o)
    0x0800031a   0x0800031a   0x00000000   Code   RO         7782    .ARM.Collect$$libinit$$00000023  c_w.l(libinit2.o)
    0x0800031a   0x0800031a   0x00000000   Code   RO         7784    .ARM.Collect$$libinit$$00000025  c_w.l(libinit2.o)
    0x0800031a   0x0800031a   0x00000000   Code   RO         7788    .ARM.Collect$$libinit$$0000002C  c_w.l(libinit2.o)
    0x0800031a   0x0800031a   0x00000000   Code   RO         7790    .ARM.Collect$$libinit$$0000002E  c_w.l(libinit2.o)
    0x0800031a   0x0800031a   0x00000000   Code   RO         7792    .ARM.Collect$$libinit$$00000030  c_w.l(libinit2.o)
    0x0800031a   0x0800031a   0x00000000   Code   RO         7794    .ARM.Collect$$libinit$$00000032  c_w.l(libinit2.o)
    0x0800031a   0x0800031a   0x00000002   Code   RO         7795    .ARM.Collect$$libinit$$00000033  c_w.l(libinit2.o)
    0x0800031c   0x0800031c   0x00000002   Code   RO         7926    .ARM.Collect$$libshutdown$$00000000  c_w.l(libshutdown.o)
    0x0800031e   0x0800031e   0x00000000   Code   RO         7884    .ARM.Collect$$libshutdown$$00000002  c_w.l(libshutdown2.o)
    0x0800031e   0x0800031e   0x00000000   Code   RO         7886    .ARM.Collect$$libshutdown$$00000004  c_w.l(libshutdown2.o)
    0x0800031e   0x0800031e   0x00000000   Code   RO         7889    .ARM.Collect$$libshutdown$$00000007  c_w.l(libshutdown2.o)
    0x0800031e   0x0800031e   0x00000000   Code   RO         7892    .ARM.Collect$$libshutdown$$0000000A  c_w.l(libshutdown2.o)
    0x0800031e   0x0800031e   0x00000000   Code   RO         7894    .ARM.Collect$$libshutdown$$0000000C  c_w.l(libshutdown2.o)
    0x0800031e   0x0800031e   0x00000000   Code   RO         7897    .ARM.Collect$$libshutdown$$0000000F  c_w.l(libshutdown2.o)
    0x0800031e   0x0800031e   0x00000002   Code   RO         7898    .ARM.Collect$$libshutdown$$00000010  c_w.l(libshutdown2.o)
    0x08000320   0x08000320   0x00000000   Code   RO         7719    .ARM.Collect$$rtentry$$00000000  c_w.l(__rtentry.o)
    0x08000320   0x08000320   0x00000000   Code   RO         7805    .ARM.Collect$$rtentry$$00000002  c_w.l(__rtentry2.o)
    0x08000320   0x08000320   0x00000006   Code   RO         7817    .ARM.Collect$$rtentry$$00000004  c_w.l(__rtentry4.o)
    0x08000326   0x08000326   0x00000000   Code   RO         7807    .ARM.Collect$$rtentry$$00000009  c_w.l(__rtentry2.o)
    0x08000326   0x08000326   0x00000004   Code   RO         7808    .ARM.Collect$$rtentry$$0000000A  c_w.l(__rtentry2.o)
    0x0800032a   0x0800032a   0x00000000   Code   RO         7810    .ARM.Collect$$rtentry$$0000000C  c_w.l(__rtentry2.o)
    0x0800032a   0x0800032a   0x00000008   Code   RO         7811    .ARM.Collect$$rtentry$$0000000D  c_w.l(__rtentry2.o)
    0x08000332   0x08000332   0x00000002   Code   RO         7871    .ARM.Collect$$rtexit$$00000000  c_w.l(rtexit.o)
    0x08000334   0x08000334   0x00000000   Code   RO         7902    .ARM.Collect$$rtexit$$00000002  c_w.l(rtexit2.o)
    0x08000334   0x08000334   0x00000004   Code   RO         7903    .ARM.Collect$$rtexit$$00000003  c_w.l(rtexit2.o)
    0x08000338   0x08000338   0x00000006   Code   RO         7904    .ARM.Collect$$rtexit$$00000004  c_w.l(rtexit2.o)
    0x0800033e   0x0800033e   0x00000002   PAD
    0x08000340   0x08000340   0x00000000   Code   RO         7823    .emb_text           c_w.l(maybetermalloc1.o)
    0x08000340   0x08000340   0x00000040   Code   RO            4    .text               startup_stm32h743xx.o
    0x08000380   0x08000380   0x0000005e   Code   RO         7639    .text               c_w.l(h1_alloc.o)
    0x080003de   0x080003de   0x0000004e   Code   RO         7641    .text               c_w.l(h1_free.o)
    0x0800042c   0x0800042c   0x000000ee   Code   RO         7697    .text               c_w.l(lludivv7m.o)
    0x0800051a   0x0800051a   0x00000064   Code   RO         7701    .text               c_w.l(rt_memcpy_w.o)
    0x0800057e   0x0800057e   0x0000004e   Code   RO         7703    .text               c_w.l(rt_memclr_w.o)
    0x080005cc   0x080005cc   0x00000006   Code   RO         7705    .text               c_w.l(heapauxi.o)
    0x080005d2   0x080005d2   0x00000002   PAD
    0x080005d4   0x080005d4   0x00000008   Code   RO         7727    .text               c_w.l(rt_heap_descriptor_intlibspace.o)
    0x080005dc   0x080005dc   0x00000004   Code   RO         7729    .text               c_w.l(hguard.o)
    0x080005e0   0x080005e0   0x0000008a   Code   RO         7731    .text               c_w.l(init_alloc.o)
    0x0800066a   0x0800066a   0x0000000e   Code   RO         7735    .text               c_w.l(h1_init.o)
    0x08000678   0x08000678   0x00000008   Code   RO         7801    .text               c_w.l(libspace.o)
    0x08000680   0x08000680   0x00000034   Code   RO         7825    .text               c_w.l(h1_extend.o)
    0x080006b4   0x080006b4   0x0000000e   Code   RO         7829    .text               c_w.l(defsig_rtmem_outer.o)
    0x080006c2   0x080006c2   0x00000002   Code   RO         7840    .text               c_w.l(use_no_semi.o)
    0x080006c4   0x080006c4   0x00000000   Code   RO         7842    .text               c_w.l(indicate_semi.o)
    0x080006c4   0x080006c4   0x0000004a   Code   RO         7843    .text               c_w.l(sys_stackheap_outer.o)
    0x0800070e   0x0800070e   0x00000012   Code   RO         7849    .text               c_w.l(exit.o)
    0x08000720   0x08000720   0x0000000a   Code   RO         7851    .text               c_w.l(defsig_exit.o)
    0x0800072a   0x0800072a   0x00000002   PAD
    0x0800072c   0x0800072c   0x00000050   Code   RO         7857    .text               c_w.l(defsig_rtmem_inner.o)
    0x0800077c   0x0800077c   0x0000000c   Code   RO         7869    .text               c_w.l(sys_exit.o)
    0x08000788   0x08000788   0x00000032   Code   RO         7879    .text               c_w.l(defsig_general.o)
    0x080007ba   0x080007ba   0x0000000e   Code   RO         7899    .text               c_w.l(sys_wrch.o)
    0x080007c8   0x080007c8   0x00000164   Code   RO          803    i.ADC_ConfigureBoostMode  stm32h7xx_hal_adc.o
    0x0800092c   0x0800092c   0x00000092   Code   RO          805    i.ADC_DMAConvCplt   stm32h7xx_hal_adc.o
    0x080009be   0x080009be   0x0000001e   Code   RO          806    i.ADC_DMAError      stm32h7xx_hal_adc.o
    0x080009dc   0x080009dc   0x0000000e   Code   RO          807    i.ADC_DMAHalfConvCplt  stm32h7xx_hal_adc.o
    0x080009ea   0x080009ea   0x00000002   PAD
    0x080009ec   0x080009ec   0x00000094   Code   RO          808    i.ADC_Disable       stm32h7xx_hal_adc.o
    0x08000a80   0x08000a80   0x000000cc   Code   RO          809    i.ADC_Enable        stm32h7xx_hal_adc.o
    0x08000b4c   0x08000b4c   0x00000036   Code   RO         6758    i.AdcBsp_GetValue   adc_bsp.o
    0x08000b82   0x08000b82   0x00000002   PAD
    0x08000b84   0x08000b84   0x0000003c   Code   RO         6759    i.AdcBsp_Init       adc_bsp.o
    0x08000bc0   0x08000bc0   0x00000004   Code   RO          686    i.BusFault_Handler  stm32h7xx_it.o
    0x08000bc4   0x08000bc4   0x00000060   Code   RO         7504    i.Channel_Callback_TIM  channel.o
    0x08000c24   0x08000c24   0x00000014   Code   RO         7505    i.Channel_Init      channel.o
    0x08000c38   0x08000c38   0x0000000c   Code   RO         7457    i.Control_Callback_TIM  control.o
    0x08000c44   0x08000c44   0x000000a4   Code   RO         7459    i.Control_Init      control.o
    0x08000ce8   0x08000ce8   0x000000ec   Code   RO         2041    i.DMA_CalcBaseAndBitshift  stm32h7xx_hal_dma.o
    0x08000dd4   0x08000dd4   0x000000c4   Code   RO         2042    i.DMA_CalcDMAMUXChannelBaseAndMask  stm32h7xx_hal_dma.o
    0x08000e98   0x08000e98   0x00000098   Code   RO         2043    i.DMA_CalcDMAMUXRequestGenBaseAndMask  stm32h7xx_hal_dma.o
    0x08000f30   0x08000f30   0x000000ae   Code   RO         2044    i.DMA_CheckFifoParam  stm32h7xx_hal_dma.o
    0x08000fde   0x08000fde   0x00000002   PAD
    0x08000fe0   0x08000fe0   0x00000274   Code   RO         2045    i.DMA_SetConfig     stm32h7xx_hal_dma.o
    0x08001254   0x08001254   0x00000002   Code   RO          687    i.DebugMon_Handler  stm32h7xx_it.o
    0x08001256   0x08001256   0x00000002   PAD
    0x08001258   0x08001258   0x00000038   Code   RO         7014    i.DwtClock_GetDwtCnt  dwtclock.o
    0x08001290   0x08001290   0x00000004   Code   RO         7044    i.DwtClock_OverflowProtect  dwtclock.o
    0x08001294   0x08001294   0x00000006   Code   RO           13    i.Error_Handler     main.o
    0x0800129a   0x0800129a   0x00000002   PAD
    0x0800129c   0x0800129c   0x00000220   Code   RO         3804    i.FDCAN_CalcultateRamBlockAddresses  stm32h7xx_hal_fdcan.o
    0x080014bc   0x080014bc   0x000000b8   Code   RO         1065    i.HAL_ADCEx_Calibration_Start  stm32h7xx_hal_adc_ex.o
    0x08001574   0x08001574   0x00000164   Code   RO         1085    i.HAL_ADCEx_MultiModeConfigChannel  stm32h7xx_hal_adc_ex.o
    0x080016d8   0x080016d8   0x00000544   Code   RO          811    i.HAL_ADC_ConfigChannel  stm32h7xx_hal_adc.o
    0x08001c1c   0x08001c1c   0x00000002   Code   RO          812    i.HAL_ADC_ConvCpltCallback  stm32h7xx_hal_adc.o
    0x08001c1e   0x08001c1e   0x00000002   Code   RO          813    i.HAL_ADC_ConvHalfCpltCallback  stm32h7xx_hal_adc.o
    0x08001c20   0x08001c20   0x00000002   Code   RO          815    i.HAL_ADC_ErrorCallback  stm32h7xx_hal_adc.o
    0x08001c22   0x08001c22   0x00000002   PAD
    0x08001c24   0x08001c24   0x0000028c   Code   RO          820    i.HAL_ADC_Init      stm32h7xx_hal_adc.o
    0x08001eb0   0x08001eb0   0x00000184   Code   RO          413    i.HAL_ADC_MspInit   adc.o
    0x08002034   0x08002034   0x00000134   Code   RO          827    i.HAL_ADC_Start_DMA  stm32h7xx_hal_adc.o
    0x08002168   0x08002168   0x000004dc   Code   RO         2046    i.HAL_DMA_Abort     stm32h7xx_hal_dma.o
    0x08002644   0x08002644   0x00000398   Code   RO         2047    i.HAL_DMA_Abort_IT  stm32h7xx_hal_dma.o
    0x080029dc   0x080029dc   0x00000520   Code   RO         2052    i.HAL_DMA_Init      stm32h7xx_hal_dma.o
    0x08002efc   0x08002efc   0x000003e0   Code   RO         2056    i.HAL_DMA_Start_IT  stm32h7xx_hal_dma.o
    0x080032dc   0x080032dc   0x00000028   Code   RO         2901    i.HAL_Delay         stm32h7xx_hal.o
    0x08003304   0x08003304   0x000002e0   Code   RO         3856    i.HAL_FDCAN_Init    stm32h7xx_hal_fdcan.o
    0x080035e4   0x080035e4   0x00000080   Code   RO          489    i.HAL_FDCAN_MspInit  fdcan.o
    0x08003664   0x08003664   0x000001fc   Code   RO         1894    i.HAL_GPIO_Init     stm32h7xx_hal_gpio.o
    0x08003860   0x08003860   0x0000000c   Code   RO         2912    i.HAL_GetREVID      stm32h7xx_hal.o
    0x0800386c   0x0800386c   0x0000000c   Code   RO         2913    i.HAL_GetTick       stm32h7xx_hal.o
    0x08003878   0x08003878   0x000000ac   Code   RO         4440    i.HAL_HRTIM_DeadTimeConfig  stm32h7xx_hal_hrtim.o
    0x08003924   0x08003924   0x00000108   Code   RO         4460    i.HAL_HRTIM_Init    stm32h7xx_hal_hrtim.o
    0x08003a2c   0x08003a2c   0x00000058   Code   RO          531    i.HAL_HRTIM_MspInit  hrtim.o
    0x08003a84   0x08003a84   0x0000009c   Code   RO          532    i.HAL_HRTIM_MspPostInit  hrtim.o
    0x08003b20   0x08003b20   0x0000003a   Code   RO         4506    i.HAL_HRTIM_TimeBaseConfig  stm32h7xx_hal_hrtim.o
    0x08003b5a   0x08003b5a   0x000001f8   Code   RO         4511    i.HAL_HRTIM_WaveformCompareConfig  stm32h7xx_hal_hrtim.o
    0x08003d52   0x08003d52   0x0000003c   Code   RO         4512    i.HAL_HRTIM_WaveformCountStart  stm32h7xx_hal_hrtim.o
    0x08003d8e   0x08003d8e   0x00000054   Code   RO         4520    i.HAL_HRTIM_WaveformOutputConfig  stm32h7xx_hal_hrtim.o
    0x08003de2   0x08003de2   0x00000040   Code   RO         4521    i.HAL_HRTIM_WaveformOutputStart  stm32h7xx_hal_hrtim.o
    0x08003e22   0x08003e22   0x000000b2   Code   RO         4524    i.HAL_HRTIM_WaveformTimerConfig  stm32h7xx_hal_hrtim.o
    0x08003ed4   0x08003ed4   0x00000018   Code   RO         2919    i.HAL_IncTick       stm32h7xx_hal.o
    0x08003eec   0x08003eec   0x00000060   Code   RO         2920    i.HAL_Init          stm32h7xx_hal.o
    0x08003f4c   0x08003f4c   0x00000058   Code   RO         2921    i.HAL_InitTick      stm32h7xx_hal.o
    0x08003fa4   0x08003fa4   0x00000024   Code   RO          779    i.HAL_MspInit       stm32h7xx_hal_msp.o
    0x08003fc8   0x08003fc8   0x00000028   Code   RO         2754    i.HAL_NVIC_EnableIRQ  stm32h7xx_hal_cortex.o
    0x08003ff0   0x08003ff0   0x0000007a   Code   RO         2760    i.HAL_NVIC_SetPriority  stm32h7xx_hal_cortex.o
    0x0800406a   0x0800406a   0x00000002   PAD
    0x0800406c   0x0800406c   0x00000028   Code   RO         2761    i.HAL_NVIC_SetPriorityGrouping  stm32h7xx_hal_cortex.o
    0x08004094   0x08004094   0x00000060   Code   RO         2495    i.HAL_PWREx_ConfigSupply  stm32h7xx_hal_pwr_ex.o
    0x080040f4   0x080040f4   0x00000024   Code   RO         1445    i.HAL_RCCEx_GetD3PCLK1Freq  stm32h7xx_hal_rcc_ex.o
    0x08004118   0x08004118   0x00000230   Code   RO         1446    i.HAL_RCCEx_GetPLL1ClockFreq  stm32h7xx_hal_rcc_ex.o
    0x08004348   0x08004348   0x00000230   Code   RO         1447    i.HAL_RCCEx_GetPLL2ClockFreq  stm32h7xx_hal_rcc_ex.o
    0x08004578   0x08004578   0x00000230   Code   RO         1448    i.HAL_RCCEx_GetPLL3ClockFreq  stm32h7xx_hal_rcc_ex.o
    0x080047a8   0x080047a8   0x000008b0   Code   RO         1450    i.HAL_RCCEx_GetPeriphCLKFreq  stm32h7xx_hal_rcc_ex.o
    0x08005058   0x08005058   0x00000d68   Code   RO         1454    i.HAL_RCCEx_PeriphCLKConfig  stm32h7xx_hal_rcc_ex.o
    0x08005dc0   0x08005dc0   0x00000320   Code   RO         1330    i.HAL_RCC_ClockConfig  stm32h7xx_hal_rcc.o
    0x080060e0   0x080060e0   0x0000004c   Code   RO         1335    i.HAL_RCC_GetHCLKFreq  stm32h7xx_hal_rcc.o
    0x0800612c   0x0800612c   0x00000024   Code   RO         1337    i.HAL_RCC_GetPCLK1Freq  stm32h7xx_hal_rcc.o
    0x08006150   0x08006150   0x00000024   Code   RO         1338    i.HAL_RCC_GetPCLK2Freq  stm32h7xx_hal_rcc.o
    0x08006174   0x08006174   0x0000022c   Code   RO         1339    i.HAL_RCC_GetSysClockFreq  stm32h7xx_hal_rcc.o
    0x080063a0   0x080063a0   0x00000858   Code   RO         1342    i.HAL_RCC_OscConfig  stm32h7xx_hal_rcc.o
    0x08006bf8   0x08006bf8   0x00000034   Code   RO         2765    i.HAL_SYSTICK_Config  stm32h7xx_hal_cortex.o
    0x08006c2c   0x08006c2c   0x00000002   Code   RO         5881    i.HAL_TIMEx_Break2Callback  stm32h7xx_hal_tim_ex.o
    0x08006c2e   0x08006c2e   0x00000002   Code   RO         5882    i.HAL_TIMEx_BreakCallback  stm32h7xx_hal_tim_ex.o
    0x08006c30   0x08006c30   0x00000002   Code   RO         5883    i.HAL_TIMEx_CommutCallback  stm32h7xx_hal_tim_ex.o
    0x08006c32   0x08006c32   0x00000002   PAD
    0x08006c34   0x08006c34   0x000000b4   Code   RO         5885    i.HAL_TIMEx_ConfigBreakDeadTime  stm32h7xx_hal_tim_ex.o
    0x08006ce8   0x08006ce8   0x000000cc   Code   RO         5903    i.HAL_TIMEx_MasterConfigSynchronization  stm32h7xx_hal_tim_ex.o
    0x08006db4   0x08006db4   0x0000006e   Code   RO         5156    i.HAL_TIM_Base_Init  stm32h7xx_hal_tim.o
    0x08006e22   0x08006e22   0x00000002   PAD
    0x08006e24   0x08006e24   0x00000044   Code   RO          579    i.HAL_TIM_Base_MspInit  tim.o
    0x08006e68   0x08006e68   0x000000a8   Code   RO         5159    i.HAL_TIM_Base_Start  stm32h7xx_hal_tim.o
    0x08006f10   0x08006f10   0x000000b4   Code   RO         5161    i.HAL_TIM_Base_Start_IT  stm32h7xx_hal_tim.o
    0x08006fc4   0x08006fc4   0x00000032   Code   RO         5162    i.HAL_TIM_Base_Stop  stm32h7xx_hal_tim.o
    0x08006ff6   0x08006ff6   0x0000003e   Code   RO         5164    i.HAL_TIM_Base_Stop_IT  stm32h7xx_hal_tim.o
    0x08007034   0x08007034   0x00000002   Code   RO         5190    i.HAL_TIM_IC_CaptureCallback  stm32h7xx_hal_tim.o
    0x08007036   0x08007036   0x000001b8   Code   RO         5204    i.HAL_TIM_IRQHandler  stm32h7xx_hal_tim.o
    0x080071ee   0x080071ee   0x00000002   PAD
    0x080071f0   0x080071f0   0x00000060   Code   RO          580    i.HAL_TIM_MspPostInit  tim.o
    0x08007250   0x08007250   0x00000002   Code   RO         5207    i.HAL_TIM_OC_DelayElapsedCallback  stm32h7xx_hal_tim.o
    0x08007252   0x08007252   0x00000170   Code   RO         5228    i.HAL_TIM_PWM_ConfigChannel  stm32h7xx_hal_tim.o
    0x080073c2   0x080073c2   0x0000006e   Code   RO         5231    i.HAL_TIM_PWM_Init  stm32h7xx_hal_tim.o
    0x08007430   0x08007430   0x00000030   Code   RO          582    i.HAL_TIM_PWM_MspInit  tim.o
    0x08007460   0x08007460   0x00000002   Code   RO         5234    i.HAL_TIM_PWM_PulseFinishedCallback  stm32h7xx_hal_tim.o
    0x08007462   0x08007462   0x00000002   PAD
    0x08007464   0x08007464   0x00000014   Code   RO          688    i.HAL_TIM_PeriodElapsedCallback  stm32h7xx_it.o
    0x08007478   0x08007478   0x00000002   Code   RO         5247    i.HAL_TIM_TriggerCallback  stm32h7xx_hal_tim.o
    0x0800747a   0x0800747a   0x0000004e   Code   RO         6597    i.HAL_UARTEx_DisableFifoMode  stm32h7xx_hal_uart_ex.o
    0x080074c8   0x080074c8   0x00000002   Code   RO         6181    i.HAL_UARTEx_RxEventCallback  stm32h7xx_hal_uart.o
    0x080074ca   0x080074ca   0x00000002   Code   RO         6605    i.HAL_UARTEx_RxFifoFullCallback  stm32h7xx_hal_uart_ex.o
    0x080074cc   0x080074cc   0x0000005e   Code   RO         6606    i.HAL_UARTEx_SetRxFifoThreshold  stm32h7xx_hal_uart_ex.o
    0x0800752a   0x0800752a   0x0000005e   Code   RO         6607    i.HAL_UARTEx_SetTxFifoThreshold  stm32h7xx_hal_uart_ex.o
    0x08007588   0x08007588   0x00000002   Code   RO         6609    i.HAL_UARTEx_TxFifoEmptyCallback  stm32h7xx_hal_uart_ex.o
    0x0800758a   0x0800758a   0x00000002   Code   RO         6610    i.HAL_UARTEx_WakeupCallback  stm32h7xx_hal_uart_ex.o
    0x0800758c   0x0800758c   0x00000002   Code   RO         6197    i.HAL_UART_ErrorCallback  stm32h7xx_hal_uart.o
    0x0800758e   0x0800758e   0x00000002   PAD
    0x08007590   0x08007590   0x00000494   Code   RO         6200    i.HAL_UART_IRQHandler  stm32h7xx_hal_uart.o
    0x08007a24   0x08007a24   0x00000078   Code   RO         6201    i.HAL_UART_Init     stm32h7xx_hal_uart.o
    0x08007a9c   0x08007a9c   0x000000ac   Code   RO          645    i.HAL_UART_MspInit  usart.o
    0x08007b48   0x08007b48   0x00000002   Code   RO         6213    i.HAL_UART_TxCpltCallback  stm32h7xx_hal_uart.o
    0x08007b4a   0x08007b4a   0x00000080   Code   RO         4531    i.HRTIM_ForceRegistersUpdate  stm32h7xx_hal_hrtim.o
    0x08007bca   0x08007bca   0x00000028   Code   RO         4536    i.HRTIM_MasterBase_Config  stm32h7xx_hal_hrtim.o
    0x08007bf2   0x08007bf2   0x0000005c   Code   RO         4537    i.HRTIM_MasterWaveform_Config  stm32h7xx_hal_hrtim.o
    0x08007c4e   0x08007c4e   0x000000f2   Code   RO         4539    i.HRTIM_OutputConfig  stm32h7xx_hal_hrtim.o
    0x08007d40   0x08007d40   0x00000040   Code   RO         4542    i.HRTIM_TimingUnitBase_Config  stm32h7xx_hal_hrtim.o
    0x08007d80   0x08007d80   0x000001e2   Code   RO         4543    i.HRTIM_TimingUnitWaveform_Config  stm32h7xx_hal_hrtim.o
    0x08007f62   0x08007f62   0x00000002   PAD
    0x08007f64   0x08007f64   0x0000014c   Code   RO         7162    i.HRpwm_Init        hrpwm.o
    0x080080b0   0x080080b0   0x0000006a   Code   RO         7180    i.HRpwm_SetDuty     hrpwm.o
    0x0800811a   0x0800811a   0x00000004   Code   RO          689    i.HardFault_Handler  stm32h7xx_it.o
    0x0800811e   0x0800811e   0x00000002   PAD
    0x08008120   0x08008120   0x00000010   Code   RO          832    i.LL_ADC_Enable     stm32h7xx_hal_adc.o
    0x08008130   0x08008130   0x0000000a   Code   RO          834    i.LL_ADC_GetMultimode  stm32h7xx_hal_adc.o
    0x0800813a   0x0800813a   0x0000000a   Code   RO          835    i.LL_ADC_INJ_IsConversionOngoing  stm32h7xx_hal_adc.o
    0x08008144   0x08008144   0x0000000a   Code   RO          836    i.LL_ADC_IsDisableOngoing  stm32h7xx_hal_adc.o
    0x0800814e   0x0800814e   0x0000000a   Code   RO          837    i.LL_ADC_IsEnabled  stm32h7xx_hal_adc.o
    0x08008158   0x08008158   0x0000000a   Code   RO         1098    i.LL_ADC_IsEnabled  stm32h7xx_hal_adc_ex.o
    0x08008162   0x08008162   0x0000000a   Code   RO          838    i.LL_ADC_IsInternalRegulatorEnabled  stm32h7xx_hal_adc.o
    0x0800816c   0x0800816c   0x0000000a   Code   RO          839    i.LL_ADC_REG_IsConversionOngoing  stm32h7xx_hal_adc.o
    0x08008176   0x08008176   0x0000000a   Code   RO         1099    i.LL_ADC_REG_IsConversionOngoing  stm32h7xx_hal_adc_ex.o
    0x08008180   0x08008180   0x00000012   Code   RO          840    i.LL_ADC_REG_IsTriggerSourceSWStart  stm32h7xx_hal_adc.o
    0x08008192   0x08008192   0x00000002   PAD
    0x08008194   0x08008194   0x00000010   Code   RO          841    i.LL_ADC_REG_StartConversion  stm32h7xx_hal_adc.o
    0x080081a4   0x080081a4   0x00000028   Code   RO          843    i.LL_ADC_SetChannelSamplingTime  stm32h7xx_hal_adc.o
    0x080081cc   0x080081cc   0x0000000c   Code   RO          844    i.LL_ADC_SetCommonPathInternalCh  stm32h7xx_hal_adc.o
    0x080081d8   0x080081d8   0x000000b0   Code   RO          414    i.MX_ADC1_Init      adc.o
    0x08008288   0x08008288   0x00000098   Code   RO          415    i.MX_ADC2_Init      adc.o
    0x08008320   0x08008320   0x00000024   Code   RO          461    i.MX_DMA_Init       dma.o
    0x08008344   0x08008344   0x00000070   Code   RO          490    i.MX_FDCAN1_Init    fdcan.o
    0x080083b4   0x080083b4   0x0000008c   Code   RO          266    i.MX_GPIO_Init      gpio.o
    0x08008440   0x08008440   0x000001f4   Code   RO          533    i.MX_HRTIM_Init     hrtim.o
    0x08008634   0x08008634   0x000000e0   Code   RO          583    i.MX_TIM1_Init      tim.o
    0x08008714   0x08008714   0x0000004c   Code   RO          584    i.MX_TIM7_Init      tim.o
    0x08008760   0x08008760   0x0000006c   Code   RO          646    i.MX_USART1_UART_Init  usart.o
    0x080087cc   0x080087cc   0x00000004   Code   RO          690    i.MemManage_Handler  stm32h7xx_it.o
    0x080087d0   0x080087d0   0x00000004   Code   RO          691    i.NMI_Handler       stm32h7xx_it.o
    0x080087d4   0x080087d4   0x00000002   Code   RO          692    i.PendSV_Handler    stm32h7xx_it.o
    0x080087d6   0x080087d6   0x0000004a   Code   RO           14    i.PeriphCommonClock_Config  main.o
    0x08008820   0x08008820   0x00000098   Code   RO         7226    i.Pid_Calculate     pid.o
    0x080088b8   0x080088b8   0x00000164   Code   RO         1457    i.RCCEx_PLL2_Config  stm32h7xx_hal_rcc_ex.o
    0x08008a1c   0x08008a1c   0x00000164   Code   RO         1458    i.RCCEx_PLL3_Config  stm32h7xx_hal_rcc_ex.o
    0x08008b80   0x08008b80   0x00000002   Code   RO          693    i.SVC_Handler       stm32h7xx_it.o
    0x08008b82   0x08008b82   0x00000002   PAD
    0x08008b84   0x08008b84   0x0000002e   Code   RO         7323    i.Sampler_GetValue  sampler.o
    0x08008bb2   0x08008bb2   0x0000001a   Code   RO         7324    i.Sampler_GetValueMapped  sampler.o
    0x08008bcc   0x08008bcc   0x00000008   Code   RO          694    i.SysTick_Handler   stm32h7xx_it.o
    0x08008bd4   0x08008bd4   0x00000134   Code   RO           15    i.SystemClock_Config  main.o
    0x08008d08   0x08008d08   0x000000fc   Code   RO         6721    i.SystemInit        system_stm32h7xx.o
    0x08008e04   0x08008e04   0x00000010   Code   RO          695    i.TIM7_IRQHandler   stm32h7xx_it.o
    0x08008e14   0x08008e14   0x000000cc   Code   RO         5249    i.TIM_Base_SetConfig  stm32h7xx_hal_tim.o
    0x08008ee0   0x08008ee0   0x000000ac   Code   RO         5262    i.TIM_OC1_SetConfig  stm32h7xx_hal_tim.o
    0x08008f8c   0x08008f8c   0x000000b4   Code   RO         5263    i.TIM_OC2_SetConfig  stm32h7xx_hal_tim.o
    0x08009040   0x08009040   0x000000b4   Code   RO         5264    i.TIM_OC3_SetConfig  stm32h7xx_hal_tim.o
    0x080090f4   0x080090f4   0x00000074   Code   RO         5265    i.TIM_OC4_SetConfig  stm32h7xx_hal_tim.o
    0x08009168   0x08009168   0x00000070   Code   RO         5266    i.TIM_OC5_SetConfig  stm32h7xx_hal_tim.o
    0x080091d8   0x080091d8   0x00000070   Code   RO         5267    i.TIM_OC6_SetConfig  stm32h7xx_hal_tim.o
    0x08009248   0x08009248   0x00000032   Code   RO         7356    i.TimedInterrupt_AddTask  timedinterrupt.o
    0x0800927a   0x0800927a   0x00000060   Code   RO         7357    i.TimedInterrupt_Callback_TIM  timedinterrupt.o
    0x080092da   0x080092da   0x00000002   PAD
    0x080092dc   0x080092dc   0x00000058   Code   RO         6611    i.UARTEx_SetNbDataToProcess  stm32h7xx_hal_uart_ex.o
    0x08009334   0x08009334   0x000000f8   Code   RO         6215    i.UART_AdvFeatureConfig  stm32h7xx_hal_uart.o
    0x0800942c   0x0800942c   0x000000ea   Code   RO         6216    i.UART_CheckIdleState  stm32h7xx_hal_uart.o
    0x08009516   0x08009516   0x00000018   Code   RO         6217    i.UART_DMAAbortOnError  stm32h7xx_hal_uart.o
    0x0800952e   0x0800952e   0x00000002   PAD
    0x08009530   0x08009530   0x0000006c   Code   RO         6227    i.UART_EndRxTransfer  stm32h7xx_hal_uart.o
    0x0800959c   0x0800959c   0x00000030   Code   RO         6228    i.UART_EndTransmit_IT  stm32h7xx_hal_uart.o
    0x080095cc   0x080095cc   0x0000058c   Code   RO         6234    i.UART_SetConfig    stm32h7xx_hal_uart.o
    0x08009b58   0x08009b58   0x000000a2   Code   RO         6241    i.UART_WaitOnFlagUntilTimeout  stm32h7xx_hal_uart.o
    0x08009bfa   0x08009bfa   0x00000002   PAD
    0x08009bfc   0x08009bfc   0x00000010   Code   RO          696    i.USART1_IRQHandler  stm32h7xx_it.o
    0x08009c0c   0x08009c0c   0x00000004   Code   RO          697    i.UsageFault_Handler  stm32h7xx_it.o
    0x08009c10   0x08009c10   0x00000012   Code   RO         7204    i._Pid_Abs          pid.o
    0x08009c22   0x08009c22   0x00000020   Code   RO         7205    i._Pid_Limit        pid.o
    0x08009c42   0x08009c42   0x00000024   Code   RO         7362    i._TimedInterrupt_Shutdown  timedinterrupt.o
    0x08009c66   0x08009c66   0x0000001a   Code   RO         7363    i._TimedInterrupt_Start  timedinterrupt.o
    0x08009c80   0x08009c80   0x00000010   Code   RO         2767    i.__NVIC_GetPriorityGrouping  stm32h7xx_hal_cortex.o
    0x08009c90   0x08009c90   0x00000028   Code   RO         2768    i.__NVIC_SetPriority  stm32h7xx_hal_cortex.o
    0x08009cb8   0x08009cb8   0x0000003e   Code   RO           16    i.main              main.o
    0x08009cf6   0x08009cf6   0x0000000a   Code   RO         7838    x$fpl$fpinit        fz_wv.l(fpinit.o)
    0x08009d00   0x08009d00   0x00000008   Data   RO         2058    .constdata          stm32h7xx_hal_dma.o
    0x08009d08   0x08009d08   0x0000005c   Data   RO         3904    .constdata          stm32h7xx_hal_fdcan.o
    0x08009d64   0x08009d64   0x00000018   Data   RO         6242    .constdata          stm32h7xx_hal_uart.o
    0x08009d7c   0x08009d7c   0x00000010   Data   RO         6613    .constdata          stm32h7xx_hal_uart_ex.o
    0x08009d8c   0x08009d8c   0x00000010   Data   RO         6722    .constdata          system_stm32h7xx.o
    0x08009d9c   0x08009d9c   0x00000140   Data   RO         7460    .constdata          control.o
    0x08009edc   0x08009edc   0x00000020   Data   RO         7927    Region$$Table       anon$$obj.o


    Execution Region RW_IRAM1 (Exec base: 0x20000000, Load base: 0x08009efc, Size: 0x00000000, Max: 0x00020000, ABSOLUTE)

    **** No section assigned to this execution region ****


    Execution Region RW_IRAM2 (Exec base: 0x24000000, Load base: 0x08009efc, Size: 0x00000c30, Max: 0x00080000, ABSOLUTE)

    Exec Addr    Load Addr    Size         Type   Attr      Idx    E Section Name        Object

    0x24000000   0x08009efc   0x00000004   Data   RW          417    .data               adc.o
    0x24000004   0x08009f00   0x00000009   Data   RW         2942    .data               stm32h7xx_hal.o
    0x2400000d   0x08009f09   0x00000003   PAD
    0x24000010   0x08009f0c   0x00000008   Data   RW         6723    .data               system_stm32h7xx.o
    0x24000018   0x08009f14   0x00000010   Data   RW         6990    .data               dwtclock.o
    0x24000028   0x08009f24   0x00000004   Data   RW         7056    .data__ZZ18DwtClock_GetDwtCntE10lastDwtCnt  dwtclock.o
    0x2400002c        -       0x000001b8   Zero   RW          416    .bss                adc.o
    0x240001e4        -       0x000000a0   Zero   RW          491    .bss                fdcan.o
    0x24000284        -       0x000000dc   Zero   RW          534    .bss                hrtim.o
    0x24000360        -       0x00000098   Zero   RW          585    .bss                tim.o
    0x240003f8        -       0x00000094   Zero   RW          647    .bss                usart.o
    0x2400048c        -       0x00000010   Zero   RW         7426    .bss                config.o
    0x2400049c        -       0x00000010   Zero   RW         7427    .bss                config.o
    0x240004ac        -       0x000000c4   Zero   RW         7428    .bss                config.o
    0x24000570        -       0x0000005c   Zero   RW         7429    .bss                config.o
    0x240005cc        -       0x00000060   Zero   RW         7802    .bss                c_w.l(libspace.o)
    0x2400062c   0x08009f28   0x00000004   PAD
    0x24000630        -       0x00000200   Zero   RW            2    HEAP                startup_stm32h743xx.o
    0x24000830        -       0x00000400   Zero   RW            1    STACK               startup_stm32h743xx.o


==============================================================================

Image component sizes


      Code (inc. data)   RO Data    RW Data    ZI Data      Debug   Object Name

       716         58          0          4        440       2858   adc.o
       114          6          0          0          0       2200   adc_bsp.o
       116          0          0          0          0       1634   channel.o
         0          0          0          0        320        677   config.o
       176         36        320          0          0       1758   control.o
        36          4          0          0          0        770   dma.o
        60         12          0         20          0       1736   dwtclock.o
       240         22          0          0        160       1767   fdcan.o
       140          4          0          0          0    1420864   gpio.o
       438          8          0          0          0       2353   hrpwm.o
       744         34          0          0        220       2901   hrtim.o
       450         12          0          0          0    1367079   main.o
       202          4          0          0          0       2818   pid.o
        72          0          0          0          0       2104   sampler.o
        64         26        664          0       1536        852   startup_stm32h743xx.o
       272         52          0          9          0      23372   stm32h7xx_hal.o
      3374        232          0          0          0      78936   stm32h7xx_hal_adc.o
       560         30          0          0          0      64149   stm32h7xx_hal_adc_ex.o
       310         22          0          0          0      40119   stm32h7xx_hal_cortex.o
      5854        134          8          0          0      11021   stm32h7xx_hal_dma.o
      1280         18         92          0          0       4541   stm32h7xx_hal_fdcan.o
       508         52          0          0          0       1472   stm32h7xx_hal_gpio.o
      2432         30          0          0          0      12789   stm32h7xx_hal_hrtim.o
        36          4          0          0          0        830   stm32h7xx_hal_msp.o
        96          6          0          0          0        781   stm32h7xx_hal_pwr_ex.o
      3640        114          0          0          0       6956   stm32h7xx_hal_rcc.o
      8084        186          0          0          0      10899   stm32h7xx_hal_rcc_ex.o
      2572        252          0          0          0      14262   stm32h7xx_hal_tim.o
       390         38          0          0          0       4052   stm32h7xx_hal_tim_ex.o
      3542        148         24          0          0      30640   stm32h7xx_hal_uart.o
       360         10         16          0          0       5498   stm32h7xx_hal_uart_ex.o
        86         18          0          0          0       6228   stm32h7xx_it.o
       252         40         16          8          0       1322   system_stm32h7xx.o
       512         48          0          0        152       3659   tim.o
       208          0          0          0          0       4356   timedinterrupt.o
       280         22          0          0        148       1826   usart.o

    ----------------------------------------------------------------------
     38254       1682       1172         44       2976    3140079   Object Totals
         0          0         32          0          0          0   (incl. Generated)
        38          0          0          3          0          0   (incl. Padding)

    ----------------------------------------------------------------------

      Code (inc. data)   RO Data    RW Data    ZI Data      Debug   Library Member Name

         8          0          0          0          0         68   __main.o
         0          0          0          0          0          0   __rtentry.o
        12          0          0          0          0          0   __rtentry2.o
         6          0          0          0          0          0   __rtentry4.o
        52          8          0          0          0          0   __scatter.o
        26          0          0          0          0          0   __scatter_copy.o
        28          0          0          0          0          0   __scatter_zi.o
        10          0          0          0          0         68   defsig_exit.o
        50          0          0          0          0         88   defsig_general.o
        80         58          0          0          0         76   defsig_rtmem_inner.o
        14          0          0          0          0         80   defsig_rtmem_outer.o
        18          0          0          0          0         80   exit.o
        94          0          0          0          0         80   h1_alloc.o
        52          0          0          0          0         68   h1_extend.o
        78          0          0          0          0         80   h1_free.o
        14          0          0          0          0         84   h1_init.o
         6          0          0          0          0        152   heapauxi.o
         4          0          0          0          0        136   hguard.o
         0          0          0          0          0          0   indicate_semi.o
       138          0          0          0          0        168   init_alloc.o
         2          0          0          0          0          0   libinit.o
        14          0          0          0          0          0   libinit2.o
         2          0          0          0          0          0   libshutdown.o
         2          0          0          0          0          0   libshutdown2.o
         8          4          0          0         96         68   libspace.o
       238          0          0          0          0        100   lludivv7m.o
         0          0          0          0          0          0   maybetermalloc1.o
         8          4          0          0          0         68   rt_heap_descriptor_intlibspace.o
        78          0          0          0          0         80   rt_memclr_w.o
       100          0          0          0          0         80   rt_memcpy_w.o
         2          0          0          0          0          0   rtexit.o
        10          0          0          0          0          0   rtexit2.o
        12          4          0          0          0         68   sys_exit.o
        74          0          0          0          0         80   sys_stackheap_outer.o
        14          0          0          0          0         76   sys_wrch.o
         2          0          0          0          0         68   use_no_semi.o
        10          0          0          0          0        116   fpinit.o

    ----------------------------------------------------------------------
      1274         78          0          0        100       2032   Library Totals
         8          0          0          0          4          0   (incl. Padding)

    ----------------------------------------------------------------------

      Code (inc. data)   RO Data    RW Data    ZI Data      Debug   Library Name

      1256         78          0          0         96       1916   c_w.l
        10          0          0          0          0        116   fz_wv.l

    ----------------------------------------------------------------------
      1274         78          0          0        100       2032   Library Totals

    ----------------------------------------------------------------------

==============================================================================


      Code (inc. data)   RO Data    RW Data    ZI Data      Debug   

     39528       1760       1172         44       3076    3124423   Grand Totals
     39528       1760       1172         44       3076    3124423   ELF Image Totals
     39528       1760       1172         44          0          0   ROM Totals

==============================================================================

    Total RO  Size (Code + RO Data)                40700 (  39.75kB)
    Total RW  Size (RW Data + ZI Data)              3120 (   3.05kB)
    Total ROM Size (Code + RO Data + RW Data)      40744 (  39.79kB)

==============================================================================

